
> iob-governance@0.0.1 build
> nest build

Found 5 error(s).

