
> iob-governance@0.0.1 build
> nest build

node.exe : [96mclient
/src/App.tsx[0m:[93m
2[0m:[93m23[0m - 
[91merror[0m[90m 
TS2835: [0mRelative 
import paths need 
explicit file 
extensions in 
ECMAScript imports 
when 
'--moduleResolution' 
is 'node16' or 
'nodenext'. Did you 
mean './components/lay
out/Shell.js'?
At line:1 char:1
+ & "C:\Program Files\
nodejs/node.exe" "C:\U
sers\Acer\AppData\Roam
ing\n ...
+ ~~~~~~~~~~~~~~~~~~~~
~~~~~~~~~~~~~~~~~~~~~~
~~~~~~~~~~~~~~~~~~~~~~
~~~~~
    + CategoryInfo    
          : NotSpeci  
  fied: ([96mclien   
 t/src...yout/Shel    
l.js'?:String) []    
, RemoteException
    + FullyQualifiedE 
   rrorId : NativeCo  
  mmandError
 

[7m2[0m import { 
Shell } from './compon
ents/layout/Shell';
[7m [0m [91m       
               ~~~~~~~
~~~~~~~~~~~~~~~~~~~~[
0m
[96mclient/src/App.ts
x[0m:[93m3[0m:[93m
23[0m - 
[91merror[0m[90m 
TS2835: [0mRelative 
import paths need 
explicit file 
extensions in 
ECMAScript imports 
when 
'--moduleResolution' 
is 'node16' or 
'nodenext'. Did you 
mean 
'./pages/Inbox.js'?

[7m3[0m import { 
Inbox } from 
'./pages/Inbox';
[7m [0m [91m       
               
~~~~~~~~~~~~~~~[0m
[96mclient/src/App.ts
x[0m:[93m4[0m:[93m
29[0m - 
[91merror[0m[90m 
TS2835: [0mRelative 
import paths need 
explicit file 
extensions in 
ECMAScript imports 
when 
'--moduleResolution' 
is 'node16' or 
'nodenext'. Did you 
mean './pages/Departme
nts.js'?

[7m4[0m import { 
Departments } from 
'./pages/Departments';
[7m [0m [91m       
                     ~
~~~~~~~~~~~~~~~~~~~~[
0m
[96mclient/src/App.ts
x[0m:[93m5[0m:[93m
26[0m - 
[91merror[0m[90m 
TS2835: [0mRelative 
import paths need 
explicit file 
extensions in 
ECMAScript imports 
when 
'--moduleResolution' 
is 'node16' or 
'nodenext'. Did you 
mean 
'./pages/DoARules.js'?

[7m5[0m import { 
DoARules } from 
'./pages/DoARules';
[7m [0m [91m       
                  
~~~~~~~~~~~~~~~~~~[0m
[96mclient/src/App.ts
x[0m:[93m6[0m:[93m
30[0m - 
[91merror[0m[90m 
TS2835: [0mRelative 
import paths need 
explicit file 
extensions in 
ECMAScript imports 
when 
'--moduleResolution' 
is 'node16' or 
'nodenext'. Did you 
mean './pages/MISDashb
oard.js'?

[7m6[0m import { 
MISDashboard } from '.
/pages/MISDashboard';
[7m [0m [91m       
                      
~~~~~~~~~~~~~~~~~~~~~~
[0m
[96mclient/src/App.ts
x[0m:[93m7[0m:[93m
34[0m - 
[91merror[0m[90m 
TS2835: [0mRelative 
import paths need 
explicit file 
extensions in 
ECMAScript imports 
when 
'--moduleResolution' 
is 'node16' or 
'nodenext'. Did you 
mean './pages/Business
Snapshot.js'?

[7m7[0m import { 
BusinessSnapshot } 
from './pages/Business
Snapshot';
[7m [0m [91m       
                      
    ~~~~~~~~~~~~~~~~~~
~~~~~~~~[0m
[96mclient/src/App.ts
x[0m:[93m8[0m:[93m
38[0m - 
[91merror[0m[90m 
TS2835: [0mRelative 
import paths need 
explicit file 
extensions in 
ECMAScript imports 
when 
'--moduleResolution' 
is 'node16' or 
'nodenext'. Did you 
mean './pages/Negative
ParameterMIS.js'?

[7m8[0m import { 
NegativeParameterMIS 
} from './pages/Negati
veParameterMIS';
[7m [0m [91m       
                      
        ~~~~~~~~~~~~~~
~~~~~~~~~~~~~~~~[0m
[96mclient/src/App.ts
x[0m:[93m9[0m:[93m
34[0m - 
[91merror[0m[90m 
TS2835: [0mRelative 
import paths need 
explicit file 
extensions in 
ECMAScript imports 
when 
'--moduleResolution' 
is 'node16' or 
'nodenext'. Did you 
mean './pages/Paramete
rMapping.js'?

[7m9[0m import { 
ParameterMapping } 
from './pages/Paramete
rMapping';
[7m [0m [91m       
                      
    ~~~~~~~~~~~~~~~~~~
~~~~~~~~[0m
[96mclient/src/App.ts
x[0m:[93m10[0m:[93
m35[0m - 
[91merror[0m[90m 
TS2835: [0mRelative 
import paths need 
explicit file 
extensions in 
ECMAScript imports 
when 
'--moduleResolution' 
is 'node16' or 
'nodenext'. Did you 
mean './pages/Calendar
Dashboard.js'?

[7m10[0m import { 
CalendarDashboard } 
from './pages/Calendar
Dashboard';
[7m  [0m [91m      
                      
      ~~~~~~~~~~~~~~~~
~~~~~~~~~~~[0m
[96mclient/src/App.ts
x[0m:[93m11[0m:[93
m34[0m - 
[91merror[0m[90m 
TS2835: [0mRelative 
import paths need 
explicit file 
extensions in 
ECMAScript imports 
when 
'--moduleResolution' 
is 'node16' or 
'nodenext'. Did you 
mean './pages/AgendaMa
nagement.js'?

[7m11[0m import { 
AgendaManagement } 
from './pages/AgendaMa
nagement';
[7m  [0m [91m      
                      
     ~~~~~~~~~~~~~~~~~
~~~~~~~~~[0m
[96mclient/src/App.ts
x[0m:[93m12[0m:[93
m32[0m - 
[91merror[0m[90m 
TS2835: [0mRelative 
import paths need 
explicit file 
extensions in 
ECMAScript imports 
when 
'--moduleResolution' 
is 'node16' or 
'nodenext'. Did you 
mean './pages/CreateDe
cision.js'?

[7m12[0m import { 
CreateDecision } from 
'./pages/CreateDecisio
n';
[7m  [0m [91m      
                      
   ~~~~~~~~~~~~~~~~~~~
~~~~~[0m
[96mclient/src/App.ts
x[0m:[93m16[0m:[93
m5[0m - 
[91merror[0m[90m 
TS17004: [0mCannot 
use JSX unless the 
'--jsx' flag is 
provided.

[7m16[0m     
<BrowserRouter>
[7m  [0m [91m    
~~~~~~~~~~~~~~~[0m
[96mclient/src/App.ts
x[0m:[93m17[0m:[93
m7[0m - 
[91merror[0m[90m 
TS17004: [0mCannot 
use JSX unless the 
'--jsx' flag is 
provided.

[7m17[0m       
<Routes>
[7m  [0m [91m      
~~~~~~~~[0m
[96mclient/src/App.ts
x[0m:[93m18[0m:[93
m9[0m - 
[91merror[0m[90m 
TS17004: [0mCannot 
use JSX unless the 
'--jsx' flag is 
provided.

[7m18[0m         
<Route 
element={<Shell />}>
[7m  [0m [91m      
  ~~~~~~~~~~~~~~~~~~~~
~~~~~~~[0m
[96mclient/src/App.ts
x[0m:[93m18[0m:[93
m25[0m - 
[91merror[0m[90m 
TS17004: [0mCannot 
use JSX unless the 
'--jsx' flag is 
provided.

[7m18[0m         
<Route 
element={<Shell />}>
[7m  [0m [91m      
                  
~~~~~~~~~[0m
[96mclient/src/App.ts
x[0m:[93m19[0m:[93
m11[0m - 
[91merror[0m[90m 
TS17004: [0mCannot 
use JSX unless the 
'--jsx' flag is 
provided.

[7m19[0m           
<Route path="/" 
element={<Inbox />} />
[7m  [0m [91m      
    ~~~~~~~~~~~~~~~~~~
~~~~~~~~~~~~~~~~~~~~[
0m
[96mclient/src/App.ts
x[0m:[93m19[0m:[93
m36[0m - 
[91merror[0m[90m 
TS17004: [0mCannot 
use JSX unless the 
'--jsx' flag is 
provided.

[7m19[0m           
<Route path="/" 
element={<Inbox />} />
[7m  [0m [91m      
                      
       ~~~~~~~~~[0m
[96mclient/src/App.ts
x[0m:[93m20[0m:[93
m11[0m - 
[91merror[0m[90m 
TS17004: [0mCannot 
use JSX unless the 
'--jsx' flag is 
provided.

[7m20[0m           
<Route 
path="/decisions/new" 
element={<CreateDecisi
on />} />
[7m  [0m [91m      
    ~~~~~~~~~~~~~~~~~~
~~~~~~~~~~~~~~~~~~~~~~
~~~~~~~~~~~~~~~~~~~~[
0m
[96mclient/src/App.ts
x[0m:[93m20[0m:[93
m49[0m - 
[91merror[0m[90m 
TS17004: [0mCannot 
use JSX unless the 
'--jsx' flag is 
provided.

[7m20[0m           
<Route 
path="/decisions/new" 
element={<CreateDecisi
on />} />
[7m  [0m [91m      
                      
                    
~~~~~~~~~~~~~~~~~~[0m
[96mclient/src/App.ts
x[0m:[93m21[0m:[93
m11[0m - 
[91merror[0m[90m 
TS17004: [0mCannot 
use JSX unless the 
'--jsx' flag is 
provided.

[7m21[0m           
<Route 
path="/departments" 
element={<Departments 
/>} />
[7m  [0m [91m      
    ~~~~~~~~~~~~~~~~~~
~~~~~~~~~~~~~~~~~~~~~~
~~~~~~~~~~~~~~~[0m
[96mclient/src/App.ts
x[0m:[93m21[0m:[93
m47[0m - 
[91merror[0m[90m 
TS17004: [0mCannot 
use JSX unless the 
'--jsx' flag is 
provided.

[7m21[0m           
<Route 
path="/departments" 
element={<Departments 
/>} />
[7m  [0m [91m      
                      
                  
~~~~~~~~~~~~~~~[0m
[96mclient/src/App.ts
x[0m:[93m22[0m:[93
m11[0m - 
[91merror[0m[90m 
TS17004: [0mCannot 
use JSX unless the 
'--jsx' flag is 
provided.

[7m22[0m           
<Route path="/doa" 
element={<DoARules 
/>} />
[7m  [0m [91m      
    ~~~~~~~~~~~~~~~~~~
~~~~~~~~~~~~~~~~~~~~~~
~~~~[0m
[96mclient/src/App.ts
x[0m:[93m22[0m:[93
m39[0m - 
[91merror[0m[90m 
TS17004: [0mCannot 
use JSX unless the 
'--jsx' flag is 
provided.

[7m22[0m           
<Route path="/doa" 
element={<DoARules 
/>} />
[7m  [0m [91m      
                      
          
~~~~~~~~~~~~[0m
[96mclient/src/App.ts
x[0m:[93m23[0m:[93
m11[0m - 
[91merror[0m[90m 
TS17004: [0mCannot 
use JSX unless the 
'--jsx' flag is 
provided.

[7m23[0m           
<Route path="/mis" ele
ment={<MISDashboard 
/>} />
[7m  [0m [91m      
    ~~~~~~~~~~~~~~~~~~
~~~~~~~~~~~~~~~~~~~~~~
~~~~~~~~[0m
[96mclient/src/App.ts
x[0m:[93m23[0m:[93
m39[0m - 
[91merror[0m[90m 
TS17004: [0mCannot 
use JSX unless the 
'--jsx' flag is 
provided.

[7m23[0m           
<Route path="/mis" ele
ment={<MISDashboard 
/>} />
[7m  [0m [91m      
                      
          
~~~~~~~~~~~~~~~~[0m
[96mclient/src/App.ts
x[0m:[93m24[0m:[93
m11[0m - 
[91merror[0m[90m 
TS17004: [0mCannot 
use JSX unless the 
'--jsx' flag is 
provided.

[7m24[0m           
<Route 
path="/snapshot" eleme
nt={<BusinessSnapshot 
/>} />
[7m  [0m [91m      
    ~~~~~~~~~~~~~~~~~~
~~~~~~~~~~~~~~~~~~~~~~
~~~~~~~~~~~~~~~~~[0m
[96mclient/src/App.ts
x[0m:[93m24[0m:[93
m44[0m - 
[91merror[0m[90m 
TS17004: [0mCannot 
use JSX unless the 
'--jsx' flag is 
provided.

[7m24[0m           
<Route 
path="/snapshot" eleme
nt={<BusinessSnapshot 
/>} />
[7m  [0m [91m      
                      
               ~~~~~~~
~~~~~~~~~~~~~[0m
[96mclient/src/App.ts
x[0m:[93m25[0m:[93
m11[0m - 
[91merror[0m[90m 
TS17004: [0mCannot 
use JSX unless the 
'--jsx' flag is 
provided.

[7m25[0m           
<Route path="/negative
-parameters" element={
<NegativeParameterMIS 
/>} />
[7m  [0m [91m      
    ~~~~~~~~~~~~~~~~~~
~~~~~~~~~~~~~~~~~~~~~~
~~~~~~~~~~~~~~~~~~~~~~
~~~~~~~~~~[0m
[96mclient/src/App.ts
x[0m:[93m25[0m:[93
m55[0m - 
[91merror[0m[90m 
TS17004: [0mCannot 
use JSX unless the 
'--jsx' flag is 
provided.

[7m25[0m           
<Route path="/negative
-parameters" element={
<NegativeParameterMIS 
/>} />
[7m  [0m [91m      
                      
                      
    ~~~~~~~~~~~~~~~~~~
~~~~~~[0m
[96mclient/src/App.ts
x[0m:[93m26[0m:[93
m11[0m - 
[91merror[0m[90m 
TS17004: [0mCannot 
use JSX unless the 
'--jsx' flag is 
provided.

[7m26[0m           
<Route path="/paramete
r-mapping" element={<P
arameterMapping />} />
[7m  [0m [91m      
    ~~~~~~~~~~~~~~~~~~
~~~~~~~~~~~~~~~~~~~~~~
~~~~~~~~~~~~~~~~~~~~~~
~~~~[0m
[96mclient/src/App.ts
x[0m:[93m26[0m:[93
m53[0m - 
[91merror[0m[90m 
TS17004: [0mCannot 
use JSX unless the 
'--jsx' flag is 
provided.

[7m26[0m           
<Route path="/paramete
r-mapping" element={<P
arameterMapping />} />
[7m  [0m [91m      
                      
                      
  ~~~~~~~~~~~~~~~~~~~~
[0m
[96mclient/src/App.ts
x[0m:[93m27[0m:[93
m11[0m - 
[91merror[0m[90m 
TS17004: [0mCannot 
use JSX unless the 
'--jsx' flag is 
provided.

[7m27[0m           
<Route 
path="/calendar" eleme
nt={<CalendarDashboard
 />} />
[7m  [0m [91m      
    ~~~~~~~~~~~~~~~~~~
~~~~~~~~~~~~~~~~~~~~~~
~~~~~~~~~~~~~~~~~~[0m
[96mclient/src/App.ts
x[0m:[93m27[0m:[93
m44[0m - 
[91merror[0m[90m 
TS17004: [0mCannot 
use JSX unless the 
'--jsx' flag is 
provided.

[7m27[0m           
<Route 
path="/calendar" eleme
nt={<CalendarDashboard
 />} />
[7m  [0m [91m      
                      
               ~~~~~~~
~~~~~~~~~~~~~~[0m
[96mclient/src/App.ts
x[0m:[93m28[0m:[93
m11[0m - 
[91merror[0m[90m 
TS17004: [0mCannot 
use JSX unless the 
'--jsx' flag is 
provided.

[7m28[0m           
<Route path="/calendar
/meeting/:id" element=
{<AgendaManagement 
/>} />
[7m  [0m [91m      
    ~~~~~~~~~~~~~~~~~~
~~~~~~~~~~~~~~~~~~~~~~
~~~~~~~~~~~~~~~~~~~~~~
~~~~~~~[0m
[96mclient/src/App.ts
x[0m:[93m28[0m:[93
m56[0m - 
[91merror[0m[90m 
TS17004: [0mCannot 
use JSX unless the 
'--jsx' flag is 
provided.

[7m28[0m           
<Route path="/calendar
/meeting/:id" element=
{<AgendaManagement 
/>} />
[7m  [0m [91m      
                      
                      
     ~~~~~~~~~~~~~~~~~
~~~[0m
[96mclient/src/App.ts
x[0m:[93m29[0m:[93
m11[0m - 
[91merror[0m[90m 
TS17004: [0mCannot 
use JSX unless the 
'--jsx' flag is 
provided.

[7m29[0m           
<Route path="*" 
element={<div 
className="p-4">Page 
under 
construction</div>} />
[7m  [0m [91m      
    ~~~~~~~~~~~~~~~~~~
~~~~~~~~~~~~~~~~~~~~~~
~~~~~~~~~~~~~~~~~~~~~~
~~~~~~~~~~~~~~~~~[0m
[96mclient/src/App.ts
x[0m:[93m29[0m:[93
m36[0m - 
[91merror[0m[90m 
TS17004: [0mCannot 
use JSX unless the 
'--jsx' flag is 
provided.

[7m29[0m           
<Route path="*" 
element={<div 
className="p-4">Page 
under 
construction</div>} />
[7m  [0m [91m      
                      
       ~~~~~~~~~~~~~~~
~~~~~~[0m
[96mclient/src/compon
ents/layout/Shell.tsx
[0m:[93m33[0m:[93m9
[0m - 
[91merror[0m[90m 
TS17004: [0mCannot 
use JSX unless the 
'--jsx' flag is 
provided.

[7m33[0m         
<div className="min-h-
screen 
bg-grad-surface flex">
[7m  [0m [91m      
  ~~~~~~~~~~~~~~~~~~~~
~~~~~~~~~~~~~~~~~~~~~~
~~~~~~~~~[0m
[96mclient/src/compon
ents/layout/Shell.tsx
[0m:[93m35[0m:[93m1
3[0m - 
[91merror[0m[90m 
TS17004: [0mCannot 
use JSX unless the 
'--jsx' flag is 
provided.

[7m 35[0m           
  <aside
[7m   [0m [91m     
       ~~~~~~[0m
[7m 36[0m           
      className={`iob-
navbar text-white 
transition-all 
duration-300 
${sidebarOpen ? 
'w-64' : 'w-20'
[7m   [0m [91m~~~~~
~~~~~~~~~~~~~~~~~~~~~~
~~~~~~~~~~~~~~~~~~~~~~
~~~~~~~~~~~~~~~~~~~~~~
~~~~~~~~~~~~~~~~~~~~~~
~~~~~~~~~~~~~~~~[0m
[7m...[0m 
[7m 38[0m           
      style={{ 
background: 
'var(--grad-primary)' 
}}
[7m   [0m [91m~~~~~
~~~~~~~~~~~~~~~~~~~~~~
~~~~~~~~~~~~~~~~~~~~~~
~~~~~~~~~~~~[0m
[7m 39[0m           
  >
[7m   [0m 
[91m~~~~~~~~~~~~~[0m
[96mclient/src/compon
ents/layout/Shell.tsx
[0m:[93m40[0m:[93m1
7[0m - 
[91merror[0m[90m 
TS17004: [0mCannot 
use JSX unless the 
'--jsx' flag is 
provided.

[7m40[0m            
     <div 
className="h-16 flex 
items-center px-6 
font-bold text-xl 
tracking-tight 
border-b 
border-white/20">
[7m  [0m [91m      
          ~~~~~~~~~~~~
~~~~~~~~~~~~~~~~~~~~~~
~~~~~~~~~~~~~~~~~~~~~~
~~~~~~~~~~~~~~~~~~~~~~
~~~~~~~~~~~~~~~~~~~~~~
~~~[0m
[96mclient/src/compon
ents/layout/Shell.tsx
[0m:[93m44[0m:[93m1
7[0m - 
[91merror[0m[90m 
TS17004: [0mCannot 
use JSX unless the 
'--jsx' flag is 
provided.

[7m44[0m            
     <nav 
className="flex-1 
py-6 space-y-1">
[7m  [0m [91m      
          ~~~~~~~~~~~~
~~~~~~~~~~~~~~~~~~~~~~
~~~~~[0m
[96mclient/src/compon
ents/layout/Shell.tsx
[0m:[93m48[0m:[93m2
9[0m - 
[91merror[0m[90m 
TS17004: [0mCannot 
use JSX unless the 
'--jsx' flag is 
provided.

[7m 48[0m           
                  
<Link
[7m   [0m [91m     
                      
 ~~~~~[0m
[7m 49[0m           
                      
key={item.name}
[7m   [0m [91m~~~~~
~~~~~~~~~~~~~~~~~~~~~~
~~~~~~~~~~~~~~~~~~~~[
0m
[7m...[0m 
[7m 54[0m           
                      
    }`}
[7m   [0m [91m~~~~~
~~~~~~~~~~~~~~~~~~~~~~
~~~~~~~~~~~~[0m
[7m 55[0m           
                  >
[7m   [0m [91m~~~~~
~~~~~~~~~~~~~~~~~~~~~~
~~[0m
[96mclient/src/compon
ents/layout/Shell.tsx
[0m:[93m56[0m:[93m3
3[0m - 
[91merror[0m[90m 
TS17004: [0mCannot 
use JSX unless the 
'--jsx' flag is 
provided.

[7m56[0m            
                     
<item.icon 
className="w-5 h-5" />
[7m  [0m [91m      
                      
    ~~~~~~~~~~~~~~~~~~
~~~~~~~~~~~~~~~[0m
[96mclient/src/compon
ents/layout/Shell.tsx
[0m:[93m57[0m:[93m4
9[0m - 
[91merror[0m[90m 
TS17004: [0mCannot 
use JSX unless the 
'--jsx' flag is 
provided.

[7m57[0m            
                     
{sidebarOpen && <span 
className="ml-3">{item
.name}</span>}
[7m  [0m [91m      
                      
                    ~~
~~~~~~~~~~~~~~~~~~~~~
[0m
[96mclient/src/compon
ents/layout/Shell.tsx
[0m:[93m63[0m:[93m1
7[0m - 
[91merror[0m[90m 
TS17004: [0mCannot 
use JSX unless the 
'--jsx' flag is 
provided.

[7m63[0m            
     <button
[7m  [0m [91m      
          ~~~~~~~[0m
[7m64[0m            
         onClick={() 
=> setSidebarOpen(!sid
ebarOpen)}
[7m  [0m [91m~~~~~~
~~~~~~~~~~~~~~~~~~~~~~
~~~~~~~~~~~~~~~~~~~~~~
~~~~~~~~~~~~~~[0m
[7m65[0m            
         
className="p-4 
hover:bg-white/10 
transition-colors 
border-t 
border-white/20"
[7m  [0m [91m~~~~~~
~~~~~~~~~~~~~~~~~~~~~~
~~~~~~~~~~~~~~~~~~~~~~
~~~~~~~~~~~~~~~~~~~~~~
~~~~~~~~~~~~~~~~~~~~~~
~~[0m
[7m66[0m            
     >
[7m  [0m [91m~~~~~~
~~~~~~~~~~~[0m
[96mclient/src/compon
ents/layout/Shell.tsx
[0m:[93m67[0m:[93m2
1[0m - 
[91merror[0m[90m 
TS17004: [0mCannot 
use JSX unless the 
'--jsx' flag is 
provided.

[7m67[0m            
         <Menu 
className="w-5 h-5" />
[7m  [0m [91m      
              ~~~~~~~~
~~~~~~~~~~~~~~~~~~~~[
0m
[96mclient/src/compon
ents/layout/Shell.tsx
[0m:[93m72[0m:[93m1
3[0m - 
[91merror[0m[90m 
TS17004: [0mCannot 
use JSX unless the 
'--jsx' flag is 
provided.

[7m72[0m            
 <div 
className={`flex-1 
transition-all 
duration-300 
${sidebarOpen ? 
'ml-64' : 'ml-20'}`}>
[7m  [0m [91m      
      ~~~~~~~~~~~~~~~~
~~~~~~~~~~~~~~~~~~~~~~
~~~~~~~~~~~~~~~~~~~~~~
~~~~~~~~~~~~~~~~~~~~~~
~~~~~~~[0m
[96mclient/src/compon
ents/layout/Shell.tsx
[0m:[93m74[0m:[93m1
7[0m - 
[91merror[0m[90m 
TS17004: [0mCannot 
use JSX unless the 
'--jsx' flag is 
provided.

[7m74[0m            
     <header 
className="h-16 
bg-white shadow-sm 
flex items-center 
justify-between px-6 
sticky top-0 z-10">
[7m  [0m [91m      
          ~~~~~~~~~~~~
~~~~~~~~~~~~~~~~~~~~~~
~~~~~~~~~~~~~~~~~~~~~~
~~~~~~~~~~~~~~~~~~~~~~
~~~~~~~~~~~~~~~~~~~~~~
~[0m
[96mclient/src/compon
ents/layout/Shell.tsx
[0m:[93m75[0m:[93m2
1[0m - 
[91merror[0m[90m 
TS17004: [0mCannot 
use JSX unless the 
'--jsx' flag is 
provided.

[7m75[0m            
         <div 
className="flex 
items-center 
space-x-4">
[7m  [0m [91m      
              ~~~~~~~~
~~~~~~~~~~~~~~~~~~~~~~
~~~~~~~~~~~~~~~[0m
[96mclient/src/compon
ents/layout/Shell.tsx
[0m:[93m76[0m:[93m2
5[0m - 
[91merror[0m[90m 
TS17004: [0mCannot 
use JSX unless the 
'--jsx' flag is 
provided.

[7m76[0m            
             <button 
className="p-2 
hover:bg-gray-100 
rounded-lg">
[7m  [0m [91m      
                  ~~~~
~~~~~~~~~~~~~~~~~~~~~~
~~~~~~~~~~~~~~~~~~~~~~
~~~~~[0m
[96mclient/src/compon
ents/layout/Shell.tsx
[0m:[93m77[0m:[93m2
9[0m - 
[91merror[0m[90m 
TS17004: [0mCannot 
use JSX unless the 
'--jsx' flag is 
provided.

[7m77[0m            
                 
<Search 
className="w-5 h-5 
text-gray-600" />
[7m  [0m [91m      
                      
~~~~~~~~~~~~~~~~~~~~~~
~~~~~~~~~~~~~~~~~~~~~~
[0m
[96mclient/src/compon
ents/layout/Shell.tsx
[0m:[93m81[0m:[93m2
1[0m - 
[91merror[0m[90m 
TS17004: [0mCannot 
use JSX unless the 
'--jsx' flag is 
provided.

[7m81[0m            
         <div 
className="flex 
items-center 
space-x-4">
[7m  [0m [91m      
              ~~~~~~~~
~~~~~~~~~~~~~~~~~~~~~~
~~~~~~~~~~~~~~~[0m
[96mclient/src/compon
ents/layout/Shell.tsx
[0m:[93m82[0m:[93m2
5[0m - 
[91merror[0m[90m 
TS17004: [0mCannot 
use JSX unless the 
'--jsx' flag is 
provided.

[7m82[0m            
             <button 
className="relative 
p-2 hover:bg-gray-100 
rounded-lg">
[7m  [0m [91m      
                  ~~~~
~~~~~~~~~~~~~~~~~~~~~~
~~~~~~~~~~~~~~~~~~~~~~
~~~~~~~~~~~~~~[0m
[96mclient/src/compon
ents/layout/Shell.tsx
[0m:[93m83[0m:[93m2
9[0m - 
[91merror[0m[90m 
TS17004: [0mCannot 
use JSX unless the 
'--jsx' flag is 
provided.

[7m83[0m            
                 
<Bell className="w-5 
h-5 text-gray-600" />
[7m  [0m [91m      
                      
~~~~~~~~~~~~~~~~~~~~~~
~~~~~~~~~~~~~~~~~~~~[
0m
[96mclient/src/compon
ents/layout/Shell.tsx
[0m:[93m84[0m:[93m2
9[0m - 
[91merror[0m[90m 
TS17004: [0mCannot 
use JSX unless the 
'--jsx' flag is 
provided.

[7m84[0m            
                 
<span 
className="absolute 
top-1 right-1 w-2 h-2 
bg-red-500 
rounded-full"></span>
[7m  [0m [91m      
                      
~~~~~~~~~~~~~~~~~~~~~~
~~~~~~~~~~~~~~~~~~~~~~
~~~~~~~~~~~~~~~~~~~~~~
~~~~~~~[0m
[96mclient/src/compon
ents/layout/Shell.tsx
[0m:[93m87[0m:[93m2
5[0m - 
[91merror[0m[90m 
TS17004: [0mCannot 
use JSX unless the 
'--jsx' flag is 
provided.

[7m87[0m            
             <div 
className="flex 
items-center 
space-x-3">
[7m  [0m [91m      
                  ~~~~
~~~~~~~~~~~~~~~~~~~~~~
~~~~~~~~~~~~~~~~~~~[0
m
[96mclient/src/compon
ents/layout/Shell.tsx
[0m:[93m88[0m:[93m2
9[0m - 
[91merror[0m[90m 
TS17004: [0mCannot 
use JSX unless the 
'--jsx' flag is 
provided.

[7m88[0m            
                 <div 
className="w-8 h-8 
rounded-full flex 
items-center 
justify-center 
text-white 
font-semibold text-sm"
[7m  [0m [91m      
                      
~~~~~~~~~~~~~~~~~~~~~~
~~~~~~~~~~~~~~~~~~~~~~
~~~~~~~~~~~~~~~~~~~~~~
~~~~~~~~~~~~~~~~~~~~~~
~~~~~~~~~~~~~~~[0m
[7m89[0m            
                     
style={{ background: '
var(--grad-emphasis)' 
}}>
[7m  [0m [91m~~~~~~
~~~~~~~~~~~~~~~~~~~~~~
~~~~~~~~~~~~~~~~~~~~~~
~~~~~~~~~~~~~~~~~~~~~~
~~~~~~~[0m
[96mclient/src/compon
ents/layout/Shell.tsx
[0m:[93m92[0m:[93m2
9[0m - 
[91merror[0m[90m 
TS17004: [0mCannot 
use JSX unless the 
'--jsx' flag is 
provided.

[7m92[0m            
                 <div 
className="text-sm">
[7m  [0m [91m      
                      
~~~~~~~~~~~~~~~~~~~~~~
~~~[0m
[96mclient/src/compon
ents/layout/Shell.tsx
[0m:[93m93[0m:[93m3
3[0m - 
[91merror[0m[90m 
TS17004: [0mCannot 
use JSX unless the 
'--jsx' flag is 
provided.

[7m93[0m            
                     
<p className="font-sem
ibold 
text-gray-900">User 
Name</p>
[7m  [0m [91m      
                      
    ~~~~~~~~~~~~~~~~~~
~~~~~~~~~~~~~~~~~~~~~~
~~~[0m
[96mclient/src/compon
ents/layout/Shell.tsx
[0m:[93m94[0m:[93m3
3[0m - 
[91merror[0m[90m 
TS17004: [0mCannot 
use JSX unless the 
'--jsx' flag is 
provided.

[7m94[0m            
                     
<p className="text-xs 
text-gray-500">Admin</
p>
[7m  [0m [91m      
                      
    ~~~~~~~~~~~~~~~~~~
~~~~~~~~~~~~~~~~~~~[0
m
[96mclient/src/compon
ents/layout/Shell.tsx
[0m:[93m101[0m:[93m
17[0m - 
[91merror[0m[90m 
TS17004: [0mCannot 
use JSX unless the 
'--jsx' flag is 
provided.

[7m101[0m           
      <main 
className="p-6">
[7m   [0m [91m     
           ~~~~~~~~~~~
~~~~~~~~~~~[0m
[96mclient/src/compon
ents/layout/Shell.tsx
[0m:[93m102[0m:[93m
21[0m - 
[91merror[0m[90m 
TS17004: [0mCannot 
use JSX unless the 
'--jsx' flag is 
provided.

[7m102[0m           
          <Outlet />
[7m   [0m [91m     
               
~~~~~~~~~~[0m
[96mclient/src/compon
ents/ui/ParameterStatu
sMatrix.tsx[0m:[93m1
[0m:[93m33[0m - 
[91merror[0m[90m 
TS2835: [0mRelative 
import paths need 
explicit file 
extensions in 
ECMAScript imports 
when 
'--moduleResolution' 
is 'node16' or 
'nodenext'. Did you 
mean '../../lib/parame
ters.js'?

[7m1[0m import { 
CORE_PARAMETERS } 
from '../../lib/parame
ters';
[7m [0m [91m       
                      
   ~~~~~~~~~~~~~~~~~~~
~~~[0m
[96mclient/src/compon
ents/ui/ParameterStatu
sMatrix.tsx[0m:[93m2
[0m:[93m59[0m - 
[91merror[0m[90m 
TS2835: [0mRelative 
import paths need 
explicit file 
extensions in 
ECMAScript imports 
when 
'--moduleResolution' 
is 'node16' or 
'nodenext'. Did you 
mean '../../lib/parame
ters.js'?

[7m2[0m import type 
{ 
UnitParameterStatus, 
ParameterStatus } 
from '../../lib/parame
ters';
[7m [0m [91m       
                      
                      
       ~~~~~~~~~~~~~~~
~~~~~~~[0m
[96mclient/src/compon
ents/ui/ParameterStatu
sMatrix.tsx[0m:[93m1
2[0m:[93m36[0m - 
[91merror[0m[90m 
TS17004: [0mCannot 
use JSX unless the 
'--jsx' flag is 
provided.

[7m12[0m         if 
(status === '+') 
return <TrendingUp 
className="w-4 h-4 
text-green-600" />;
[7m  [0m [91m      
                      
       ~~~~~~~~~~~~~~~
~~~~~~~~~~~~~~~~~~~~~~
~~~~~~~~~~~~[0m
[96mclient/src/compon
ents/ui/ParameterStatu
sMatrix.tsx[0m:[93m1
3[0m:[93m36[0m - 
[91merror[0m[90m 
TS17004: [0mCannot 
use JSX unless the 
'--jsx' flag is 
provided.

[7m13[0m         if 
(status === 'ΓÇô') 
return <TrendingDown 
className="w-4 h-4 
text-red-600" />;
[7m  [0m [91m      
                      
       ~~~~~~~~~~~~~~~
~~~~~~~~~~~~~~~~~~~~~~
~~~~~~~~~~~~[0m
[96mclient/src/compon
ents/ui/ParameterStatu
sMatrix.tsx[0m:[93m1
4[0m:[93m16[0m - 
[91merror[0m[90m 
TS17004: [0mCannot 
use JSX unless the 
'--jsx' flag is 
provided.

[7m14[0m         
return <Minus 
className="w-4 h-4 
text-gray-400" />;
[7m  [0m [91m      
         ~~~~~~~~~~~~~
~~~~~~~~~~~~~~~~~~~~~~
~~~~~~~~[0m
[96mclient/src/compon
ents/ui/ParameterStatu
sMatrix.tsx[0m:[93m3
3[0m:[93m9[0m - 
[91merror[0m[90m 
TS17004: [0mCannot 
use JSX unless the 
'--jsx' flag is 
provided.

[7m33[0m         
<div 
className="space-y-4">
[7m  [0m [91m      
  ~~~~~~~~~~~~~~~~~~~~
~~~~~~~[0m
[96mclient/src/compon
ents/ui/ParameterStatu
sMatrix.tsx[0m:[93m3
4[0m:[93m13[0m - 
[91merror[0m[90m 
TS17004: [0mCannot 
use JSX unless the 
'--jsx' flag is 
provided.

[7m34[0m            
 <div className="flex 
items-center 
justify-between">
[7m  [0m [91m      
      ~~~~~~~~~~~~~~~~
~~~~~~~~~~~~~~~~~~~~~~
~~~~~~~~~~~~~[0m
[96mclient/src/compon
ents/ui/ParameterStatu
sMatrix.tsx[0m:[93m3
5[0m:[93m17[0m - 
[91merror[0m[90m 
TS17004: [0mCannot 
use JSX unless the 
'--jsx' flag is 
provided.

[7m35[0m            
     <h3 
className="text-lg 
font-semibold text-iob
-blue-dark">Parameter-
wise Status 
Matrix</h3>
[7m  [0m [91m      
          ~~~~~~~~~~~~
~~~~~~~~~~~~~~~~~~~~~~
~~~~~~~~~~~~~~~~~~~~~~
~[0m
[96mclient/src/compon
ents/ui/ParameterStatu
sMatrix.tsx[0m:[93m3
6[0m:[93m17[0m - 
[91merror[0m[90m 
TS17004: [0mCannot 
use JSX unless the 
'--jsx' flag is 
provided.

[7m36[0m            
     <div 
className="flex 
items-center 
space-x-4 text-xs">
[7m  [0m [91m      
          ~~~~~~~~~~~~
~~~~~~~~~~~~~~~~~~~~~~
~~~~~~~~~~~~~~~~~~~[0
m
[96mclient/src/compon
ents/ui/ParameterStatu
sMatrix.tsx[0m:[93m3
7[0m:[93m21[0m - 
[91merror[0m[90m 
TS17004: [0mCannot 
use JSX unless the 
'--jsx' flag is 
provided.

[7m37[0m            
         <span 
className="flex 
items-center">
[7m  [0m [91m      
              ~~~~~~~~
~~~~~~~~~~~~~~~~~~~~~~
~~~~~~[0m
[96mclient/src/compon
ents/ui/ParameterStatu
sMatrix.tsx[0m:[93m3
8[0m:[93m25[0m - 
[91merror[0m[90m 
TS17004: [0mCannot 
use JSX unless the 
'--jsx' flag is 
provided.

[7m38[0m            
             
<TrendingUp 
className="w-3 h-3 
text-green-600 mr-1" 
/> Above Threshold
[7m  [0m [91m      
                  ~~~~
~~~~~~~~~~~~~~~~~~~~~~
~~~~~~~~~~~~~~~~~~~~~~
~~~~~~[0m
[96mclient/src/compon
ents/ui/ParameterStatu
sMatrix.tsx[0m:[93m4
0[0m:[93m21[0m - 
[91merror[0m[90m 
TS17004: [0mCannot 
use JSX unless the 
'--jsx' flag is 
provided.

[7m40[0m            
         <span 
className="flex 
items-center">
[7m  [0m [91m      
              ~~~~~~~~
~~~~~~~~~~~~~~~~~~~~~~
~~~~~~[0m
[96mclient/src/compon
ents/ui/ParameterStatu
sMatrix.tsx[0m:[93m4
1[0m:[93m25[0m - 
[91merror[0m[90m 
TS17004: [0mCannot 
use JSX unless the 
'--jsx' flag is 
provided.

[7m41[0m            
             
<TrendingDown 
className="w-3 h-3 
text-red-600 mr-1" /> 
Below Threshold
[7m  [0m [91m      
                  ~~~~
~~~~~~~~~~~~~~~~~~~~~~
~~~~~~~~~~~~~~~~~~~~~~
~~~~~~[0m
[96mclient/src/compon
ents/ui/ParameterStatu
sMatrix.tsx[0m:[93m4
3[0m:[93m21[0m - 
[91merror[0m[90m 
TS17004: [0mCannot 
use JSX unless the 
'--jsx' flag is 
provided.

[7m43[0m            
         <span 
className="flex 
items-center">
[7m  [0m [91m      
              ~~~~~~~~
~~~~~~~~~~~~~~~~~~~~~~
~~~~~~[0m
[96mclient/src/compon
ents/ui/ParameterStatu
sMatrix.tsx[0m:[93m4
4[0m:[93m25[0m - 
[91merror[0m[90m 
TS17004: [0mCannot 
use JSX unless the 
'--jsx' flag is 
provided.

[7m44[0m            
             <Minus 
className="w-3 h-3 
text-gray-400 mr-1" 
/> Within Tolerance
[7m  [0m [91m      
                  ~~~~
~~~~~~~~~~~~~~~~~~~~~~
~~~~~~~~~~~~~~~~~~~~~~
[0m
[96mclient/src/compon
ents/ui/ParameterStatu
sMatrix.tsx[0m:[93m4
9[0m:[93m13[0m - 
[91merror[0m[90m 
TS17004: [0mCannot 
use JSX unless the 
'--jsx' flag is 
provided.

[7m49[0m            
 <div 
className="iob-card">
[7m  [0m [91m      
      ~~~~~~~~~~~~~~~~
~~~~~~~~~~[0m
[96mclient/src/compon
ents/ui/ParameterStatu
sMatrix.tsx[0m:[93m5
0[0m:[93m17[0m - 
[91merror[0m[90m 
TS17004: [0mCannot 
use JSX unless the 
'--jsx' flag is 
provided.

[7m50[0m            
     <div className="o
verflow-x-auto">
[7m  [0m [91m      
          ~~~~~~~~~~~~
~~~~~~~~~~~~~~~~~~~~~
[0m
[96mclient/src/compon
ents/ui/ParameterStatu
sMatrix.tsx[0m:[93m5
1[0m:[93m21[0m - 
[91merror[0m[90m 
TS17004: [0mCannot 
use JSX unless the 
'--jsx' flag is 
provided.

[7m51[0m            
         <table 
className="iob-table">
[7m  [0m [91m      
              ~~~~~~~~
~~~~~~~~~~~~~~~~~~~~~
[0m
[96mclient/src/compon
ents/ui/ParameterStatu
sMatrix.tsx[0m:[93m5
2[0m:[93m25[0m - 
[91merror[0m[90m 
TS17004: [0mCannot 
use JSX unless the 
'--jsx' flag is 
provided.

[7m52[0m            
             <thead>
[7m  [0m [91m      
                  
~~~~~~~[0m
[96mclient/src/compon
ents/ui/ParameterStatu
sMatrix.tsx[0m:[93m5
3[0m:[93m29[0m - 
[91merror[0m[90m 
TS17004: [0mCannot 
use JSX unless the 
'--jsx' flag is 
provided.

[7m53[0m            
                 <tr>
[7m  [0m [91m      
                      
~~~~[0m
[96mclient/src/compon
ents/ui/ParameterStatu
sMatrix.tsx[0m:[93m5
4[0m:[93m33[0m - 
[91merror[0m[90m 
TS17004: [0mCannot 
use JSX unless the 
'--jsx' flag is 
provided.

[7m54[0m            
                     
<th className="px-4 
py-3 text-left 
text-xs font-semibold 
uppercase 
tracking-wider sticky 
left-0 z-10"
[7m  [0m [91m      
                      
    ~~~~~~~~~~~~~~~~~~
~~~~~~~~~~~~~~~~~~~~~~
~~~~~~~~~~~~~~~~~~~~~~
~~~~~~~~~~~~~~~~~~~~~~
~~~~~~~~~~~~~~~~~[0m
[7m55[0m            
                      
   style={{ 
background: 'var(--gra
d-table-header)' }}>
[7m  [0m [91m~~~~~~
~~~~~~~~~~~~~~~~~~~~~~
~~~~~~~~~~~~~~~~~~~~~~
~~~~~~~~~~~~~~~~~~~~~~
~~~~~~~~~~~~~~~[0m
[96mclient/src/compon
ents/ui/ParameterStatu
sMatrix.tsx[0m:[93m5
9[0m:[93m37[0m - 
[91merror[0m[90m 
TS17004: [0mCannot 
use JSX unless the 
'--jsx' flag is 
provided.

[7m59[0m            
                      
   <th
[7m  [0m [91m      
                      
        ~~~[0m
[7m60[0m            
                      
       key={param.id}
[7m  [0m [91m~~~~~~
~~~~~~~~~~~~~~~~~~~~~~
~~~~~~~~~~~~~~~~~~~~~~
~~~~[0m
[7m61[0m            
                      
       
className="px-3 py-3 
text-center text-xs 
font-semibold 
uppercase 
tracking-wider"
[7m  [0m [91m~~~~~~
~~~~~~~~~~~~~~~~~~~~~~
~~~~~~~~~~~~~~~~~~~~~~
~~~~~~~~~~~~~~~~~~~~~~
~~~~~~~~~~~~~~~~~~~~~~
~~~~~~~~~~~~~~~~~~~~~~
~~~~[0m
[7m62[0m            
                      
   >
[7m  [0m [91m~~~~~~
~~~~~~~~~~~~~~~~~~~~~~
~~~~~~~~~[0m
[96mclient/src/compon
ents/ui/ParameterStatu
sMatrix.tsx[0m:[93m6
3[0m:[93m41[0m - 
[91merror[0m[90m 
TS17004: [0mCannot 
use JSX unless the 
'--jsx' flag is 
provided.

[7m63[0m            
                      
       <div 
className="flex 
flex-col 
items-center">
[7m  [0m [91m      
                      
            ~~~~~~~~~~
~~~~~~~~~~~~~~~~~~~~~~
~~~~~~~~~~~~[0m
[96mclient/src/compon
ents/ui/ParameterStatu
sMatrix.tsx[0m:[93m6
4[0m:[93m45[0m - 
[91merror[0m[90m 
TS17004: [0mCannot 
use JSX unless the 
'--jsx' flag is 
provided.

[7m64[0m            
                      
           <span>{para
m.name}</span>
[7m  [0m [91m      
                      
                
~~~~~~[0m
[96mclient/src/compon
ents/ui/ParameterStatu
sMatrix.tsx[0m:[93m6
6[0m:[93m49[0m - 
[91merror[0m[90m 
TS17004: [0mCannot 
use JSX unless the 
'--jsx' flag is 
provided.

[7m66[0m            
                      
               <span c
lassName="text-red-500
 text-[10px] mt-0.5">C
RITICAL</span>
[7m  [0m [91m      
                      
                    ~~
~~~~~~~~~~~~~~~~~~~~~~
~~~~~~~~~~~~~~~~~~~~~~
~~~~[0m
[96mclient/src/compon
ents/ui/ParameterStatu
sMatrix.tsx[0m:[93m7
2[0m:[93m37[0m - 
[91merror[0m[90m 
TS17004: [0mCannot 
use JSX unless the 
'--jsx' flag is 
provided.

[7m72[0m            
                      
   <th 
className="px-4 py-3 
text-center text-xs 
font-semibold 
uppercase 
tracking-wider">
[7m  [0m [91m      
                      
        ~~~~~~~~~~~~~~
~~~~~~~~~~~~~~~~~~~~~~
~~~~~~~~~~~~~~~~~~~~~~
~~~~~~~~~~~~~~~~~~~~~~
~~~~~[0m
[96mclient/src/compon
ents/ui/ParameterStatu
sMatrix.tsx[0m:[93m7
8[0m:[93m25[0m - 
[91merror[0m[90m 
TS17004: [0mCannot 
use JSX unless the 
'--jsx' flag is 
provided.

[7m78[0m            
             <tbody>
[7m  [0m [91m      
                  
~~~~~~~[0m
[96mclient/src/compon
ents/ui/ParameterStatu
sMatrix.tsx[0m:[93m8
0[0m:[93m33[0m - 
[91merror[0m[90m 
TS17004: [0mCannot 
use JSX unless the 
'--jsx' flag is 
provided.

[7m 80[0m           
                      
<tr
[7m   [0m [91m     
                      
     ~~~[0m
[7m 81[0m           
                      
    key={unit.unitId}
[7m   [0m [91m~~~~~
~~~~~~~~~~~~~~~~~~~~~~
~~~~~~~~~~~~~~~~~~~~~~
~~~~[0m
[7m...[0m 
[7m 83[0m           
                      
        }`}
[7m   [0m [91m~~~~~
~~~~~~~~~~~~~~~~~~~~~~
~~~~~~~~~~~~~~~~[0m
[7m 84[0m           
                      
>
[7m   [0m [91m~~~~~
~~~~~~~~~~~~~~~~~~~~~~
~~~~~~[0m
[96mclient/src/compon
ents/ui/ParameterStatu
sMatrix.tsx[0m:[93m8
5[0m:[93m37[0m - 
[91merror[0m[90m 
TS17004: [0mCannot 
use JSX unless the 
'--jsx' flag is 
provided.

[7m85[0m            
                      
   <td 
className="px-4 py-3 
whitespace-nowrap 
sticky left-0 
bg-white z-10">
[7m  [0m [91m      
                      
        ~~~~~~~~~~~~~~
~~~~~~~~~~~~~~~~~~~~~~
~~~~~~~~~~~~~~~~~~~~~~
~~~~~~~~~~~~~~[0m
[96mclient/src/compon
ents/ui/ParameterStatu
sMatrix.tsx[0m:[93m8
6[0m:[93m41[0m - 
[91merror[0m[90m 
TS17004: [0mCannot 
use JSX unless the 
'--jsx' flag is 
provided.

[7m86[0m            
                      
       <div 
className="flex 
items-center">
[7m  [0m [91m      
                      
            ~~~~~~~~~~
~~~~~~~~~~~~~~~~~~~~~~
~~~[0m
[96mclient/src/compon
ents/ui/ParameterStatu
sMatrix.tsx[0m:[93m8
8[0m:[93m49[0m - 
[91merror[0m[90m 
TS17004: [0mCannot 
use JSX unless the 
'--jsx' flag is 
provided.

[7m88[0m            
                      
               
<AlertTriangle 
className="w-4 h-4 
text-red-500 mr-2" />
[7m  [0m [91m      
                      
                    ~~
~~~~~~~~~~~~~~~~~~~~~~
~~~~~~~~~~~~~~~~~~~~~~
~~~~~~~~~[0m
[96mclient/src/compon
ents/ui/ParameterStatu
sMatrix.tsx[0m:[93m9
0[0m:[93m45[0m - 
[91merror[0m[90m 
TS17004: [0mCannot 
use JSX unless the 
'--jsx' flag is 
provided.

[7m90[0m            
                      
           <div>
[7m  [0m [91m      
                      
                
~~~~~[0m
[96mclient/src/compon
ents/ui/ParameterStatu
sMatrix.tsx[0m:[93m9
1[0m:[93m49[0m - 
[91merror[0m[90m 
TS17004: [0mCannot 
use JSX unless the 
'--jsx' flag is 
provided.

[7m91[0m            
                      
               <div 
className="text-sm 
font-medium text-gray-
900">{unit.unitName}</
div>
[7m  [0m [91m      
                      
                    ~~
~~~~~~~~~~~~~~~~~~~~~~
~~~~~~~~~~~~~~~~~~~~~~
~~~~~[0m
[96mclient/src/compon
ents/ui/ParameterStatu
sMatrix.tsx[0m:[93m9
2[0m:[93m49[0m - 
[91merror[0m[90m 
TS17004: [0mCannot 
use JSX unless the 
'--jsx' flag is 
provided.

[7m92[0m            
                      
               <div 
className="text-xs tex
t-gray-500">{unit.unit
Type}</div>
[7m  [0m [91m      
                      
                    ~~
~~~~~~~~~~~~~~~~~~~~~~
~~~~~~~~~~~~~~~[0m
[96mclient/src/compon
ents/ui/ParameterStatu
sMatrix.tsx[0m:[93m9
9[0m:[93m45[0m - 
[91merror[0m[90m 
TS17004: [0mCannot 
use JSX unless the 
'--jsx' flag is 
provided.

[7m99[0m            
                      
           <td 
key={param.id} 
className="px-3 py-3 
text-center">
[7m  [0m [91m      
                      
                ~~~~~~
~~~~~~~~~~~~~~~~~~~~~~
~~~~~~~~~~~~~~~~~~~~~~
~~~[0m
[96mclient/src/compon
ents/ui/ParameterStatu
sMatrix.tsx[0m:[93m1
00[0m:[93m49[0m - 
[91merror[0m[90m 
TS17004: [0mCannot 
use JSX unless the 
'--jsx' flag is 
provided.

[7m100[0m           
                      
                <div c
lassName={`inline-flex
 items-center 
justify-center w-8 
h-8 rounded ${getStatu
sColor(status)}`}>
[7m   [0m [91m     
                      
                     ~
~~~~~~~~~~~~~~~~~~~~~~
~~~~~~~~~~~~~~~~~~~~~~
~~~~~~~~~~~~~~~~~~~~~~
~~~~~~~~~~~~~~~~~~~~~~
~~~~~~~~~~~~[0m
[96mclient/src/compon
ents/ui/ParameterStatu
sMatrix.tsx[0m:[93m1
07[0m:[93m41[0m - 
[91merror[0m[90m 
TS17004: [0mCannot 
use JSX unless the 
'--jsx' flag is 
provided.

[7m107[0m           
                      
        <td 
className="px-4 py-3 
text-center">
[7m   [0m [91m     
                      
             ~~~~~~~~~
~~~~~~~~~~~~~~~~~~~~~~
~~~~~~~[0m
[96mclient/src/compon
ents/ui/ParameterStatu
sMatrix.tsx[0m:[93m1
08[0m:[93m45[0m - 
[91merror[0m[90m 
TS17004: [0mCannot 
use JSX unless the 
'--jsx' flag is 
provided.

[7m108[0m           
                      
            <div 
className="flex 
flex-col 
items-center">
[7m   [0m [91m     
                      
                 ~~~~~
~~~~~~~~~~~~~~~~~~~~~~
~~~~~~~~~~~~~~~~~[0m
[96mclient/src/compon
ents/ui/ParameterStatu
sMatrix.tsx[0m:[93m1
09[0m:[93m49[0m - 
[91merror[0m[90m 
TS17004: [0mCannot 
use JSX unless the 
'--jsx' flag is 
provided.

[7m109[0m           
                      
                <span 
className={`text-sm 
font-bold 
${unit.negativeCount 
> 0 ? 'text-red-600' 
: 'text-gray-400'}`}>
[7m   [0m [91m     
                      
                     ~
~~~~~~~~~~~~~~~~~~~~~~
~~~~~~~~~~~~~~~~~~~~~~
~~~~~~~~~~~~~~~~~~~~~~
~~~~~~~~~~~~~~~~~~~~~~
~~~~~~~~~~[0m
[96mclient/src/compon
ents/ui/ParameterStatu
sMatrix.tsx[0m:[93m1
13[0m:[93m53[0m - 
[91merror[0m[90m 
TS17004: [0mCannot 
use JSX unless the 
'--jsx' flag is 
provided.

[7m113[0m           
                      
                    
<span 
className="text-xs 
text-red-500 mt-0.5">
[7m   [0m [91m     
                      
                      
   ~~~~~~~~~~~~~~~~~~~
~~~~~~~~~~~~~~~~~~~~~~
~~~~~[0m
[96mclient/src/compon
ents/ui/ParameterStatu
sMatrix.tsx[0m:[93m1
28[0m:[93m13[0m - 
[91merror[0m[90m 
TS17004: [0mCannot 
use JSX unless the 
'--jsx' flag is 
provided.

[7m128[0m           
  <div 
className="grid 
grid-cols-4 gap-4">
[7m   [0m [91m     
       ~~~~~~~~~~~~~~~
~~~~~~~~~~~~~~~~~~~~~~
~~~[0m
[96mclient/src/compon
ents/ui/ParameterStatu
sMatrix.tsx[0m:[93m1
29[0m:[93m17[0m - 
[91merror[0m[90m 
TS17004: [0mCannot 
use JSX unless the 
'--jsx' flag is 
provided.

[7m129[0m           
      <div 
className="iob-card">
[7m   [0m [91m     
           ~~~~~~~~~~~
~~~~~~~~~~~~~~~[0m
[96mclient/src/compon
ents/ui/ParameterStatu
sMatrix.tsx[0m:[93m1
30[0m:[93m21[0m - 
[91merror[0m[90m 
TS17004: [0mCannot 
use JSX unless the 
'--jsx' flag is 
provided.

[7m130[0m           
          <p 
className="text-xs 
text-gray-500 
mb-1">Units with ΓëÑ1 
Negative</p>
[7m   [0m [91m     
               ~~~~~~~
~~~~~~~~~~~~~~~~~~~~~~
~~~~~~~~~~~~~[0m
[96mclient/src/compon
ents/ui/ParameterStatu
sMatrix.tsx[0m:[93m1
31[0m:[93m21[0m - 
[91merror[0m[90m 
TS17004: [0mCannot 
use JSX unless the 
'--jsx' flag is 
provided.

[7m131[0m           
          <p 
className="text-2xl 
font-bold 
text-gray-900">
[7m   [0m [91m     
               ~~~~~~~
~~~~~~~~~~~~~~~~~~~~~~
~~~~~~~~~~~~~~~~~~~[0
m
[96mclient/src/compon
ents/ui/ParameterStatu
sMatrix.tsx[0m:[93m1
34[0m:[93m21[0m - 
[91merror[0m[90m 
TS17004: [0mCannot 
use JSX unless the 
'--jsx' flag is 
provided.

[7m134[0m           
          <p 
className="text-xs 
text-gray-400 mt-1">
[7m   [0m [91m     
               ~~~~~~~
~~~~~~~~~~~~~~~~~~~~~~
~~~~~~~~~~~~~[0m
[96mclient/src/compon
ents/ui/ParameterStatu
sMatrix.tsx[0m:[93m1
38[0m:[93m17[0m - 
[91merror[0m[90m 
TS17004: [0mCannot 
use JSX unless the 
'--jsx' flag is 
provided.

[7m138[0m           
      <div 
className="iob-card">
[7m   [0m [91m     
           ~~~~~~~~~~~
~~~~~~~~~~~~~~~[0m
[96mclient/src/compon
ents/ui/ParameterStatu
sMatrix.tsx[0m:[93m1
39[0m:[93m21[0m - 
[91merror[0m[90m 
TS17004: [0mCannot 
use JSX unless the 
'--jsx' flag is 
provided.

[7m139[0m           
          <p 
className="text-xs 
text-gray-500 
mb-1">Units with ΓëÑ3 
Negatives</p>
[7m   [0m [91m     
               ~~~~~~~
~~~~~~~~~~~~~~~~~~~~~~
~~~~~~~~~~~~~[0m
[96mclient/src/compon
ents/ui/ParameterStatu
sMatrix.tsx[0m:[93m1
40[0m:[93m21[0m - 
[91merror[0m[90m 
TS17004: [0mCannot 
use JSX unless the 
'--jsx' flag is 
provided.

[7m140[0m           
          <p 
className="text-2xl 
font-bold 
text-red-600">
[7m   [0m [91m     
               ~~~~~~~
~~~~~~~~~~~~~~~~~~~~~~
~~~~~~~~~~~~~~~~~~[0m
[96mclient/src/compon
ents/ui/ParameterStatu
sMatrix.tsx[0m:[93m1
43[0m:[93m21[0m - 
[91merror[0m[90m 
TS17004: [0mCannot 
use JSX unless the 
'--jsx' flag is 
provided.

[7m143[0m           
          <p 
className="text-xs 
text-gray-400 
mt-1">Requires 
intervention</p>
[7m   [0m [91m     
               ~~~~~~~
~~~~~~~~~~~~~~~~~~~~~~
~~~~~~~~~~~~~[0m
[96mclient/src/compon
ents/ui/ParameterStatu
sMatrix.tsx[0m:[93m1
45[0m:[93m17[0m - 
[91merror[0m[90m 
TS17004: [0mCannot 
use JSX unless the 
'--jsx' flag is 
provided.

[7m145[0m           
      <div 
className="iob-card">
[7m   [0m [91m     
           ~~~~~~~~~~~
~~~~~~~~~~~~~~~[0m
[96mclient/src/compon
ents/ui/ParameterStatu
sMatrix.tsx[0m:[93m1
46[0m:[93m21[0m - 
[91merror[0m[90m 
TS17004: [0mCannot 
use JSX unless the 
'--jsx' flag is 
provided.

[7m146[0m           
          <p 
className="text-xs 
text-gray-500 
mb-1">Units with 
Critical Negatives</p>
[7m   [0m [91m     
               ~~~~~~~
~~~~~~~~~~~~~~~~~~~~~~
~~~~~~~~~~~~~[0m
[96mclient/src/compon
ents/ui/ParameterStatu
sMatrix.tsx[0m:[93m1
47[0m:[93m21[0m - 
[91merror[0m[90m 
TS17004: [0mCannot 
use JSX unless the 
'--jsx' flag is 
provided.

[7m147[0m           
          <p 
className="text-2xl 
font-bold 
text-red-600">
[7m   [0m [91m     
               ~~~~~~~
~~~~~~~~~~~~~~~~~~~~~~
~~~~~~~~~~~~~~~~~~[0m
[96mclient/src/compon
ents/ui/ParameterStatu
sMatrix.tsx[0m:[93m1
50[0m:[93m21[0m - 
[91merror[0m[90m 
TS17004: [0mCannot 
use JSX unless the 
'--jsx' flag is 
provided.

[7m150[0m           
          <p 
className="text-xs 
text-gray-400 
mt-1">High 
priority</p>
[7m   [0m [91m     
               ~~~~~~~
~~~~~~~~~~~~~~~~~~~~~~
~~~~~~~~~~~~~[0m
[96mclient/src/compon
ents/ui/ParameterStatu
sMatrix.tsx[0m:[93m1
52[0m:[93m17[0m - 
[91merror[0m[90m 
TS17004: [0mCannot 
use JSX unless the 
'--jsx' flag is 
provided.

[7m152[0m           
      <div 
className="iob-card">
[7m   [0m [91m     
           ~~~~~~~~~~~
~~~~~~~~~~~~~~~[0m
[96mclient/src/compon
ents/ui/ParameterStatu
sMatrix.tsx[0m:[93m1
53[0m:[93m21[0m - 
[91merror[0m[90m 
TS17004: [0mCannot 
use JSX unless the 
'--jsx' flag is 
provided.

[7m153[0m           
          <p 
className="text-xs 
text-gray-500 
mb-1">Classified as 
NEG</p>
[7m   [0m [91m     
               ~~~~~~~
~~~~~~~~~~~~~~~~~~~~~~
~~~~~~~~~~~~~[0m
[96mclient/src/compon
ents/ui/ParameterStatu
sMatrix.tsx[0m:[93m1
54[0m:[93m21[0m - 
[91merror[0m[90m 
TS17004: [0mCannot 
use JSX unless the 
'--jsx' flag is 
provided.

[7m154[0m           
          <p 
className="text-2xl 
font-bold 
text-red-700">
[7m   [0m [91m     
               ~~~~~~~
~~~~~~~~~~~~~~~~~~~~~~
~~~~~~~~~~~~~~~~~~[0m
[96mclient/src/compon
ents/ui/ParameterStatu
sMatrix.tsx[0m:[93m1
57[0m:[93m21[0m - 
[91merror[0m[90m 
TS17004: [0mCannot 
use JSX unless the 
'--jsx' flag is 
provided.

[7m157[0m           
          <p 
className="text-xs 
text-gray-400 
mt-1">Formal NEG 
status</p>
[7m   [0m [91m     
               ~~~~~~~
~~~~~~~~~~~~~~~~~~~~~~
~~~~~~~~~~~~~[0m
[96mclient/src/compon
ents/ui/ParameterStatu
sMatrix.tsx[0m:[93m1
62[0m:[93m13[0m - 
[91merror[0m[90m 
TS17004: [0mCannot 
use JSX unless the 
'--jsx' flag is 
provided.

[7m162[0m           
  <div 
className="iob-card">
[7m   [0m [91m     
       ~~~~~~~~~~~~~~~
~~~~~~~~~~~[0m
[96mclient/src/compon
ents/ui/ParameterStatu
sMatrix.tsx[0m:[93m1
63[0m:[93m17[0m - 
[91merror[0m[90m 
TS17004: [0mCannot 
use JSX unless the 
'--jsx' flag is 
provided.

[7m163[0m           
      <h4 
className="text-sm 
font-semibold 
text-iob-blue-dark 
mb-3">Top Negative 
Parameters by 
Frequency</h4>
[7m   [0m [91m     
           ~~~~~~~~~~~
~~~~~~~~~~~~~~~~~~~~~~
~~~~~~~~~~~~~~~~~~~~~~
~~~~~~~[0m
[96mclient/src/compon
ents/ui/ParameterStatu
sMatrix.tsx[0m:[93m1
64[0m:[93m17[0m - 
[91merror[0m[90m 
TS17004: [0mCannot 
use JSX unless the 
'--jsx' flag is 
provided.

[7m164[0m           
      <div 
className="space-y-2">
[7m   [0m [91m     
           ~~~~~~~~~~~
~~~~~~~~~~~~~~~~[0m
[96mclient/src/compon
ents/ui/ParameterStatu
sMatrix.tsx[0m:[93m1
69[0m:[93m29[0m - 
[91merror[0m[90m 
TS17004: [0mCannot 
use JSX unless the 
'--jsx' flag is 
provided.

[7m169[0m           
                  
<div key={param.id} 
className="flex 
items-center 
justify-between">
[7m   [0m [91m     
                      
 ~~~~~~~~~~~~~~~~~~~~~
~~~~~~~~~~~~~~~~~~~~~~
~~~~~~~~~~~~~~~~~~~~~~
~[0m
[96mclient/src/compon
ents/ui/ParameterStatu
sMatrix.tsx[0m:[93m1
70[0m:[93m33[0m - 
[91merror[0m[90m 
TS17004: [0mCannot 
use JSX unless the 
'--jsx' flag is 
provided.

[7m170[0m           
                      
<div className="flex 
items-center">
[7m   [0m [91m     
                      
     ~~~~~~~~~~~~~~~~~
~~~~~~~~~~~~~~~~~~[0m
[96mclient/src/compon
ents/ui/ParameterStatu
sMatrix.tsx[0m:[93m1
71[0m:[93m37[0m - 
[91merror[0m[90m 
TS17004: [0mCannot 
use JSX unless the 
'--jsx' flag is 
provided.

[7m171[0m           
                      
    <span 
className="text-sm 
font-medium text-gray-
700">{param.name}</spa
n>
[7m   [0m [91m     
                      
         ~~~~~~~~~~~~~
~~~~~~~~~~~~~~~~~~~~~~
~~~~~~~~~~~~~~~~~[0m
[96mclient/src/compon
ents/ui/ParameterStatu
sMatrix.tsx[0m:[93m1
73[0m:[93m41[0m - 
[91merror[0m[90m 
TS17004: [0mCannot 
use JSX unless the 
'--jsx' flag is 
provided.

[7m173[0m           
                      
        <span 
className="ml-2 px-2 
py-0.5 bg-red-100 
text-red-700 text-xs r
ounded">CRITICAL</span
>
[7m   [0m [91m     
                      
             ~~~~~~~~~
~~~~~~~~~~~~~~~~~~~~~~
~~~~~~~~~~~~~~~~~~~~~~
~~~~~~~~~~~~~~~~~~~~~~
[0m
[96mclient/src/compon
ents/ui/ParameterStatu
sMatrix.tsx[0m:[93m1
76[0m:[93m33[0m - 
[91merror[0m[90m 
TS17004: [0mCannot 
use JSX unless the 
'--jsx' flag is 
provided.

[7m176[0m           
                      
<div className="flex 
items-center 
space-x-3">
[7m   [0m [91m     
                      
     ~~~~~~~~~~~~~~~~~
~~~~~~~~~~~~~~~~~~~~~~
~~~~~~[0m
[96mclient/src/compon
ents/ui/ParameterStatu
sMatrix.tsx[0m:[93m1
77[0m:[93m37[0m - 
[91merror[0m[90m 
TS17004: [0mCannot 
use JSX unless the 
'--jsx' flag is 
provided.

[7m177[0m           
                      
    <div 
className="w-32 
bg-gray-200 
rounded-full h-2 
relative 
overflow-hidden">
[7m   [0m [91m     
                      
         ~~~~~~~~~~~~~
~~~~~~~~~~~~~~~~~~~~~~
~~~~~~~~~~~~~~~~~~~~~~
~~~~~~~~~~~~~~~~~~~[0
m
[96mclient/src/compon
ents/ui/ParameterStatu
sMatrix.tsx[0m:[93m1
78[0m:[93m41[0m - 
[91merror[0m[90m 
TS17004: [0mCannot 
use JSX unless the 
'--jsx' flag is 
provided.

[7m178[0m           
                      
        <div
[7m   [0m [91m     
                      
             ~~~~[0m
[7m179[0m           
                      
            
className={`h-2 
rounded-full absolute 
left-0 top-0 
${negativeCount > 0 ? 
'bg-red-500' : 
'bg-gray-300'} ${getPr
ogressBarWidth(percent
age)}`}
[7m   [0m [91m~~~~~
~~~~~~~~~~~~~~~~~~~~~~
~~~~~~~~~~~~~~~~~~~~~~
~~~~~~~~~~~~~~~~~~~~~~
~~~~~~~~~~~~~~~~~~~~~~
~~~~~~~~~~~~~~~~~~~~~~
~~~~~~~~~~~~~~~~~~~~~~
~~~~~~~~~~~~~~~~~~~~~~
~~~~~~~~~~~~~~~~~~~~~~
~~[0m
[7m180[0m           
                      
        />
[7m   [0m [91m~~~~~
~~~~~~~~~~~~~~~~~~~~~~
~~~~~~~~~~~~~~~[0m
[96mclient/src/compon
ents/ui/ParameterStatu
sMatrix.tsx[0m:[93m1
82[0m:[93m37[0m - 
[91merror[0m[90m 
TS17004: [0mCannot 
use JSX unless the 
'--jsx' flag is 
provided.

[7m182[0m           
                      
    <span 
className={`text-sm 
font-semibold 
${negativeCount > 0 ? 
'text-red-600' : 
'text-gray-400'}`}>
[7m   [0m [91m     
                      
         ~~~~~~~~~~~~~
~~~~~~~~~~~~~~~~~~~~~~
~~~~~~~~~~~~~~~~~~~~~~
~~~~~~~~~~~~~~~~~~~~~~
~~~~~~~~~~~~~~~~~~~[0
m
[96mclient/src/main.t
sx[0m:[93m4[0m:[93
m17[0m - 
[91merror[0m[90m 
TS5097: [0mAn import 
path can only end 
with a '.tsx' 
extension when 'allowI
mportingTsExtensions' 
is enabled.

[7m4[0m import App 
from './App.tsx'
[7m [0m [91m       
         
~~~~~~~~~~~[0m
[96mclient/src/main.t
sx[0m:[93m4[0m:[93
m17[0m - 
[91merror[0m[90m 
TS6142: [0mModule 
'./App.tsx' was 
resolved to 'C:/Users/
Acer/Videos/iob/client
/src/App.tsx', but 
'--jsx' is not set.

[7m4[0m import App 
from './App.tsx'
[7m [0m [91m       
         
~~~~~~~~~~~[0m
[96mclient/src/main.t
sx[0m:[93m7[0m:[93
m3[0m - 
[91merror[0m[90m 
TS17004: [0mCannot 
use JSX unless the 
'--jsx' flag is 
provided.

[7m7[0m   
<StrictMode>
[7m [0m [91m  
~~~~~~~~~~~~[0m
[96mclient/src/main.t
sx[0m:[93m8[0m:[93
m5[0m - 
[91merror[0m[90m 
TS17004: [0mCannot 
use JSX unless the 
'--jsx' flag is 
provided.

[7m8[0m     <App />
[7m [0m [91m    
~~~~~~~[0m
[96mclient/src/pages/
AgendaManagement.tsx[
0m:[93m64[0m:[93m9
[0m - 
[91merror[0m[90m 
TS17004: [0mCannot 
use JSX unless the 
'--jsx' flag is 
provided.

[7m64[0m         
<div 
className="space-y-6">
[7m  [0m [91m      
  ~~~~~~~~~~~~~~~~~~~~
~~~~~~~[0m
[96mclient/src/pages/
AgendaManagement.tsx[
0m:[93m65[0m:[93m13
[0m - 
[91merror[0m[90m 
TS17004: [0mCannot 
use JSX unless the 
'--jsx' flag is 
provided.

[7m65[0m            
 <div className="flex 
items-center 
space-x-4">
[7m  [0m [91m      
      ~~~~~~~~~~~~~~~~
~~~~~~~~~~~~~~~~~~~~~~
~~~~~~~[0m
[96mclient/src/pages/
AgendaManagement.tsx[
0m:[93m66[0m:[93m17
[0m - 
[91merror[0m[90m 
TS17004: [0mCannot 
use JSX unless the 
'--jsx' flag is 
provided.

[7m66[0m            
     <Link 
to="/calendar" 
className="p-2 
hover:bg-gray-100 
rounded-full 
transition-colors">
[7m  [0m [91m      
          ~~~~~~~~~~~~
~~~~~~~~~~~~~~~~~~~~~~
~~~~~~~~~~~~~~~~~~~~~~
~~~~~~~~~~~~~~~~~~~~~~
~~~~~~~~[0m
[96mclient/src/pages/
AgendaManagement.tsx[
0m:[93m67[0m:[93m21
[0m - 
[91merror[0m[90m 
TS17004: [0mCannot 
use JSX unless the 
'--jsx' flag is 
provided.

[7m67[0m            
         <ArrowLeft 
className="w-5 h-5 
text-gray-600" />
[7m  [0m [91m      
              ~~~~~~~~
~~~~~~~~~~~~~~~~~~~~~~
~~~~~~~~~~~~~~~~~[0m
[96mclient/src/pages/
AgendaManagement.tsx[
0m:[93m69[0m:[93m17
[0m - 
[91merror[0m[90m 
TS17004: [0mCannot 
use JSX unless the 
'--jsx' flag is 
provided.

[7m69[0m            
     <div>
[7m  [0m [91m      
          ~~~~~[0m
[96mclient/src/pages/
AgendaManagement.tsx[
0m:[93m70[0m:[93m21
[0m - 
[91merror[0m[90m 
TS17004: [0mCannot 
use JSX unless the 
'--jsx' flag is 
provided.

[7m70[0m            
         <h1 
className="text-2xl 
font-bold text-gray-90
0">{meeting.committeeN
ame}</h1>
[7m  [0m [91m      
              ~~~~~~~~
~~~~~~~~~~~~~~~~~~~~~~
~~~~~~~~~~~~~~~~~~~[0
m
[96mclient/src/pages/
AgendaManagement.tsx[
0m:[93m71[0m:[93m21
[0m - 
[91merror[0m[90m 
TS17004: [0mCannot 
use JSX unless the 
'--jsx' flag is 
provided.

[7m71[0m            
         <div 
className="flex 
items-center text-sm 
text-gray-500 mt-1">
[7m  [0m [91m      
              ~~~~~~~~
~~~~~~~~~~~~~~~~~~~~~~
~~~~~~~~~~~~~~~~~~~~~~
~~~~~~~~~~[0m
[96mclient/src/pages/
AgendaManagement.tsx[
0m:[93m72[0m:[93m25
[0m - 
[91merror[0m[90m 
TS17004: [0mCannot 
use JSX unless the 
'--jsx' flag is 
provided.

[7m72[0m            
             <Clock 
className="w-4 h-4 
mr-1 ml-0" />
[7m  [0m [91m      
                  ~~~~
~~~~~~~~~~~~~~~~~~~~~~
~~~~~~~~~~~~~[0m
[96mclient/src/pages/
AgendaManagement.tsx[
0m:[93m78[0m:[93m13
[0m - 
[91merror[0m[90m 
TS17004: [0mCannot 
use JSX unless the 
'--jsx' flag is 
provided.

[7m78[0m            
 <div className="grid 
grid-cols-1 
lg:grid-cols-4 gap-6">
[7m  [0m [91m      
      ~~~~~~~~~~~~~~~~
~~~~~~~~~~~~~~~~~~~~~~
~~~~~~~~~~~~~~~~~[0m
[96mclient/src/pages/
AgendaManagement.tsx[
0m:[93m80[0m:[93m17
[0m - 
[91merror[0m[90m 
TS17004: [0mCannot 
use JSX unless the 
'--jsx' flag is 
provided.

[7m80[0m            
     <div className="l
g:col-span-1 
space-y-4">
[7m  [0m [91m      
          ~~~~~~~~~~~~
~~~~~~~~~~~~~~~~~~~~~~
~~~~~~~[0m
[96mclient/src/pages/
AgendaManagement.tsx[
0m:[93m81[0m:[93m21
[0m - 
[91merror[0m[90m 
TS17004: [0mCannot 
use JSX unless the 
'--jsx' flag is 
provided.

[7m81[0m            
         <div 
className="iob-card">
[7m  [0m [91m      
              ~~~~~~~~
~~~~~~~~~~~~~~~~~~[0m
[96mclient/src/pages/
AgendaManagement.tsx[
0m:[93m82[0m:[93m25
[0m - 
[91merror[0m[90m 
TS17004: [0mCannot 
use JSX unless the 
'--jsx' flag is 
provided.

[7m82[0m            
             <h3 
className="text-sm 
font-bold 
text-gray-900 
uppercase 
tracking-widest mb-4 
flex items-center">
[7m  [0m [91m      
                  ~~~~
~~~~~~~~~~~~~~~~~~~~~~
~~~~~~~~~~~~~~~~~~~~~~
~~~~~~~~~~~~~~~~~~~~~~
~~~~~~~~~~~~~~~~~~~~~~
~~~~~[0m
[96mclient/src/pages/
AgendaManagement.tsx[
0m:[93m83[0m:[93m29
[0m - 
[91merror[0m[90m 
TS17004: [0mCannot 
use JSX unless the 
'--jsx' flag is 
provided.

[7m83[0m            
                 
<UserCheck 
className="w-4 h-4 
mr-2 text-iob-blue" />
[7m  [0m [91m      
                      
~~~~~~~~~~~~~~~~~~~~~~
~~~~~~~~~~~~~~~~~~~~~~
~~~~~~~~[0m
[96mclient/src/pages/
AgendaManagement.tsx[
0m:[93m86[0m:[93m25
[0m - 
[91merror[0m[90m 
TS17004: [0mCannot 
use JSX unless the 
'--jsx' flag is 
provided.

[7m86[0m            
             <div 
className="space-y-4">
[7m  [0m [91m      
                  ~~~~
~~~~~~~~~~~~~~~~~~~~~~
~[0m
[96mclient/src/pages/
AgendaManagement.tsx[
0m:[93m88[0m:[93m33
[0m - 
[91merror[0m[90m 
TS17004: [0mCannot 
use JSX unless the 
'--jsx' flag is 
provided.

[7m88[0m            
                     
<div key={member.id} 
className="flex 
items-center 
justify-between 
group">
[7m  [0m [91m      
                      
    ~~~~~~~~~~~~~~~~~~
~~~~~~~~~~~~~~~~~~~~~~
~~~~~~~~~~~~~~~~~~~~~~
~~~~~~~~~~~[0m
[96mclient/src/pages/
AgendaManagement.tsx[
0m:[93m89[0m:[93m37
[0m - 
[91merror[0m[90m 
TS17004: [0mCannot 
use JSX unless the 
'--jsx' flag is 
provided.

[7m89[0m            
                      
   <div className="spa
ce-y-0.5">
[7m  [0m [91m      
                      
        ~~~~~~~~~~~~~~
~~~~~~~~~~~~~~~[0m
[96mclient/src/pages/
AgendaManagement.tsx[
0m:[93m90[0m:[93m41
[0m - 
[91merror[0m[90m 
TS17004: [0mCannot 
use JSX unless the 
'--jsx' flag is 
provided.

[7m90[0m            
                      
       <p 
className="text-sm 
font-semibold text-gra
y-900">{member.name}</
p>
[7m  [0m [91m      
                      
            ~~~~~~~~~~
~~~~~~~~~~~~~~~~~~~~~~
~~~~~~~~~~~~~~~~~~~[0
m
[96mclient/src/pages/
AgendaManagement.tsx[
0m:[93m91[0m:[93m41
[0m - 
[91merror[0m[90m 
TS17004: [0mCannot 
use JSX unless the 
'--jsx' flag is 
provided.

[7m91[0m            
                      
       <p 
className="text-xs tex
t-gray-500">{member.de
signation}</p>
[7m  [0m [91m      
                      
            ~~~~~~~~~~
~~~~~~~~~~~~~~~~~~~~~~
~~~~~[0m
[96mclient/src/pages/
AgendaManagement.tsx[
0m:[93m93[0m:[93m37
[0m - 
[91merror[0m[90m 
TS17004: [0mCannot 
use JSX unless the 
'--jsx' flag is 
provided.

[7m 93[0m           
                      
    <button
[7m   [0m [91m     
                      
         ~~~~~~~[0m
[7m 94[0m           
                      
        onClick={() 
=> toggleAttendance(me
mber.id)}
[7m   [0m [91m~~~~~
~~~~~~~~~~~~~~~~~~~~~~
~~~~~~~~~~~~~~~~~~~~~~
~~~~~~~~~~~~~~~~~~~~~~
~~~~~~~~~~~~[0m
[7m...[0m 
[7m 97[0m           
                      
        `}
[7m   [0m [91m~~~~~
~~~~~~~~~~~~~~~~~~~~~~
~~~~~~~~~~~~~~~[0m
[7m 98[0m           
                      
    >
[7m   [0m [91m~~~~~
~~~~~~~~~~~~~~~~~~~~~~
~~~~~~~~~~[0m
[96mclient/src/pages/
AgendaManagement.tsx[
0m:[93m99[0m:[93m62
[0m - 
[91merror[0m[90m 
TS17004: [0mCannot 
use JSX unless the 
'--jsx' flag is 
provided.

[7m99[0m            
                      
       
{member.isPresent && 
<CheckCircle2 
className="w-4 h-4" 
/>}
[7m  [0m [91m      
                      
                      
           ~~~~~~~~~~~
~~~~~~~~~~~~~~~~~~~~~~
~~~[0m
[96mclient/src/pages/
AgendaManagement.tsx[
0m:[93m104[0m:[93m2
5[0m - 
[91merror[0m[90m 
TS17004: [0mCannot 
use JSX unless the 
'--jsx' flag is 
provided.

[7m104[0m           
              <div 
className="mt-6 pt-4 
border-t">
[7m   [0m [91m     
                   ~~~
~~~~~~~~~~~~~~~~~~~~~~
~~~~~~~~~~~[0m
[96mclient/src/pages/
AgendaManagement.tsx[
0m:[93m105[0m:[93m2
9[0m - 
[91merror[0m[90m 
TS17004: [0mCannot 
use JSX unless the 
'--jsx' flag is 
provided.

[7m105[0m           
                  <p 
className="text-xs 
text-gray-500">
[7m   [0m [91m     
                      
 ~~~~~~~~~~~~~~~~~~~~~
~~~~~~~~~~~~~~~~[0m
[96mclient/src/pages/
AgendaManagement.tsx[
0m:[93m106[0m:[93m4
8[0m - 
[91merror[0m[90m 
TS17004: [0mCannot 
use JSX unless the 
'--jsx' flag is 
provided.

[7m106[0m           
                      
Quorum Status: <span c
lassName={presentCount
 >= 3 ? 
'text-green-600 
font-bold' : 
'text-red-600 
font-bold'}>
[7m   [0m [91m     
                      
                    ~~
~~~~~~~~~~~~~~~~~~~~~~
~~~~~~~~~~~~~~~~~~~~~~
~~~~~~~~~~~~~~~~~~~~~~
~~~~~~~~~~~~~~~~~~~~~~
~~[0m
[96mclient/src/pages/
AgendaManagement.tsx[
0m:[93m115[0m:[93m1
7[0m - 
[91merror[0m[90m 
TS17004: [0mCannot 
use JSX unless the 
'--jsx' flag is 
provided.

[7m115[0m           
      <div className="
lg:col-span-3 
space-y-4">
[7m   [0m [91m     
           ~~~~~~~~~~~
~~~~~~~~~~~~~~~~~~~~~~
~~~~~~~~[0m
[96mclient/src/pages/
AgendaManagement.tsx[
0m:[93m116[0m:[93m2
1[0m - 
[91merror[0m[90m 
TS17004: [0mCannot 
use JSX unless the 
'--jsx' flag is 
provided.

[7m116[0m           
          <div 
className="flex 
justify-between 
items-center">
[7m   [0m [91m     
               ~~~~~~~
~~~~~~~~~~~~~~~~~~~~~~
~~~~~~~~~~~~~~~~~~~~~~
[0m
[96mclient/src/pages/
AgendaManagement.tsx[
0m:[93m117[0m:[93m2
5[0m - 
[91merror[0m[90m 
TS17004: [0mCannot 
use JSX unless the 
'--jsx' flag is 
provided.

[7m117[0m           
              <h3 
className="text-sm 
font-bold 
text-gray-900 
uppercase 
tracking-widest flex 
items-center">
[7m   [0m [91m     
                   ~~~
~~~~~~~~~~~~~~~~~~~~~~
~~~~~~~~~~~~~~~~~~~~~~
~~~~~~~~~~~~~~~~~~~~~~
~~~~~~~~~~~~~~~~~~~~~~
~[0m
[96mclient/src/pages/
AgendaManagement.tsx[
0m:[93m118[0m:[93m2
9[0m - 
[91merror[0m[90m 
TS17004: [0mCannot 
use JSX unless the 
'--jsx' flag is 
provided.

[7m118[0m           
                  
<FileText 
className="w-4 h-4 
mr-2 text-iob-blue" />
[7m   [0m [91m     
                      
 ~~~~~~~~~~~~~~~~~~~~~
~~~~~~~~~~~~~~~~~~~~~~
~~~~~~~~[0m
[96mclient/src/pages/
AgendaManagement.tsx[
0m:[93m121[0m:[93m2
5[0m - 
[91merror[0m[90m 
TS17004: [0mCannot 
use JSX unless the 
'--jsx' flag is 
provided.

[7m121[0m           
              <button 
className="iob-btn-pri
mary py-1 px-4 
text-xs">
[7m   [0m [91m     
                   ~~~
~~~~~~~~~~~~~~~~~~~~~~
~~~~~~~~~~~~~~~~~~~~~~
~~~~~~~[0m
[96mclient/src/pages/
AgendaManagement.tsx[
0m:[93m122[0m:[93m2
9[0m - 
[91merror[0m[90m 
TS17004: [0mCannot 
use JSX unless the 
'--jsx' flag is 
provided.

[7m122[0m           
                  
<Save className="w-3 
h-3 mr-2 inline" />
[7m   [0m [91m     
                      
 ~~~~~~~~~~~~~~~~~~~~~
~~~~~~~~~~~~~~~~~~~[0
m
[96mclient/src/pages/
AgendaManagement.tsx[
0m:[93m128[0m:[93m2
5[0m - 
[91merror[0m[90m 
TS17004: [0mCannot 
use JSX unless the 
'--jsx' flag is 
provided.

[7m128[0m           
              <div 
key={item.id} 
className="iob-card">
[7m   [0m [91m     
                   ~~~
~~~~~~~~~~~~~~~~~~~~~~
~~~~~~~~~~~~~~~[0m
[96mclient/src/pages/
AgendaManagement.tsx[
0m:[93m129[0m:[93m2
9[0m - 
[91merror[0m[90m 
TS17004: [0mCannot 
use JSX unless the 
'--jsx' flag is 
provided.

[7m129[0m           
                  
<div className="flex 
justify-between 
items-start">
[7m   [0m [91m     
                      
 ~~~~~~~~~~~~~~~~~~~~~
~~~~~~~~~~~~~~~~~~~~~~
~~~~~~~[0m
[96mclient/src/pages/
AgendaManagement.tsx[
0m:[93m130[0m:[93m3
3[0m - 
[91merror[0m[90m 
TS17004: [0mCannot 
use JSX unless the 
'--jsx' flag is 
provided.

[7m130[0m           
                      
<div 
className="space-y-1">
[7m   [0m [91m     
                      
     ~~~~~~~~~~~~~~~~~
~~~~~~~~~~[0m
[96mclient/src/pages/
AgendaManagement.tsx[
0m:[93m131[0m:[93m3
7[0m - 
[91merror[0m[90m 
TS17004: [0mCannot 
use JSX unless the 
'--jsx' flag is 
provided.

[7m131[0m           
                      
    <div 
className="flex 
items-center 
space-x-2">
[7m   [0m [91m     
                      
         ~~~~~~~~~~~~~
~~~~~~~~~~~~~~~~~~~~~~
~~~~~~~~~~[0m
[96mclient/src/pages/
AgendaManagement.tsx[
0m:[93m132[0m:[93m4
1[0m - 
[91merror[0m[90m 
TS17004: [0mCannot 
use JSX unless the 
'--jsx' flag is 
provided.

[7m132[0m           
                      
        <span classNam
e="bg-gray-100 
text-gray-600 px-2 
py-0.5 rounded 
text-[10px] 
font-bold">ITEM 
{index + 1}</span>
[7m   [0m [91m     
                      
             ~~~~~~~~~
~~~~~~~~~~~~~~~~~~~~~~
~~~~~~~~~~~~~~~~~~~~~~
~~~~~~~~~~~~~~~~~~~~~~
~~~~~~~~~~~[0m
[96mclient/src/pages/
AgendaManagement.tsx[
0m:[93m133[0m:[93m4
1[0m - 
[91merror[0m[90m 
TS17004: [0mCannot 
use JSX unless the 
'--jsx' flag is 
provided.

[7m133[0m           
                      
        <h4 
className="font-bold t
ext-gray-900">{item.ti
tle}</h4>
[7m   [0m [91m     
                      
             ~~~~~~~~~
~~~~~~~~~~~~~~~~~~~~~~
~~~~~~~~~[0m
[96mclient/src/pages/
AgendaManagement.tsx[
0m:[93m135[0m:[93m3
7[0m - 
[91merror[0m[90m 
TS17004: [0mCannot 
use JSX unless the 
'--jsx' flag is 
provided.

[7m135[0m           
                      
    <p 
className="text-sm tex
t-gray-600">Proposed 
by: {item.initiator} (
{item.department})</p>
[7m   [0m [91m     
                      
         ~~~~~~~~~~~~~
~~~~~~~~~~~~~~~~~~~~~~
~~[0m
[96mclient/src/pages/
AgendaManagement.tsx[
0m:[93m136[0m:[93m3
7[0m - 
[91merror[0m[90m 
TS17004: [0mCannot 
use JSX unless the 
'--jsx' flag is 
provided.

[7m136[0m           
                      
    <p 
className="text-sm 
font-bold 
text-iob-blue">Value: 
{item.amount}</p>
[7m   [0m [91m     
                      
         ~~~~~~~~~~~~~
~~~~~~~~~~~~~~~~~~~~~~
~~~~~~~~~~~~[0m
[96mclient/src/pages/
AgendaManagement.tsx[
0m:[93m139[0m:[93m3
3[0m - 
[91merror[0m[90m 
TS17004: [0mCannot 
use JSX unless the 
'--jsx' flag is 
provided.

[7m139[0m           
                      
<div className="flex 
space-x-2">
[7m   [0m [91m     
                      
     ~~~~~~~~~~~~~~~~~
~~~~~~~~~~~~~~~[0m
[96mclient/src/pages/
AgendaManagement.tsx[
0m:[93m140[0m:[93m3
7[0m - 
[91merror[0m[90m 
TS17004: [0mCannot 
use JSX unless the 
'--jsx' flag is 
provided.

[7m140[0m           
                      
    <button
[7m   [0m [91m     
                      
         ~~~~~~~[0m
[7m141[0m           
                      
        onClick={() 
=> 
updateStatus(item.id, 
'APPROVED')}
[7m   [0m [91m~~~~~
~~~~~~~~~~~~~~~~~~~~~~
~~~~~~~~~~~~~~~~~~~~~~
~~~~~~~~~~~~~~~~~~~~~~
~~~~~~~~~~~~~~~~~~[0m
[7m...[0m 
[7m143[0m           
                      
        
title="Approve"
[7m   [0m [91m~~~~~
~~~~~~~~~~~~~~~~~~~~~~
~~~~~~~~~~~~~~~~~~~~~~
~~~~~~[0m
[7m144[0m           
                      
    >
[7m   [0m [91m~~~~~
~~~~~~~~~~~~~~~~~~~~~~
~~~~~~~~~~[0m
[96mclient/src/pages/
AgendaManagement.tsx[
0m:[93m145[0m:[93m4
1[0m - 
[91merror[0m[90m 
TS17004: [0mCannot 
use JSX unless the 
'--jsx' flag is 
provided.

[7m145[0m           
                      
        <CheckCircle2 
className="w-5 h-5" />
[7m   [0m [91m     
                      
             ~~~~~~~~~
~~~~~~~~~~~~~~~~~~~~~~
~~~~~[0m
[96mclient/src/pages/
AgendaManagement.tsx[
0m:[93m147[0m:[93m3
7[0m - 
[91merror[0m[90m 
TS17004: [0mCannot 
use JSX unless the 
'--jsx' flag is 
provided.

[7m147[0m           
                      
    <button
[7m   [0m [91m     
                      
         ~~~~~~~[0m
[7m148[0m           
                      
        onClick={() 
=> 
updateStatus(item.id, 
'DECLINED')}
[7m   [0m [91m~~~~~
~~~~~~~~~~~~~~~~~~~~~~
~~~~~~~~~~~~~~~~~~~~~~
~~~~~~~~~~~~~~~~~~~~~~
~~~~~~~~~~~~~~~~~~[0m
[7m...[0m 
[7m150[0m           
                      
        
title="Decline"
[7m   [0m [91m~~~~~
~~~~~~~~~~~~~~~~~~~~~~
~~~~~~~~~~~~~~~~~~~~~~
~~~~~~[0m
[7m151[0m           
                      
    >
[7m   [0m [91m~~~~~
~~~~~~~~~~~~~~~~~~~~~~
~~~~~~~~~~[0m
[96mclient/src/pages/
AgendaManagement.tsx[
0m:[93m152[0m:[93m4
1[0m - 
[91merror[0m[90m 
TS17004: [0mCannot 
use JSX unless the 
'--jsx' flag is 
provided.

[7m152[0m           
                      
        <XCircle 
className="w-5 h-5" />
[7m   [0m [91m     
                      
             ~~~~~~~~~
~~~~~~~~~~~~~~~~~~~~~~
[0m
[96mclient/src/pages/
AgendaManagement.tsx[
0m:[93m154[0m:[93m3
7[0m - 
[91merror[0m[90m 
TS17004: [0mCannot 
use JSX unless the 
'--jsx' flag is 
provided.

[7m154[0m           
                      
    <button
[7m   [0m [91m     
                      
         ~~~~~~~[0m
[7m155[0m           
                      
        onClick={() 
=> 
updateStatus(item.id, 
'DEFERRED')}
[7m   [0m [91m~~~~~
~~~~~~~~~~~~~~~~~~~~~~
~~~~~~~~~~~~~~~~~~~~~~
~~~~~~~~~~~~~~~~~~~~~~
~~~~~~~~~~~~~~~~~~[0m
[7m...[0m 
[7m157[0m           
                      
        title="Defer"
[7m   [0m [91m~~~~~
~~~~~~~~~~~~~~~~~~~~~~
~~~~~~~~~~~~~~~~~~~~~~
~~~~[0m
[7m158[0m           
                      
    >
[7m   [0m [91m~~~~~
~~~~~~~~~~~~~~~~~~~~~~
~~~~~~~~~~[0m
[96mclient/src/pages/
AgendaManagement.tsx[
0m:[93m159[0m:[93m4
1[0m - 
[91merror[0m[90m 
TS17004: [0mCannot 
use JSX unless the 
'--jsx' flag is 
provided.

[7m159[0m           
                      
        <Clock 
className="w-5 h-5" />
[7m   [0m [91m     
                      
             ~~~~~~~~~
~~~~~~~~~~~~~~~~~~~~[
0m
[96mclient/src/pages/
AgendaManagement.tsx[
0m:[93m165[0m:[93m3
3[0m - 
[91merror[0m[90m 
TS17004: [0mCannot 
use JSX unless the 
'--jsx' flag is 
provided.

[7m165[0m           
                      
<div className="mt-4 
pt-4 border-t">
[7m   [0m [91m     
                      
     ~~~~~~~~~~~~~~~~~
~~~~~~~~~~~~~~~~~~~[0
m
[96mclient/src/pages/
AgendaManagement.tsx[
0m:[93m166[0m:[93m3
7[0m - 
[91merror[0m[90m 
TS17004: [0mCannot 
use JSX unless the 
'--jsx' flag is 
provided.

[7m166[0m           
                      
    <label className="
text-[10px] font-bold 
text-gray-500 
uppercase 
tracking-widest block 
mb-1">Outcome 
Notes</label>
[7m   [0m [91m     
                      
         ~~~~~~~~~~~~~
~~~~~~~~~~~~~~~~~~~~~~
~~~~~~~~~~~~~~~~~~~~~~
~~~~~~~~~~~~~~~~~~~~~~
~~~~~~~~~~~~~[0m
[96mclient/src/pages/
AgendaManagement.tsx[
0m:[93m167[0m:[93m3
7[0m - 
[91merror[0m[90m 
TS17004: [0mCannot 
use JSX unless the 
'--jsx' flag is 
provided.

[7m167[0m           
                      
    <textarea
[7m   [0m [91m     
                      
         ~~~~~~~~~[0m
[7m168[0m           
                      
        
className="w-full 
bg-gray-50 border 
border-gray-100 
rounded p-2 text-sm 
focus:outline-none 
focus:ring-1 
focus:ring-iob-blue"
[7m   [0m [91m~~~~~
~~~~~~~~~~~~~~~~~~~~~~
~~~~~~~~~~~~~~~~~~~~~~
~~~~~~~~~~~~~~~~~~~~~~
~~~~~~~~~~~~~~~~~~~~~~
~~~~~~~~~~~~~~~~~~~~~~
~~~~~~~~~~~~~~~~~~~~~~
~~~~~~~~~~~~~~~~~~~~~~
~~~~~[0m
[7m...[0m 
[7m170[0m           
                      
        rows={2}
[7m   [0m [91m~~~~~
~~~~~~~~~~~~~~~~~~~~~~
~~~~~~~~~~~~~~~~~~~~~
[0m
[7m171[0m           
                      
    />
[7m   [0m [91m~~~~~
~~~~~~~~~~~~~~~~~~~~~~
~~~~~~~~~~~[0m
[96mclient/src/pages/
BusinessSnapshot.tsx[
0m:[93m18[0m:[93m35
[0m - 
[91merror[0m[90m 
TS17004: [0mCannot 
use JSX unless the 
'--jsx' flag is 
provided.

[7m18[0m         if 
(trend === 'Γåæ') 
return <TrendingUp 
className="w-4 h-4 
text-green-600" />;
[7m  [0m [91m      
                      
      ~~~~~~~~~~~~~~~~
~~~~~~~~~~~~~~~~~~~~~~
~~~~~~~~~~~[0m
[96mclient/src/pages/
BusinessSnapshot.tsx[
0m:[93m19[0m:[93m35
[0m - 
[91merror[0m[90m 
TS17004: [0mCannot 
use JSX unless the 
'--jsx' flag is 
provided.

[7m19[0m         if 
(trend === 'Γåô') 
return <TrendingDown 
className="w-4 h-4 
text-red-600" />;
[7m  [0m [91m      
                      
      ~~~~~~~~~~~~~~~~
~~~~~~~~~~~~~~~~~~~~~~
~~~~~~~~~~~[0m
[96mclient/src/pages/
BusinessSnapshot.tsx[
0m:[93m20[0m:[93m16
[0m - 
[91merror[0m[90m 
TS17004: [0mCannot 
use JSX unless the 
'--jsx' flag is 
provided.

[7m20[0m         
return <Minus 
className="w-4 h-4 
text-gray-400" />;
[7m  [0m [91m      
         ~~~~~~~~~~~~~
~~~~~~~~~~~~~~~~~~~~~~
~~~~~~~~[0m
[96mclient/src/pages/
BusinessSnapshot.tsx[
0m:[93m24[0m:[93m9
[0m - 
[91merror[0m[90m 
TS17004: [0mCannot 
use JSX unless the 
'--jsx' flag is 
provided.

[7m24[0m         
<div 
className="space-y-6">
[7m  [0m [91m      
  ~~~~~~~~~~~~~~~~~~~~
~~~~~~~[0m
[96mclient/src/pages/
BusinessSnapshot.tsx[
0m:[93m26[0m:[93m13
[0m - 
[91merror[0m[90m 
TS17004: [0mCannot 
use JSX unless the 
'--jsx' flag is 
provided.

[7m26[0m            
 <div className="flex 
items-center 
justify-between 
print:hidden">
[7m  [0m [91m      
      ~~~~~~~~~~~~~~~~
~~~~~~~~~~~~~~~~~~~~~~
~~~~~~~~~~~~~~~~~~~~~~
~~~~[0m
[96mclient/src/pages/
BusinessSnapshot.tsx[
0m:[93m27[0m:[93m17
[0m - 
[91merror[0m[90m 
TS17004: [0mCannot 
use JSX unless the 
'--jsx' flag is 
provided.

[7m27[0m            
     <div>
[7m  [0m [91m      
          ~~~~~[0m
[96mclient/src/pages/
BusinessSnapshot.tsx[
0m:[93m28[0m:[93m21
[0m - 
[91merror[0m[90m 
TS17004: [0mCannot 
use JSX unless the 
'--jsx' flag is 
provided.

[7m28[0m            
         <h1 
className="text-2xl 
font-bold text-gray-90
0">Business 
Snapshot</h1>
[7m  [0m [91m      
              ~~~~~~~~
~~~~~~~~~~~~~~~~~~~~~~
~~~~~~~~~~~~~~~~~~~[0
m
[96mclient/src/pages/
BusinessSnapshot.tsx[
0m:[93m29[0m:[93m21
[0m - 
[91merror[0m[90m 
TS17004: [0mCannot 
use JSX unless the 
'--jsx' flag is 
provided.

[7m29[0m            
         <p 
className="text-sm 
text-gray-500 
mt-1">Frozen MIS 
Report - Bank 
Grade</p>
[7m  [0m [91m      
              ~~~~~~~~
~~~~~~~~~~~~~~~~~~~~~~
~~~~~~~~~~~~[0m
[96mclient/src/pages/
BusinessSnapshot.tsx[
0m:[93m31[0m:[93m17
[0m - 
[91merror[0m[90m 
TS17004: [0mCannot 
use JSX unless the 
'--jsx' flag is 
provided.

[7m31[0m            
     <div 
className="flex 
space-x-3">
[7m  [0m [91m      
          ~~~~~~~~~~~~
~~~~~~~~~~~~~~~~~~~~[
0m
[96mclient/src/pages/
BusinessSnapshot.tsx[
0m:[93m33[0m:[93m25
[0m - 
[91merror[0m[90m 
TS17004: [0mCannot 
use JSX unless the 
'--jsx' flag is 
provided.

[7m33[0m            
             <span 
className="flex 
items-center px-3 
py-2 bg-green-50 
text-green-700 
rounded-lg text-sm 
font-medium">
[7m  [0m [91m      
                  ~~~~
~~~~~~~~~~~~~~~~~~~~~~
~~~~~~~~~~~~~~~~~~~~~~
~~~~~~~~~~~~~~~~~~~~~~
~~~~~~~~~~~~~~~~~~~~~~
~~~~~~~~~~~~[0m
[96mclient/src/pages/
BusinessSnapshot.tsx[
0m:[93m34[0m:[93m29
[0m - 
[91merror[0m[90m 
TS17004: [0mCannot 
use JSX unless the 
'--jsx' flag is 
provided.

[7m34[0m            
                 
<Lock className="w-4 
h-4 mr-2" /> Frozen
[7m  [0m [91m      
                      
~~~~~~~~~~~~~~~~~~~~~~
~~~~~~~~~~~[0m
[96mclient/src/pages/
BusinessSnapshot.tsx[
0m:[93m37[0m:[93m21
[0m - 
[91merror[0m[90m 
TS17004: [0mCannot 
use JSX unless the 
'--jsx' flag is 
provided.

[7m37[0m            
         <button
[7m  [0m [91m      
              
~~~~~~~[0m
[7m38[0m            
             
onClick={() => 
window.print()}
[7m  [0m [91m~~~~~~
~~~~~~~~~~~~~~~~~~~~~~
~~~~~~~~~~~~~~~~~~~~~~
~~~~[0m
[7m39[0m            
             
className="flex 
items-center px-4 
py-2 bg-[var(--color-b
rand-primary)] 
text-white rounded-lg 
hover:bg-[var(--color-
brand-secondary)]"
[7m  [0m [91m~~~~~~
~~~~~~~~~~~~~~~~~~~~~~
~~~~~~~~~~~~~~~~~~~~~~
~~~~~~~~~~~~~~~~~~~~~~
~~~~~~~~~~~~~~~~~~~~~~
~~~~~~~~~~~~~~~~~~~~~~
~~~~~~~~~~~~~~~~~~~~~~
~~~~~~~~~~~~~~~~~~~[0
m
[7m40[0m            
         >
[7m  [0m [91m~~~~~~
~~~~~~~~~~~~~~~[0m
[96mclient/src/pages/
BusinessSnapshot.tsx[
0m:[93m41[0m:[93m25
[0m - 
[91merror[0m[90m 
TS17004: [0mCannot 
use JSX unless the 
'--jsx' flag is 
provided.

[7m41[0m            
             <Printer 
className="w-4 h-4 
mr-2" /> Print
[7m  [0m [91m      
                  ~~~~
~~~~~~~~~~~~~~~~~~~~~~
~~~~~~~~~~[0m
[96mclient/src/pages/
BusinessSnapshot.tsx[
0m:[93m47[0m:[93m13
[0m - 
[91merror[0m[90m 
TS17004: [0mCannot 
use JSX unless the 
'--jsx' flag is 
provided.

[7m47[0m            
 <div 
className="bg-white 
border-2 
border-gray-900 p-6 
print:border-0 
print:p-0" style={{ 
fontFamily: 
'monospace' }}>
[7m  [0m [91m      
      ~~~~~~~~~~~~~~~~
~~~~~~~~~~~~~~~~~~~~~~
~~~~~~~~~~~~~~~~~~~~~~
~~~~~~~~~~~~~~~~~~~~~~
~~~~~~~~~~~~~~~~~~~~~~
~~~~~~~~~~~~[0m
[96mclient/src/pages/
BusinessSnapshot.tsx[
0m:[93m49[0m:[93m17
[0m - 
[91merror[0m[90m 
TS17004: [0mCannot 
use JSX unless the 
'--jsx' flag is 
provided.

[7m49[0m            
     <div className="t
ext-center mb-4 
border-b-2 
border-gray-900 pb-2">
[7m  [0m [91m      
          ~~~~~~~~~~~~
~~~~~~~~~~~~~~~~~~~~~~
~~~~~~~~~~~~~~~~~~~~~~
~~~~~~~~~~[0m
[96mclient/src/pages/
BusinessSnapshot.tsx[
0m:[93m50[0m:[93m21
[0m - 
[91merror[0m[90m 
TS17004: [0mCannot 
use JSX unless the 
'--jsx' flag is 
provided.

[7m50[0m            
         <h2 
className="text-xl 
font-bold tracking-wid
er">BUSINESS 
SNAPSHOT</h2>
[7m  [0m [91m      
              ~~~~~~~~
~~~~~~~~~~~~~~~~~~~~~~
~~~~~~~~~~~~~~~~~~~[0
m
[96mclient/src/pages/
BusinessSnapshot.tsx[
0m:[93m54[0m:[93m17
[0m - 
[91merror[0m[90m 
TS17004: [0mCannot 
use JSX unless the 
'--jsx' flag is 
provided.

[7m54[0m            
     <div 
className="grid 
grid-cols-2 gap-x-8 
mb-4 text-[10px]">
[7m  [0m [91m      
          ~~~~~~~~~~~~
~~~~~~~~~~~~~~~~~~~~~~
~~~~~~~~~~~~~~~~~~~~~~
~~~[0m
[96mclient/src/pages/
BusinessSnapshot.tsx[
0m:[93m55[0m:[93m21
[0m - 
[91merror[0m[90m 
TS17004: [0mCannot 
use JSX unless the 
'--jsx' flag is 
provided.

[7m55[0m            
         <div>
[7m  [0m [91m      
              
~~~~~[0m
[96mclient/src/pages/
BusinessSnapshot.tsx[
0m:[93m56[0m:[93m25
[0m - 
[91merror[0m[90m 
TS17004: [0mCannot 
use JSX unless the 
'--jsx' flag is 
provided.

[7m56[0m            
             <p classN
ame="mb-0.5"><strong>U
nit:</strong> 
{snapshot.unit}</p>
[7m  [0m [91m      
                  ~~~~
~~~~~~~~~~~~~~~~~~[0m
[96mclient/src/pages/
BusinessSnapshot.tsx[
0m:[93m56[0m:[93m47
[0m - 
[91merror[0m[90m 
TS17004: [0mCannot 
use JSX unless the 
'--jsx' flag is 
provided.

[7m56[0m            
             <p classN
ame="mb-0.5"><strong>U
nit:</strong> 
{snapshot.unit}</p>
[7m  [0m [91m      
                      
                  
~~~~~~~~[0m
[96mclient/src/pages/
BusinessSnapshot.tsx[
0m:[93m57[0m:[93m25
[0m - 
[91merror[0m[90m 
TS17004: [0mCannot 
use JSX unless the 
'--jsx' flag is 
provided.

[7m57[0m            
             <p 
className="mb-0.5">
[7m  [0m [91m      
                  ~~~~
~~~~~~~~~~~~~~~~~~[0m
[96mclient/src/pages/
BusinessSnapshot.tsx[
0m:[93m58[0m:[93m29
[0m - 
[91merror[0m[90m 
TS17004: [0mCannot 
use JSX unless the 
'--jsx' flag is 
provided.

[7m58[0m            
                 <stro
ng>Level:</strong>
[7m  [0m [91m      
                      
~~~~~~~~[0m
[96mclient/src/pages/
BusinessSnapshot.tsx[
0m:[93m59[0m:[93m29
[0m - 
[91merror[0m[90m 
TS17004: [0mCannot 
use JSX unless the 
'--jsx' flag is 
provided.

[7m59[0m            
                 
<span 
className="ml-2">Γÿæ {
snapshot.level}</span>
[7m  [0m [91m      
                      
~~~~~~~~~~~~~~~~~~~~~~
~[0m
[96mclient/src/pages/
BusinessSnapshot.tsx[
0m:[93m61[0m:[93m33
[0m - 
[91merror[0m[90m 
TS17004: [0mCannot 
use JSX unless the 
'--jsx' flag is 
provided.

[7m61[0m            
                     
<span key={l} 
className="ml-2">ΓÿÉ 
{l}</span>
[7m  [0m [91m      
                      
    ~~~~~~~~~~~~~~~~~~
~~~~~~~~~~~~~[0m
[96mclient/src/pages/
BusinessSnapshot.tsx[
0m:[93m65[0m:[93m21
[0m - 
[91merror[0m[90m 
TS17004: [0mCannot 
use JSX unless the 
'--jsx' flag is 
provided.

[7m65[0m            
         <div>
[7m  [0m [91m      
              
~~~~~[0m
[96mclient/src/pages/
BusinessSnapshot.tsx[
0m:[93m66[0m:[93m25
[0m - 
[91merror[0m[90m 
TS17004: [0mCannot 
use JSX unless the 
'--jsx' flag is 
provided.

[7m66[0m            
             <p classN
ame="mb-0.5"><strong>S
napshot 
Date:</strong> {snapsh
ot.snapshotDate}</p>
[7m  [0m [91m      
                  ~~~~
~~~~~~~~~~~~~~~~~~[0m
[96mclient/src/pages/
BusinessSnapshot.tsx[
0m:[93m66[0m:[93m47
[0m - 
[91merror[0m[90m 
TS17004: [0mCannot 
use JSX unless the 
'--jsx' flag is 
provided.

[7m66[0m            
             <p classN
ame="mb-0.5"><strong>S
napshot 
Date:</strong> {snapsh
ot.snapshotDate}</p>
[7m  [0m [91m      
                      
                  
~~~~~~~~[0m
[96mclient/src/pages/
BusinessSnapshot.tsx[
0m:[93m67[0m:[93m25
[0m - 
[91merror[0m[90m 
TS17004: [0mCannot 
use JSX unless the 
'--jsx' flag is 
provided.

[7m67[0m            
             <p classN
ame="mb-0.5"><strong>P
revious Working 
Day:</strong> {snapsho
t.previousWorkingDay}<
/p>
[7m  [0m [91m      
                  ~~~~
~~~~~~~~~~~~~~~~~~[0m
[96mclient/src/pages/
BusinessSnapshot.tsx[
0m:[93m67[0m:[93m47
[0m - 
[91merror[0m[90m 
TS17004: [0mCannot 
use JSX unless the 
'--jsx' flag is 
provided.

[7m67[0m            
             <p classN
ame="mb-0.5"><strong>P
revious Working 
Day:</strong> {snapsho
t.previousWorkingDay}<
/p>
[7m  [0m [91m      
                      
                  
~~~~~~~~[0m
[96mclient/src/pages/
BusinessSnapshot.tsx[
0m:[93m68[0m:[93m25
[0m - 
[91merror[0m[90m 
TS17004: [0mCannot 
use JSX unless the 
'--jsx' flag is 
provided.

[7m68[0m            
             <p classN
ame="mb-0.5"><strong>M
onth Start:</strong> {
snapshot.monthStart}</
p>
[7m  [0m [91m      
                  ~~~~
~~~~~~~~~~~~~~~~~~[0m
[96mclient/src/pages/
BusinessSnapshot.tsx[
0m:[93m68[0m:[93m47
[0m - 
[91merror[0m[90m 
TS17004: [0mCannot 
use JSX unless the 
'--jsx' flag is 
provided.

[7m68[0m            
             <p classN
ame="mb-0.5"><strong>M
onth Start:</strong> {
snapshot.monthStart}</
p>
[7m  [0m [91m      
                      
                  
~~~~~~~~[0m
[96mclient/src/pages/
BusinessSnapshot.tsx[
0m:[93m69[0m:[93m25
[0m - 
[91merror[0m[90m 
TS17004: [0mCannot 
use JSX unless the 
'--jsx' flag is 
provided.

[7m69[0m            
             <p classN
ame="mb-0.5"><strong>Q
uarter 
Start:</strong> {snaps
hot.quarterStart}</p>
[7m  [0m [91m      
                  ~~~~
~~~~~~~~~~~~~~~~~~[0m
[96mclient/src/pages/
BusinessSnapshot.tsx[
0m:[93m69[0m:[93m47
[0m - 
[91merror[0m[90m 
TS17004: [0mCannot 
use JSX unless the 
'--jsx' flag is 
provided.

[7m69[0m            
             <p classN
ame="mb-0.5"><strong>Q
uarter 
Start:</strong> {snaps
hot.quarterStart}</p>
[7m  [0m [91m      
                      
                  
~~~~~~~~[0m
[96mclient/src/pages/
BusinessSnapshot.tsx[
0m:[93m70[0m:[93m25
[0m - 
[91merror[0m[90m 
TS17004: [0mCannot 
use JSX unless the 
'--jsx' flag is 
provided.

[7m70[0m            
             <p classN
ame="mb-0.5"><strong>F
Y Start:</strong> 
{snapshot.fyStart}</p>
[7m  [0m [91m      
                  ~~~~
~~~~~~~~~~~~~~~~~~[0m
[96mclient/src/pages/
BusinessSnapshot.tsx[
0m:[93m70[0m:[93m47
[0m - 
[91merror[0m[90m 
TS17004: [0mCannot 
use JSX unless the 
'--jsx' flag is 
provided.

[7m70[0m            
             <p classN
ame="mb-0.5"><strong>F
Y Start:</strong> 
{snapshot.fyStart}</p>
[7m  [0m [91m      
                      
                  
~~~~~~~~[0m
[96mclient/src/pages/
BusinessSnapshot.tsx[
0m:[93m71[0m:[93m25
[0m - 
[91merror[0m[90m 
TS17004: [0mCannot 
use JSX unless the 
'--jsx' flag is 
provided.

[7m71[0m            
             <p classN
ame="mb-0.5"><strong>P
revious FY 
Close:</strong> {snaps
hot.previousFYClose}</
p>
[7m  [0m [91m      
                  ~~~~
~~~~~~~~~~~~~~~~~~[0m
[96mclient/src/pages/
BusinessSnapshot.tsx[
0m:[93m71[0m:[93m47
[0m - 
[91merror[0m[90m 
TS17004: [0mCannot 
use JSX unless the 
'--jsx' flag is 
provided.

[7m71[0m            
             <p classN
ame="mb-0.5"><strong>P
revious FY 
Close:</strong> {snaps
hot.previousFYClose}</
p>
[7m  [0m [91m      
                      
                  
~~~~~~~~[0m
[96mclient/src/pages/
BusinessSnapshot.tsx[
0m:[93m76[0m:[93m17
[0m - 
[91merror[0m[90m 
TS17004: [0mCannot 
use JSX unless the 
'--jsx' flag is 
provided.

[7m76[0m            
     <div 
className="mb-4">
[7m  [0m [91m      
          ~~~~~~~~~~~~
~~~~~~~~~~[0m
[96mclient/src/pages/
BusinessSnapshot.tsx[
0m:[93m77[0m:[93m21
[0m - 
[91merror[0m[90m 
TS17004: [0mCannot 
use JSX unless the 
'--jsx' flag is 
provided.

[7m77[0m            
         <h3 
className="font-bold 
text-xs mb-1 
bg-gray-900 
text-white px-2 
py-0.5">1. KEY 
POSITION 
(ACTUALS)</h3>
[7m  [0m [91m      
              ~~~~~~~~
~~~~~~~~~~~~~~~~~~~~~~
~~~~~~~~~~~~~~~~~~~~~~
~~~~~~~~~~~~~~~~~~~~~~
[0m
[96mclient/src/pages/
BusinessSnapshot.tsx[
0m:[93m78[0m:[93m21
[0m - 
[91merror[0m[90m 
TS17004: [0mCannot 
use JSX unless the 
'--jsx' flag is 
provided.

[7m78[0m            
         <table 
className="w-full 
text-[10px]" style={{ 
borderCollapse: 
'collapse', border: 
'1px solid #000' }}>
[7m  [0m [91m      
              ~~~~~~~~
~~~~~~~~~~~~~~~~~~~~~~
~~~~~~~~~~~~~~~~~~~~~~
~~~~~~~~~~~~~~~~~~~~~~
~~~~~~~~~~~~~~~~~~~~~~
~~~~~~~[0m
[96mclient/src/pages/
BusinessSnapshot.tsx[
0m:[93m79[0m:[93m25
[0m - 
[91merror[0m[90m 
TS17004: [0mCannot 
use JSX unless the 
'--jsx' flag is 
provided.

[7m79[0m            
             <thead>
[7m  [0m [91m      
                  
~~~~~~~[0m
[96mclient/src/pages/
BusinessSnapshot.tsx[
0m:[93m80[0m:[93m29
[0m - 
[91merror[0m[90m 
TS17004: [0mCannot 
use JSX unless the 
'--jsx' flag is 
provided.

[7m80[0m            
                 <tr c
lassName="bg-gray-100"
>
[7m  [0m [91m      
                      
~~~~~~~~~~~~~~~~~~~~~~
~~~~~~[0m
[96mclient/src/pages/
BusinessSnapshot.tsx[
0m:[93m81[0m:[93m33
[0m - 
[91merror[0m[90m 
TS17004: [0mCannot 
use JSX unless the 
'--jsx' flag is 
provided.

[7m81[0m            
                     
<th style={{ border: 
'1px solid #000', 
padding: '2px 6px', 
textAlign: 'left', 
width: '128px' 
}}>Metric</th>
[7m  [0m [91m      
                      
    ~~~~~~~~~~~~~~~~~~
~~~~~~~~~~~~~~~~~~~~~~
~~~~~~~~~~~~~~~~~~~~~~
~~~~~~~~~~~~~~~~~~~~~~
~~~~~~~~~~~~[0m
[96mclient/src/pages/
BusinessSnapshot.tsx[
0m:[93m82[0m:[93m33
[0m - 
[91merror[0m[90m 
TS17004: [0mCannot 
use JSX unless the 
'--jsx' flag is 
provided.

[7m82[0m            
                     
<th style={{ border: 
'1px solid #000', 
padding: '2px 6px', 
textAlign: 'right', 
width: '80px' }}>Date 
T</th>
[7m  [0m [91m      
                      
    ~~~~~~~~~~~~~~~~~~
~~~~~~~~~~~~~~~~~~~~~~
~~~~~~~~~~~~~~~~~~~~~~
~~~~~~~~~~~~~~~~~~~~~~
~~~~~~~~~~~~[0m
[96mclient/src/pages/
BusinessSnapshot.tsx[
0m:[93m83[0m:[93m33
[0m - 
[91merror[0m[90m 
TS17004: [0mCannot 
use JSX unless the 
'--jsx' flag is 
provided.

[7m83[0m            
                     
<th style={{ border: 
'1px solid #000', 
padding: '2px 6px', 
textAlign: 'right', 
width: '80px' }}>T-1 
Day</th>
[7m  [0m [91m      
                      
    ~~~~~~~~~~~~~~~~~~
~~~~~~~~~~~~~~~~~~~~~~
~~~~~~~~~~~~~~~~~~~~~~
~~~~~~~~~~~~~~~~~~~~~~
~~~~~~~~~~~~[0m
[96mclient/src/pages/
BusinessSnapshot.tsx[
0m:[93m84[0m:[93m33
[0m - 
[91merror[0m[90m 
TS17004: [0mCannot 
use JSX unless the 
'--jsx' flag is 
provided.

[7m84[0m            
                     
<th style={{ border: 
'1px solid #000', 
padding: '2px 6px', 
textAlign: 'right', 
width: '80px' 
}}>Month Start</th>
[7m  [0m [91m      
                      
    ~~~~~~~~~~~~~~~~~~
~~~~~~~~~~~~~~~~~~~~~~
~~~~~~~~~~~~~~~~~~~~~~
~~~~~~~~~~~~~~~~~~~~~~
~~~~~~~~~~~~[0m
[96mclient/src/pages/
BusinessSnapshot.tsx[
0m:[93m85[0m:[93m33
[0m - 
[91merror[0m[90m 
TS17004: [0mCannot 
use JSX unless the 
'--jsx' flag is 
provided.

[7m85[0m            
                     
<th style={{ border: 
'1px solid #000', 
padding: '2px 6px', 
textAlign: 'right', 
width: '80px' }}>FY 
Start</th>
[7m  [0m [91m      
                      
    ~~~~~~~~~~~~~~~~~~
~~~~~~~~~~~~~~~~~~~~~~
~~~~~~~~~~~~~~~~~~~~~~
~~~~~~~~~~~~~~~~~~~~~~
~~~~~~~~~~~~[0m
[96mclient/src/pages/
BusinessSnapshot.tsx[
0m:[93m86[0m:[93m33
[0m - 
[91merror[0m[90m 
TS17004: [0mCannot 
use JSX unless the 
'--jsx' flag is 
provided.

[7m86[0m            
                     
<th style={{ border: 
'1px solid #000', 
padding: '2px 6px', 
textAlign: 'right', 
width: '96px' }}>Prev 
FY Close</th>
[7m  [0m [91m      
                      
    ~~~~~~~~~~~~~~~~~~
~~~~~~~~~~~~~~~~~~~~~~
~~~~~~~~~~~~~~~~~~~~~~
~~~~~~~~~~~~~~~~~~~~~~
~~~~~~~~~~~~[0m
[96mclient/src/pages/
BusinessSnapshot.tsx[
0m:[93m89[0m:[93m25
[0m - 
[91merror[0m[90m 
TS17004: [0mCannot 
use JSX unless the 
'--jsx' flag is 
provided.

[7m89[0m            
             <tbody>
[7m  [0m [91m      
                  
~~~~~~~[0m
[96mclient/src/pages/
BusinessSnapshot.tsx[
0m:[93m99[0m:[93m33
[0m - 
[91merror[0m[90m 
TS17004: [0mCannot 
use JSX unless the 
'--jsx' flag is 
provided.

[7m99[0m            
                     
<tr key={idx}>
[7m  [0m [91m      
                      
    ~~~~~~~~~~~~~~[0m
[96mclient/src/pages/
BusinessSnapshot.tsx[
0m:[93m100[0m:[93m3
7[0m - 
[91merror[0m[90m 
TS17004: [0mCannot 
use JSX unless the 
'--jsx' flag is 
provided.

[7m100[0m           
                      
    <td style={{ 
border: '1px solid 
#000', padding: '2px 
6px', fontWeight: 
'600' 
}}>{row.metric}</td>
[7m   [0m [91m     
                      
         ~~~~~~~~~~~~~
~~~~~~~~~~~~~~~~~~~~~~
~~~~~~~~~~~~~~~~~~~~~~
~~~~~~~~~~~~~~~~~~~~~~
~[0m
[96mclient/src/pages/
BusinessSnapshot.tsx[
0m:[93m102[0m:[93m4
1[0m - 
[91merror[0m[90m 
TS17004: [0mCannot 
use JSX unless the 
'--jsx' flag is 
provided.

[7m102[0m           
                      
        <td key={i} 
style={{ border: '1px 
solid #000', padding: 
'2px 6px', textAlign: 
'right' }}>{val}</td>
[7m   [0m [91m     
                      
             ~~~~~~~~~
~~~~~~~~~~~~~~~~~~~~~~
~~~~~~~~~~~~~~~~~~~~~~
~~~~~~~~~~~~~~~~~~~~~~
~~~~~~~~~~~~~~[0m
[96mclient/src/pages/
BusinessSnapshot.tsx[
0m:[93m111[0m:[93m1
7[0m - 
[91merror[0m[90m 
TS17004: [0mCannot 
use JSX unless the 
'--jsx' flag is 
provided.

[7m111[0m           
      <div 
className="mb-4">
[7m   [0m [91m     
           ~~~~~~~~~~~
~~~~~~~~~~~[0m
[96mclient/src/pages/
BusinessSnapshot.tsx[
0m:[93m112[0m:[93m2
1[0m - 
[91merror[0m[90m 
TS17004: [0mCannot 
use JSX unless the 
'--jsx' flag is 
provided.

[7m112[0m           
          <h3 
className="font-bold 
text-xs mb-1 
bg-gray-900 
text-white px-2 
py-0.5">2. GROWTH 
VIEW (%)</h3>
[7m   [0m [91m     
               ~~~~~~~
~~~~~~~~~~~~~~~~~~~~~~
~~~~~~~~~~~~~~~~~~~~~~
~~~~~~~~~~~~~~~~~~~~~~
~[0m
[96mclient/src/pages/
BusinessSnapshot.tsx[
0m:[93m113[0m:[93m2
1[0m - 
[91merror[0m[90m 
TS17004: [0mCannot 
use JSX unless the 
'--jsx' flag is 
provided.

[7m113[0m           
          <table 
className="w-full 
text-[10px]" style={{ 
borderCollapse: 
'collapse', border: 
'1px solid #000' }}>
[7m   [0m [91m     
               ~~~~~~~
~~~~~~~~~~~~~~~~~~~~~~
~~~~~~~~~~~~~~~~~~~~~~
~~~~~~~~~~~~~~~~~~~~~~
~~~~~~~~~~~~~~~~~~~~~~
~~~~~~~~[0m
[96mclient/src/pages/
BusinessSnapshot.tsx[
0m:[93m114[0m:[93m2
5[0m - 
[91merror[0m[90m 
TS17004: [0mCannot 
use JSX unless the 
'--jsx' flag is 
provided.

[7m114[0m           
              <thead>
[7m   [0m [91m     
                   
~~~~~~~[0m
[96mclient/src/pages/
BusinessSnapshot.tsx[
0m:[93m115[0m:[93m2
9[0m - 
[91merror[0m[90m 
TS17004: [0mCannot 
use JSX unless the 
'--jsx' flag is 
provided.

[7m115[0m           
                  <tr 
className="bg-gray-100
">
[7m   [0m [91m     
                      
 ~~~~~~~~~~~~~~~~~~~~~
~~~~~~~[0m
[96mclient/src/pages/
BusinessSnapshot.tsx[
0m:[93m116[0m:[93m3
3[0m - 
[91merror[0m[90m 
TS17004: [0mCannot 
use JSX unless the 
'--jsx' flag is 
provided.

[7m116[0m           
                      
<th style={{ border: 
'1px solid #000', 
padding: '2px 6px', 
textAlign: 'left', 
width: '128px' 
}}>Metric</th>
[7m   [0m [91m     
                      
     ~~~~~~~~~~~~~~~~~
~~~~~~~~~~~~~~~~~~~~~~
~~~~~~~~~~~~~~~~~~~~~~
~~~~~~~~~~~~~~~~~~~~~~
~~~~~~~~~~~~~[0m
[96mclient/src/pages/
BusinessSnapshot.tsx[
0m:[93m117[0m:[93m3
3[0m - 
[91merror[0m[90m 
TS17004: [0mCannot 
use JSX unless the 
'--jsx' flag is 
provided.

[7m117[0m           
                      
<th style={{ border: 
'1px solid #000', 
padding: '2px 6px', 
textAlign: 'right', 
width: '96px' }}>Prev 
FY Growth</th>
[7m   [0m [91m     
                      
     ~~~~~~~~~~~~~~~~~
~~~~~~~~~~~~~~~~~~~~~~
~~~~~~~~~~~~~~~~~~~~~~
~~~~~~~~~~~~~~~~~~~~~~
~~~~~~~~~~~~~[0m
[96mclient/src/pages/
BusinessSnapshot.tsx[
0m:[93m118[0m:[93m3
3[0m - 
[91merror[0m[90m 
TS17004: [0mCannot 
use JSX unless the 
'--jsx' flag is 
provided.

[7m118[0m           
                      
<th style={{ border: 
'1px solid #000', 
padding: '2px 6px', 
textAlign: 'right', 
width: '64px' 
}}>FTY</th>
[7m   [0m [91m     
                      
     ~~~~~~~~~~~~~~~~~
~~~~~~~~~~~~~~~~~~~~~~
~~~~~~~~~~~~~~~~~~~~~~
~~~~~~~~~~~~~~~~~~~~~~
~~~~~~~~~~~~~[0m
[96mclient/src/pages/
BusinessSnapshot.tsx[
0m:[93m119[0m:[93m3
3[0m - 
[91merror[0m[90m 
TS17004: [0mCannot 
use JSX unless the 
'--jsx' flag is 
provided.

[7m119[0m           
                      
<th style={{ border: 
'1px solid #000', 
padding: '2px 6px', 
textAlign: 'right', 
width: '64px' 
}}>FTM</th>
[7m   [0m [91m     
                      
     ~~~~~~~~~~~~~~~~~
~~~~~~~~~~~~~~~~~~~~~~
~~~~~~~~~~~~~~~~~~~~~~
~~~~~~~~~~~~~~~~~~~~~~
~~~~~~~~~~~~~[0m
[96mclient/src/pages/
BusinessSnapshot.tsx[
0m:[93m120[0m:[93m3
3[0m - 
[91merror[0m[90m 
TS17004: [0mCannot 
use JSX unless the 
'--jsx' flag is 
provided.

[7m120[0m           
                      
<th style={{ border: 
'1px solid #000', 
padding: '2px 6px', 
textAlign: 'right', 
width: '64px' 
}}>FTD</th>
[7m   [0m [91m     
                      
     ~~~~~~~~~~~~~~~~~
~~~~~~~~~~~~~~~~~~~~~~
~~~~~~~~~~~~~~~~~~~~~~
~~~~~~~~~~~~~~~~~~~~~~
~~~~~~~~~~~~~[0m
[96mclient/src/pages/
BusinessSnapshot.tsx[
0m:[93m123[0m:[93m2
5[0m - 
[91merror[0m[90m 
TS17004: [0mCannot 
use JSX unless the 
'--jsx' flag is 
provided.

[7m123[0m           
              <tbody>
[7m   [0m [91m     
                   
~~~~~~~[0m
[96mclient/src/pages/
BusinessSnapshot.tsx[
0m:[93m133[0m:[93m3
3[0m - 
[91merror[0m[90m 
TS17004: [0mCannot 
use JSX unless the 
'--jsx' flag is 
provided.

[7m133[0m           
                      
<tr key={idx}>
[7m   [0m [91m     
                      
     
~~~~~~~~~~~~~~[0m
[96mclient/src/pages/
BusinessSnapshot.tsx[
0m:[93m134[0m:[93m3
7[0m - 
[91merror[0m[90m 
TS17004: [0mCannot 
use JSX unless the 
'--jsx' flag is 
provided.

[7m134[0m           
                      
    <td style={{ 
border: '1px solid 
#000', padding: '2px 
6px', fontWeight: 
'600' 
}}>{row.metric}</td>
[7m   [0m [91m     
                      
         ~~~~~~~~~~~~~
~~~~~~~~~~~~~~~~~~~~~~
~~~~~~~~~~~~~~~~~~~~~~
~~~~~~~~~~~~~~~~~~~~~~
~[0m
[96mclient/src/pages/
BusinessSnapshot.tsx[
0m:[93m136[0m:[93m4
1[0m - 
[91merror[0m[90m 
TS17004: [0mCannot 
use JSX unless the 
'--jsx' flag is 
provided.

[7m136[0m           
                      
        <td key={i} 
style={{ border: '1px 
solid #000', padding: 
'2px 6px', textAlign: 
'right' }}>{val}</td>
[7m   [0m [91m     
                      
             ~~~~~~~~~
~~~~~~~~~~~~~~~~~~~~~~
~~~~~~~~~~~~~~~~~~~~~~
~~~~~~~~~~~~~~~~~~~~~~
~~~~~~~~~~~~~~[0m
[96mclient/src/pages/
BusinessSnapshot.tsx[
0m:[93m145[0m:[93m1
7[0m - 
[91merror[0m[90m 
TS17004: [0mCannot 
use JSX unless the 
'--jsx' flag is 
provided.

[7m145[0m           
      <div 
className="mb-4">
[7m   [0m [91m     
           ~~~~~~~~~~~
~~~~~~~~~~~[0m
[96mclient/src/pages/
BusinessSnapshot.tsx[
0m:[93m146[0m:[93m2
1[0m - 
[91merror[0m[90m 
TS17004: [0mCannot 
use JSX unless the 
'--jsx' flag is 
provided.

[7m146[0m           
          <h3 
className="font-bold 
text-xs mb-1 
bg-gray-900 
text-white px-2 
py-0.5">3. TARGET & 
GAP TRACKING</h3>
[7m   [0m [91m     
               ~~~~~~~
~~~~~~~~~~~~~~~~~~~~~~
~~~~~~~~~~~~~~~~~~~~~~
~~~~~~~~~~~~~~~~~~~~~~
~[0m
[96mclient/src/pages/
BusinessSnapshot.tsx[
0m:[93m147[0m:[93m2
1[0m - 
[91merror[0m[90m 
TS17004: [0mCannot 
use JSX unless the 
'--jsx' flag is 
provided.

[7m147[0m           
          <table 
className="w-full 
text-[10px]" style={{ 
borderCollapse: 
'collapse', border: 
'1px solid #000' }}>
[7m   [0m [91m     
               ~~~~~~~
~~~~~~~~~~~~~~~~~~~~~~
~~~~~~~~~~~~~~~~~~~~~~
~~~~~~~~~~~~~~~~~~~~~~
~~~~~~~~~~~~~~~~~~~~~~
~~~~~~~~[0m
[96mclient/src/pages/
BusinessSnapshot.tsx[
0m:[93m148[0m:[93m2
5[0m - 
[91merror[0m[90m 
TS17004: [0mCannot 
use JSX unless the 
'--jsx' flag is 
provided.

[7m148[0m           
              <thead>
[7m   [0m [91m     
                   
~~~~~~~[0m
[96mclient/src/pages/
BusinessSnapshot.tsx[
0m:[93m149[0m:[93m2
9[0m - 
[91merror[0m[90m 
TS17004: [0mCannot 
use JSX unless the 
'--jsx' flag is 
provided.

[7m149[0m           
                  <tr 
className="bg-gray-100
">
[7m   [0m [91m     
                      
 ~~~~~~~~~~~~~~~~~~~~~
~~~~~~~[0m
[96mclient/src/pages/
BusinessSnapshot.tsx[
0m:[93m150[0m:[93m3
3[0m - 
[91merror[0m[90m 
TS17004: [0mCannot 
use JSX unless the 
'--jsx' flag is 
provided.

[7m150[0m           
                      
<th style={{ border: 
'1px solid #000', 
padding: '2px 6px', 
textAlign: 'left', 
width: '128px' 
}}>Metric</th>
[7m   [0m [91m     
                      
     ~~~~~~~~~~~~~~~~~
~~~~~~~~~~~~~~~~~~~~~~
~~~~~~~~~~~~~~~~~~~~~~
~~~~~~~~~~~~~~~~~~~~~~
~~~~~~~~~~~~~[0m
[96mclient/src/pages/
BusinessSnapshot.tsx[
0m:[93m151[0m:[93m3
3[0m - 
[91merror[0m[90m 
TS17004: [0mCannot 
use JSX unless the 
'--jsx' flag is 
provided.

[7m151[0m           
                      
<th style={{ border: 
'1px solid #000', 
padding: '2px 6px', 
textAlign: 'right', 
width: '80px' 
}}>Month Target</th>
[7m   [0m [91m     
                      
     ~~~~~~~~~~~~~~~~~
~~~~~~~~~~~~~~~~~~~~~~
~~~~~~~~~~~~~~~~~~~~~~
~~~~~~~~~~~~~~~~~~~~~~
~~~~~~~~~~~~~[0m
[96mclient/src/pages/
BusinessSnapshot.tsx[
0m:[93m152[0m:[93m3
3[0m - 
[91merror[0m[90m 
TS17004: [0mCannot 
use JSX unless the 
'--jsx' flag is 
provided.

[7m152[0m           
                      
<th style={{ border: 
'1px solid #000', 
padding: '2px 6px', 
textAlign: 'right', 
width: '64px' 
}}>Actual</th>
[7m   [0m [91m     
                      
     ~~~~~~~~~~~~~~~~~
~~~~~~~~~~~~~~~~~~~~~~
~~~~~~~~~~~~~~~~~~~~~~
~~~~~~~~~~~~~~~~~~~~~~
~~~~~~~~~~~~~[0m
[96mclient/src/pages/
BusinessSnapshot.tsx[
0m:[93m153[0m:[93m3
3[0m - 
[91merror[0m[90m 
TS17004: [0mCannot 
use JSX unless the 
'--jsx' flag is 
provided.

[7m153[0m           
                      
<th style={{ border: 
'1px solid #000', 
padding: '2px 6px', 
textAlign: 'right', 
width: '64px' 
}}>Gap</th>
[7m   [0m [91m     
                      
     ~~~~~~~~~~~~~~~~~
~~~~~~~~~~~~~~~~~~~~~~
~~~~~~~~~~~~~~~~~~~~~~
~~~~~~~~~~~~~~~~~~~~~~
~~~~~~~~~~~~~[0m
[96mclient/src/pages/
BusinessSnapshot.tsx[
0m:[93m154[0m:[93m3
3[0m - 
[91merror[0m[90m 
TS17004: [0mCannot 
use JSX unless the 
'--jsx' flag is 
provided.

[7m154[0m           
                      
<th style={{ border: 
'1px solid #000', 
padding: '2px 6px', 
textAlign: 'right', 
width: '64px' }}>Gap 
%</th>
[7m   [0m [91m     
                      
     ~~~~~~~~~~~~~~~~~
~~~~~~~~~~~~~~~~~~~~~~
~~~~~~~~~~~~~~~~~~~~~~
~~~~~~~~~~~~~~~~~~~~~~
~~~~~~~~~~~~~[0m
[96mclient/src/pages/
BusinessSnapshot.tsx[
0m:[93m155[0m:[93m3
3[0m - 
[91merror[0m[90m 
TS17004: [0mCannot 
use JSX unless the 
'--jsx' flag is 
provided.

[7m155[0m           
                      
<th style={{ border: 
'1px solid #000', 
padding: '2px 6px', 
textAlign: 'right', 
width: '64px' 
}}>Status</th>
[7m   [0m [91m     
                      
     ~~~~~~~~~~~~~~~~~
~~~~~~~~~~~~~~~~~~~~~~
~~~~~~~~~~~~~~~~~~~~~~
~~~~~~~~~~~~~~~~~~~~~~
~~~~~~~~~~~~~[0m
[96mclient/src/pages/
BusinessSnapshot.tsx[
0m:[93m158[0m:[93m2
5[0m - 
[91merror[0m[90m 
TS17004: [0mCannot 
use JSX unless the 
'--jsx' flag is 
provided.

[7m158[0m           
              <tbody>
[7m   [0m [91m     
                   
~~~~~~~[0m
[96mclient/src/pages/
BusinessSnapshot.tsx[
0m:[93m168[0m:[93m3
3[0m - 
[91merror[0m[90m 
TS17004: [0mCannot 
use JSX unless the 
'--jsx' flag is 
provided.

[7m168[0m           
                      
<tr key={idx}>
[7m   [0m [91m     
                      
     
~~~~~~~~~~~~~~[0m
[96mclient/src/pages/
BusinessSnapshot.tsx[
0m:[93m169[0m:[93m3
7[0m - 
[91merror[0m[90m 
TS17004: [0mCannot 
use JSX unless the 
'--jsx' flag is 
provided.

[7m169[0m           
                      
    <td style={{ 
border: '1px solid 
#000', padding: '2px 
6px', fontWeight: 
'600' 
}}>{row.metric}</td>
[7m   [0m [91m     
                      
         ~~~~~~~~~~~~~
~~~~~~~~~~~~~~~~~~~~~~
~~~~~~~~~~~~~~~~~~~~~~
~~~~~~~~~~~~~~~~~~~~~~
~[0m
[96mclient/src/pages/
BusinessSnapshot.tsx[
0m:[93m170[0m:[93m3
7[0m - 
[91merror[0m[90m 
TS17004: [0mCannot 
use JSX unless the 
'--jsx' flag is 
provided.

[7m170[0m           
                      
    <td style={{ 
border: '1px solid 
#000', padding: '2px 
6px', textAlign: 
'right' 
}}>{row.target}</td>
[7m   [0m [91m     
                      
         ~~~~~~~~~~~~~
~~~~~~~~~~~~~~~~~~~~~~
~~~~~~~~~~~~~~~~~~~~~~
~~~~~~~~~~~~~~~~~~~~~~
~~[0m
[96mclient/src/pages/
BusinessSnapshot.tsx[
0m:[93m171[0m:[93m3
7[0m - 
[91merror[0m[90m 
TS17004: [0mCannot 
use JSX unless the 
'--jsx' flag is 
provided.

[7m171[0m           
                      
    <td style={{ 
border: '1px solid 
#000', padding: '2px 
6px', textAlign: 
'right' 
}}>{row.actual}</td>
[7m   [0m [91m     
                      
         ~~~~~~~~~~~~~
~~~~~~~~~~~~~~~~~~~~~~
~~~~~~~~~~~~~~~~~~~~~~
~~~~~~~~~~~~~~~~~~~~~~
~~[0m
[96mclient/src/pages/
BusinessSnapshot.tsx[
0m:[93m172[0m:[93m3
7[0m - 
[91merror[0m[90m 
TS17004: [0mCannot 
use JSX unless the 
'--jsx' flag is 
provided.

[7m172[0m           
                      
    <td style={{ 
border: '1px solid 
#000', padding: '2px 
6px', textAlign: 
'right' 
}}>{row.gap}</td>
[7m   [0m [91m     
                      
         ~~~~~~~~~~~~~
~~~~~~~~~~~~~~~~~~~~~~
~~~~~~~~~~~~~~~~~~~~~~
~~~~~~~~~~~~~~~~~~~~~~
~~[0m
[96mclient/src/pages/
BusinessSnapshot.tsx[
0m:[93m173[0m:[93m3
7[0m - 
[91merror[0m[90m 
TS17004: [0mCannot 
use JSX unless the 
'--jsx' flag is 
provided.

[7m173[0m           
                      
    <td style={{ 
border: '1px solid 
#000', padding: '2px 
6px', textAlign: 
'right' 
}}>{row.gapPct}</td>
[7m   [0m [91m     
                      
         ~~~~~~~~~~~~~
~~~~~~~~~~~~~~~~~~~~~~
~~~~~~~~~~~~~~~~~~~~~~
~~~~~~~~~~~~~~~~~~~~~~
~~[0m
[96mclient/src/pages/
BusinessSnapshot.tsx[
0m:[93m174[0m:[93m3
7[0m - 
[91merror[0m[90m 
TS17004: [0mCannot 
use JSX unless the 
'--jsx' flag is 
provided.

[7m174[0m           
                      
    <td style={{ 
border: '1px solid 
#000', padding: '2px 
6px', textAlign: 
'center' 
}}>{row.status}</td>
[7m   [0m [91m     
                      
         ~~~~~~~~~~~~~
~~~~~~~~~~~~~~~~~~~~~~
~~~~~~~~~~~~~~~~~~~~~~
~~~~~~~~~~~~~~~~~~~~~~
~~~[0m
[96mclient/src/pages/
BusinessSnapshot.tsx[
0m:[93m182[0m:[93m1
7[0m - 
[91merror[0m[90m 
TS17004: [0mCannot 
use JSX unless the 
'--jsx' flag is 
provided.

[7m182[0m           
      <div 
className="mb-4">
[7m   [0m [91m     
           ~~~~~~~~~~~
~~~~~~~~~~~[0m
[96mclient/src/pages/
BusinessSnapshot.tsx[
0m:[93m183[0m:[93m2
1[0m - 
[91merror[0m[90m 
TS17004: [0mCannot 
use JSX unless the 
'--jsx' flag is 
provided.

[7m183[0m           
          <h3 
className="font-bold 
text-xs mb-1 
bg-gray-900 
text-white px-2 
py-0.5">4. FROZEN 
RATIO SET (AS PER 
LEVEL)</h3>
[7m   [0m [91m     
               ~~~~~~~
~~~~~~~~~~~~~~~~~~~~~~
~~~~~~~~~~~~~~~~~~~~~~
~~~~~~~~~~~~~~~~~~~~~~
~[0m
[96mclient/src/pages/
BusinessSnapshot.tsx[
0m:[93m184[0m:[93m2
1[0m - 
[91merror[0m[90m 
TS17004: [0mCannot 
use JSX unless the 
'--jsx' flag is 
provided.

[7m184[0m           
          <table 
className="w-full 
text-[10px] border 
border-gray-900" 
style={{ 
borderCollapse: 
'collapse' }}>
[7m   [0m [91m     
               ~~~~~~~
~~~~~~~~~~~~~~~~~~~~~~
~~~~~~~~~~~~~~~~~~~~~~
~~~~~~~~~~~~~~~~~~~~~~
~~~~~~~~~~~~~~~~~~~~~~
~~~~~[0m
[96mclient/src/pages/
BusinessSnapshot.tsx[
0m:[93m185[0m:[93m2
5[0m - 
[91merror[0m[90m 
TS17004: [0mCannot 
use JSX unless the 
'--jsx' flag is 
provided.

[7m185[0m           
              <thead>
[7m   [0m [91m     
                   
~~~~~~~[0m
[96mclient/src/pages/
BusinessSnapshot.tsx[
0m:[93m186[0m:[93m2
9[0m - 
[91merror[0m[90m 
TS17004: [0mCannot 
use JSX unless the 
'--jsx' flag is 
provided.

[7m186[0m           
                  <tr 
className="bg-gray-100
">
[7m   [0m [91m     
                      
 ~~~~~~~~~~~~~~~~~~~~~
~~~~~~~[0m
[96mclient/src/pages/
BusinessSnapshot.tsx[
0m:[93m187[0m:[93m3
3[0m - 
[91merror[0m[90m 
TS17004: [0mCannot 
use JSX unless the 
'--jsx' flag is 
provided.

[7m187[0m           
                      
<th className="border 
border-gray-900 
px-1.5 py-0.5 
text-left">Ratio</th>
[7m   [0m [91m     
                      
     ~~~~~~~~~~~~~~~~~
~~~~~~~~~~~~~~~~~~~~~~
~~~~~~~~~~~~~~~~~~~~~~
~~[0m
[96mclient/src/pages/
BusinessSnapshot.tsx[
0m:[93m188[0m:[93m3
3[0m - 
[91merror[0m[90m 
TS17004: [0mCannot 
use JSX unless the 
'--jsx' flag is 
provided.

[7m188[0m           
                      
<th className="border 
border-gray-900 
px-1.5 py-0.5 
text-right 
w-20">Value</th>
[7m   [0m [91m     
                      
     ~~~~~~~~~~~~~~~~~
~~~~~~~~~~~~~~~~~~~~~~
~~~~~~~~~~~~~~~~~~~~~~
~~~~~~~~[0m
[96mclient/src/pages/
BusinessSnapshot.tsx[
0m:[93m189[0m:[93m3
3[0m - 
[91merror[0m[90m 
TS17004: [0mCannot 
use JSX unless the 
'--jsx' flag is 
provided.

[7m189[0m           
                      
<th className="border 
border-gray-900 
px-1.5 py-0.5 
text-center 
w-16">Trend</th>
[7m   [0m [91m     
                      
     ~~~~~~~~~~~~~~~~~
~~~~~~~~~~~~~~~~~~~~~~
~~~~~~~~~~~~~~~~~~~~~~
~~~~~~~~~[0m
[96mclient/src/pages/
BusinessSnapshot.tsx[
0m:[93m192[0m:[93m2
5[0m - 
[91merror[0m[90m 
TS17004: [0mCannot 
use JSX unless the 
'--jsx' flag is 
provided.

[7m192[0m           
              <tbody>
[7m   [0m [91m     
                   
~~~~~~~[0m
[96mclient/src/pages/
BusinessSnapshot.tsx[
0m:[93m203[0m:[93m3
3[0m - 
[91merror[0m[90m 
TS17004: [0mCannot 
use JSX unless the 
'--jsx' flag is 
provided.

[7m203[0m           
                      
<tr key={idx}>
[7m   [0m [91m     
                      
     
~~~~~~~~~~~~~~[0m
[96mclient/src/pages/
BusinessSnapshot.tsx[
0m:[93m204[0m:[93m3
7[0m - 
[91merror[0m[90m 
TS17004: [0mCannot 
use JSX unless the 
'--jsx' flag is 
provided.

[7m204[0m           
                      
    <td 
className="border 
border-gray-900 
px-1.5 py-0.5 font-sem
ibold">{row.ratio}</td
>
[7m   [0m [91m     
                      
         ~~~~~~~~~~~~~
~~~~~~~~~~~~~~~~~~~~~~
~~~~~~~~~~~~~~~~~~~~~~
~~~~~~~~~~[0m
[96mclient/src/pages/
BusinessSnapshot.tsx[
0m:[93m205[0m:[93m3
7[0m - 
[91merror[0m[90m 
TS17004: [0mCannot 
use JSX unless the 
'--jsx' flag is 
provided.

[7m205[0m           
                      
    <td 
className="border 
border-gray-900 
px-1.5 py-0.5 text-rig
ht">{row.value}</td>
[7m   [0m [91m     
                      
         ~~~~~~~~~~~~~
~~~~~~~~~~~~~~~~~~~~~~
~~~~~~~~~~~~~~~~~~~~~~
~~~~~~~[0m
[96mclient/src/pages/
BusinessSnapshot.tsx[
0m:[93m206[0m:[93m3
7[0m - 
[91merror[0m[90m 
TS17004: [0mCannot 
use JSX unless the 
'--jsx' flag is 
provided.

[7m206[0m           
                      
    <td 
className="border 
border-gray-900 
px-1.5 py-0.5 
text-center">
[7m   [0m [91m     
                      
         ~~~~~~~~~~~~~
~~~~~~~~~~~~~~~~~~~~~~
~~~~~~~~~~~~~~~~~~~~~~
~~~~~~~~[0m
[96mclient/src/pages/
BusinessSnapshot.tsx[
0m:[93m207[0m:[93m4
1[0m - 
[91merror[0m[90m 
TS17004: [0mCannot 
use JSX unless the 
'--jsx' flag is 
provided.

[7m207[0m           
                      
        <span classNam
e="inline-flex 
items-center 
justify-center">
[7m   [0m [91m     
                      
             ~~~~~~~~~
~~~~~~~~~~~~~~~~~~~~~~
~~~~~~~~~~~~~~~~~~~~~~
~~~~~[0m
[96mclient/src/pages/
BusinessSnapshot.tsx[
0m:[93m218[0m:[93m1
7[0m - 
[91merror[0m[90m 
TS17004: [0mCannot 
use JSX unless the 
'--jsx' flag is 
provided.

[7m218[0m           
      <div 
className="grid 
grid-cols-2 gap-3 
text-[10px] mb-3">
[7m   [0m [91m     
           ~~~~~~~~~~~
~~~~~~~~~~~~~~~~~~~~~~
~~~~~~~~~~~~~~~~~~~~~~
~~[0m
[96mclient/src/pages/
BusinessSnapshot.tsx[
0m:[93m220[0m:[93m2
1[0m - 
[91merror[0m[90m 
TS17004: [0mCannot 
use JSX unless the 
'--jsx' flag is 
provided.

[7m220[0m           
          <div>
[7m   [0m [91m     
               
~~~~~[0m
[96mclient/src/pages/
BusinessSnapshot.tsx[
0m:[93m221[0m:[93m2
5[0m - 
[91merror[0m[90m 
TS17004: [0mCannot 
use JSX unless the 
'--jsx' flag is 
provided.

[7m221[0m           
              <h3 
className="font-bold 
text-xs mb-1 
bg-gray-900 
text-white px-2 
py-0.5">5. STRESS & 
CONTROL 
INDICATORS</h3>
[7m   [0m [91m     
                   ~~~
~~~~~~~~~~~~~~~~~~~~~~
~~~~~~~~~~~~~~~~~~~~~~
~~~~~~~~~~~~~~~~~~~~~~
~~~~~[0m
[96mclient/src/pages/
BusinessSnapshot.tsx[
0m:[93m222[0m:[93m2
5[0m - 
[91merror[0m[90m 
TS17004: [0mCannot 
use JSX unless the 
'--jsx' flag is 
provided.

[7m222[0m           
              <table 
className="w-full 
border 
border-gray-900" 
style={{ 
borderCollapse: 
'collapse' }}>
[7m   [0m [91m     
                   ~~~
~~~~~~~~~~~~~~~~~~~~~~
~~~~~~~~~~~~~~~~~~~~~~
~~~~~~~~~~~~~~~~~~~~~~
~~~~~~~~~~~~~~~~~~~[0
m
[96mclient/src/pages/
BusinessSnapshot.tsx[
0m:[93m223[0m:[93m2
9[0m - 
[91merror[0m[90m 
TS17004: [0mCannot 
use JSX unless the 
'--jsx' flag is 
provided.

[7m223[0m           
                  
<thead>
[7m   [0m [91m     
                      
 ~~~~~~~[0m
[96mclient/src/pages/
BusinessSnapshot.tsx[
0m:[93m224[0m:[93m3
3[0m - 
[91merror[0m[90m 
TS17004: [0mCannot 
use JSX unless the 
'--jsx' flag is 
provided.

[7m224[0m           
                      
<tr className="bg-gray
-100">
[7m   [0m [91m     
                      
     ~~~~~~~~~~~~~~~~~
~~~~~~~~~~~[0m
[96mclient/src/pages/
BusinessSnapshot.tsx[
0m:[93m225[0m:[93m3
7[0m - 
[91merror[0m[90m 
TS17004: [0mCannot 
use JSX unless the 
'--jsx' flag is 
provided.

[7m225[0m           
                      
    <th 
className="border 
border-gray-900 
px-1.5 py-0.5 text-lef
t">Indicator</th>
[7m   [0m [91m     
                      
         ~~~~~~~~~~~~~
~~~~~~~~~~~~~~~~~~~~~~
~~~~~~~~~~~~~~~~~~~~~~
~~~~~~[0m
[96mclient/src/pages/
BusinessSnapshot.tsx[
0m:[93m226[0m:[93m3
7[0m - 
[91merror[0m[90m 
TS17004: [0mCannot 
use JSX unless the 
'--jsx' flag is 
provided.

[7m226[0m           
                      
    <th 
className="border 
border-gray-900 
px-1.5 py-0.5 
text-right 
w-12">Count</th>
[7m   [0m [91m     
                      
         ~~~~~~~~~~~~~
~~~~~~~~~~~~~~~~~~~~~~
~~~~~~~~~~~~~~~~~~~~~~
~~~~~~~~~~~~[0m
[96mclient/src/pages/
BusinessSnapshot.tsx[
0m:[93m227[0m:[93m3
7[0m - 
[91merror[0m[90m 
TS17004: [0mCannot 
use JSX unless the 
'--jsx' flag is 
provided.

[7m227[0m           
                      
    <th 
className="border 
border-gray-900 
px-1.5 py-0.5 
text-right 
w-16">Exposure</th>
[7m   [0m [91m     
                      
         ~~~~~~~~~~~~~
~~~~~~~~~~~~~~~~~~~~~~
~~~~~~~~~~~~~~~~~~~~~~
~~~~~~~~~~~~[0m
[96mclient/src/pages/
BusinessSnapshot.tsx[
0m:[93m230[0m:[93m2
9[0m - 
[91merror[0m[90m 
TS17004: [0mCannot 
use JSX unless the 
'--jsx' flag is 
provided.

[7m230[0m           
                  
<tbody>
[7m   [0m [91m     
                      
 ~~~~~~~[0m
[96mclient/src/pages/
BusinessSnapshot.tsx[
0m:[93m237[0m:[93m3
7[0m - 
[91merror[0m[90m 
TS17004: [0mCannot 
use JSX unless the 
'--jsx' flag is 
provided.

[7m237[0m           
                      
    <tr key={idx}>
[7m   [0m [91m     
                      
         
~~~~~~~~~~~~~~[0m
[96mclient/src/pages/
BusinessSnapshot.tsx[
0m:[93m238[0m:[93m4
1[0m - 
[91merror[0m[90m 
TS17004: [0mCannot 
use JSX unless the 
'--jsx' flag is 
provided.

[7m238[0m           
                      
        <td 
className="border 
border-gray-900 
px-1.5 
py-0.5">{row[0]}</td>
[7m   [0m [91m     
                      
             ~~~~~~~~~
~~~~~~~~~~~~~~~~~~~~~~
~~~~~~~~~~~~~~~~~~~~~~
[0m
[96mclient/src/pages/
BusinessSnapshot.tsx[
0m:[93m239[0m:[93m4
1[0m - 
[91merror[0m[90m 
TS17004: [0mCannot 
use JSX unless the 
'--jsx' flag is 
provided.

[7m239[0m           
                      
        <td 
className="border 
border-gray-900 
px-1.5 py-0.5 text-rig
ht">{row[1]}</td>
[7m   [0m [91m     
                      
             ~~~~~~~~~
~~~~~~~~~~~~~~~~~~~~~~
~~~~~~~~~~~~~~~~~~~~~~
~~~~~~~~~~~[0m
[96mclient/src/pages/
BusinessSnapshot.tsx[
0m:[93m240[0m:[93m4
1[0m - 
[91merror[0m[90m 
TS17004: [0mCannot 
use JSX unless the 
'--jsx' flag is 
provided.

[7m240[0m           
                      
        <td 
className="border 
border-gray-900 
px-1.5 py-0.5 text-rig
ht">{row[2]}</td>
[7m   [0m [91m     
                      
             ~~~~~~~~~
~~~~~~~~~~~~~~~~~~~~~~
~~~~~~~~~~~~~~~~~~~~~~
~~~~~~~~~~~[0m
[96mclient/src/pages/
BusinessSnapshot.tsx[
0m:[93m248[0m:[93m2
1[0m - 
[91merror[0m[90m 
TS17004: [0mCannot 
use JSX unless the 
'--jsx' flag is 
provided.

[7m248[0m           
          <div>
[7m   [0m [91m     
               
~~~~~[0m
[96mclient/src/pages/
BusinessSnapshot.tsx[
0m:[93m249[0m:[93m2
5[0m - 
[91merror[0m[90m 
TS17004: [0mCannot 
use JSX unless the 
'--jsx' flag is 
provided.

[7m249[0m           
              <h3 
className="font-bold 
text-xs mb-1 
bg-gray-900 
text-white px-2 
py-0.5">6. RECOVERY & 
CASH DISCIPLINE</h3>
[7m   [0m [91m     
                   ~~~
~~~~~~~~~~~~~~~~~~~~~~
~~~~~~~~~~~~~~~~~~~~~~
~~~~~~~~~~~~~~~~~~~~~~
~~~~~[0m
[96mclient/src/pages/
BusinessSnapshot.tsx[
0m:[93m250[0m:[93m2
5[0m - 
[91merror[0m[90m 
TS17004: [0mCannot 
use JSX unless the 
'--jsx' flag is 
provided.

[7m250[0m           
              <table 
className="w-full 
border 
border-gray-900" 
style={{ 
borderCollapse: 
'collapse' }}>
[7m   [0m [91m     
                   ~~~
~~~~~~~~~~~~~~~~~~~~~~
~~~~~~~~~~~~~~~~~~~~~~
~~~~~~~~~~~~~~~~~~~~~~
~~~~~~~~~~~~~~~~~~~[0
m
[96mclient/src/pages/
BusinessSnapshot.tsx[
0m:[93m251[0m:[93m2
9[0m - 
[91merror[0m[90m 
TS17004: [0mCannot 
use JSX unless the 
'--jsx' flag is 
provided.

[7m251[0m           
                  
<thead>
[7m   [0m [91m     
                      
 ~~~~~~~[0m
[96mclient/src/pages/
BusinessSnapshot.tsx[
0m:[93m252[0m:[93m3
3[0m - 
[91merror[0m[90m 
TS17004: [0mCannot 
use JSX unless the 
'--jsx' flag is 
provided.

[7m252[0m           
                      
<tr className="bg-gray
-100">
[7m   [0m [91m     
                      
     ~~~~~~~~~~~~~~~~~
~~~~~~~~~~~[0m
[96mclient/src/pages/
BusinessSnapshot.tsx[
0m:[93m253[0m:[93m3
7[0m - 
[91merror[0m[90m 
TS17004: [0mCannot 
use JSX unless the 
'--jsx' flag is 
provided.

[7m253[0m           
                      
    <th 
className="border 
border-gray-900 
px-1.5 py-0.5 
text-left">Item</th>
[7m   [0m [91m     
                      
         ~~~~~~~~~~~~~
~~~~~~~~~~~~~~~~~~~~~~
~~~~~~~~~~~~~~~~~~~~~~
~~~~~~[0m
[96mclient/src/pages/
BusinessSnapshot.tsx[
0m:[93m254[0m:[93m3
7[0m - 
[91merror[0m[90m 
TS17004: [0mCannot 
use JSX unless the 
'--jsx' flag is 
provided.

[7m254[0m           
                      
    <th 
className="border 
border-gray-900 
px-1.5 py-0.5 
text-right 
w-12">Actual</th>
[7m   [0m [91m     
                      
         ~~~~~~~~~~~~~
~~~~~~~~~~~~~~~~~~~~~~
~~~~~~~~~~~~~~~~~~~~~~
~~~~~~~~~~~~[0m
[96mclient/src/pages/
BusinessSnapshot.tsx[
0m:[93m255[0m:[93m3
7[0m - 
[91merror[0m[90m 
TS17004: [0mCannot 
use JSX unless the 
'--jsx' flag is 
provided.

[7m255[0m           
                      
    <th 
className="border 
border-gray-900 
px-1.5 py-0.5 
text-right 
w-12">Target</th>
[7m   [0m [91m     
                      
         ~~~~~~~~~~~~~
~~~~~~~~~~~~~~~~~~~~~~
~~~~~~~~~~~~~~~~~~~~~~
~~~~~~~~~~~~[0m
[96mclient/src/pages/
BusinessSnapshot.tsx[
0m:[93m256[0m:[93m3
7[0m - 
[91merror[0m[90m 
TS17004: [0mCannot 
use JSX unless the 
'--jsx' flag is 
provided.

[7m256[0m           
                      
    <th 
className="border 
border-gray-900 
px-1.5 py-0.5 
text-right 
w-12">Var</th>
[7m   [0m [91m     
                      
         ~~~~~~~~~~~~~
~~~~~~~~~~~~~~~~~~~~~~
~~~~~~~~~~~~~~~~~~~~~~
~~~~~~~~~~~~[0m
[96mclient/src/pages/
BusinessSnapshot.tsx[
0m:[93m259[0m:[93m2
9[0m - 
[91merror[0m[90m 
TS17004: [0mCannot 
use JSX unless the 
'--jsx' flag is 
provided.

[7m259[0m           
                  
<tbody>
[7m   [0m [91m     
                      
 ~~~~~~~[0m
[96mclient/src/pages/
BusinessSnapshot.tsx[
0m:[93m266[0m:[93m3
7[0m - 
[91merror[0m[90m 
TS17004: [0mCannot 
use JSX unless the 
'--jsx' flag is 
provided.

[7m266[0m           
                      
    <tr key={idx}>
[7m   [0m [91m     
                      
         
~~~~~~~~~~~~~~[0m
[96mclient/src/pages/
BusinessSnapshot.tsx[
0m:[93m267[0m:[93m4
1[0m - 
[91merror[0m[90m 
TS17004: [0mCannot 
use JSX unless the 
'--jsx' flag is 
provided.

[7m267[0m           
                      
        <td 
className="border 
border-gray-900 
px-1.5 
py-0.5">{row[0]}</td>
[7m   [0m [91m     
                      
             ~~~~~~~~~
~~~~~~~~~~~~~~~~~~~~~~
~~~~~~~~~~~~~~~~~~~~~~
[0m
[96mclient/src/pages/
BusinessSnapshot.tsx[
0m:[93m268[0m:[93m4
1[0m - 
[91merror[0m[90m 
TS17004: [0mCannot 
use JSX unless the 
'--jsx' flag is 
provided.

[7m268[0m           
                      
        <td 
className="border 
border-gray-900 
px-1.5 py-0.5 text-rig
ht">{row[1]}</td>
[7m   [0m [91m     
                      
             ~~~~~~~~~
~~~~~~~~~~~~~~~~~~~~~~
~~~~~~~~~~~~~~~~~~~~~~
~~~~~~~~~~~[0m
[96mclient/src/pages/
BusinessSnapshot.tsx[
0m:[93m269[0m:[93m4
1[0m - 
[91merror[0m[90m 
TS17004: [0mCannot 
use JSX unless the 
'--jsx' flag is 
provided.

[7m269[0m           
                      
        <td 
className="border 
border-gray-900 
px-1.5 py-0.5 text-rig
ht">{row[2]}</td>
[7m   [0m [91m     
                      
             ~~~~~~~~~
~~~~~~~~~~~~~~~~~~~~~~
~~~~~~~~~~~~~~~~~~~~~~
~~~~~~~~~~~[0m
[96mclient/src/pages/
BusinessSnapshot.tsx[
0m:[93m270[0m:[93m4
1[0m - 
[91merror[0m[90m 
TS17004: [0mCannot 
use JSX unless the 
'--jsx' flag is 
provided.

[7m270[0m           
                      
        <td 
className={`border 
border-gray-900 
px-1.5 py-0.5 
text-right ${row[3].st
artsWith('-') ? 
'text-red-600 
font-bold' : 
'text-green-600 font-b
old'}`}>{row[3]}</td>
[7m   [0m [91m     
                      
             ~~~~~~~~~
~~~~~~~~~~~~~~~~~~~~~~
~~~~~~~~~~~~~~~~~~~~~~
~~~~~~~~~~~~~~~~~~~~~~
~~~~~~~~~~~~~~~~~~~~~~
~~~~~~~~~~~~~~~~~~~~~~
~~~~~~~~~~~~~~~~~~~~~~
~~~~~~~[0m
[96mclient/src/pages/
BusinessSnapshot.tsx[
0m:[93m279[0m:[93m1
7[0m - 
[91merror[0m[90m 
TS17004: [0mCannot 
use JSX unless the 
'--jsx' flag is 
provided.

[7m279[0m           
      <div 
className="grid 
grid-cols-2 gap-3 
text-[10px] mb-3">
[7m   [0m [91m     
           ~~~~~~~~~~~
~~~~~~~~~~~~~~~~~~~~~~
~~~~~~~~~~~~~~~~~~~~~~
~~[0m
[96mclient/src/pages/
BusinessSnapshot.tsx[
0m:[93m280[0m:[93m2
1[0m - 
[91merror[0m[90m 
TS17004: [0mCannot 
use JSX unless the 
'--jsx' flag is 
provided.

[7m280[0m           
          <div>
[7m   [0m [91m     
               
~~~~~[0m
[96mclient/src/pages/
BusinessSnapshot.tsx[
0m:[93m281[0m:[93m2
5[0m - 
[91merror[0m[90m 
TS17004: [0mCannot 
use JSX unless the 
'--jsx' flag is 
provided.

[7m281[0m           
              <h3 
className="font-bold 
text-xs mb-1 
bg-gray-900 
text-white px-2 
py-0.5">7. BUSINESS 
MOMENTUM</h3>
[7m   [0m [91m     
                   ~~~
~~~~~~~~~~~~~~~~~~~~~~
~~~~~~~~~~~~~~~~~~~~~~
~~~~~~~~~~~~~~~~~~~~~~
~~~~~[0m
[96mclient/src/pages/
BusinessSnapshot.tsx[
0m:[93m282[0m:[93m2
5[0m - 
[91merror[0m[90m 
TS17004: [0mCannot 
use JSX unless the 
'--jsx' flag is 
provided.

[7m282[0m           
              <table 
className="w-full 
border 
border-gray-900" 
style={{ 
borderCollapse: 
'collapse' }}>
[7m   [0m [91m     
                   ~~~
~~~~~~~~~~~~~~~~~~~~~~
~~~~~~~~~~~~~~~~~~~~~~
~~~~~~~~~~~~~~~~~~~~~~
~~~~~~~~~~~~~~~~~~~[0
m
[96mclient/src/pages/
BusinessSnapshot.tsx[
0m:[93m283[0m:[93m2
9[0m - 
[91merror[0m[90m 
TS17004: [0mCannot 
use JSX unless the 
'--jsx' flag is 
provided.

[7m283[0m           
                  
<thead>
[7m   [0m [91m     
                      
 ~~~~~~~[0m
[96mclient/src/pages/
BusinessSnapshot.tsx[
0m:[93m284[0m:[93m3
3[0m - 
[91merror[0m[90m 
TS17004: [0mCannot 
use JSX unless the 
'--jsx' flag is 
provided.

[7m284[0m           
                      
<tr className="bg-gray
-100">
[7m   [0m [91m     
                      
     ~~~~~~~~~~~~~~~~~
~~~~~~~~~~~[0m
[96mclient/src/pages/
BusinessSnapshot.tsx[
0m:[93m285[0m:[93m3
7[0m - 
[91merror[0m[90m 
TS17004: [0mCannot 
use JSX unless the 
'--jsx' flag is 
provided.

[7m285[0m           
                      
    <th 
className="border 
border-gray-900 
px-1.5 py-0.5 
text-left">Item</th>
[7m   [0m [91m     
                      
         ~~~~~~~~~~~~~
~~~~~~~~~~~~~~~~~~~~~~
~~~~~~~~~~~~~~~~~~~~~~
~~~~~~[0m
[96mclient/src/pages/
BusinessSnapshot.tsx[
0m:[93m286[0m:[93m3
7[0m - 
[91merror[0m[90m 
TS17004: [0mCannot 
use JSX unless the 
'--jsx' flag is 
provided.

[7m286[0m           
                      
    <th 
className="border 
border-gray-900 
px-1.5 py-0.5 
text-right 
w-12">MTD</th>
[7m   [0m [91m     
                      
         ~~~~~~~~~~~~~
~~~~~~~~~~~~~~~~~~~~~~
~~~~~~~~~~~~~~~~~~~~~~
~~~~~~~~~~~~[0m
[96mclient/src/pages/
BusinessSnapshot.tsx[
0m:[93m287[0m:[93m3
7[0m - 
[91merror[0m[90m 
TS17004: [0mCannot 
use JSX unless the 
'--jsx' flag is 
provided.

[7m287[0m           
                      
    <th 
className="border 
border-gray-900 
px-1.5 py-0.5 
text-right 
w-12">QTD</th>
[7m   [0m [91m     
                      
         ~~~~~~~~~~~~~
~~~~~~~~~~~~~~~~~~~~~~
~~~~~~~~~~~~~~~~~~~~~~
~~~~~~~~~~~~[0m
[96mclient/src/pages/
BusinessSnapshot.tsx[
0m:[93m290[0m:[93m2
9[0m - 
[91merror[0m[90m 
TS17004: [0mCannot 
use JSX unless the 
'--jsx' flag is 
provided.

[7m290[0m           
                  
<tbody>
[7m   [0m [91m     
                      
 ~~~~~~~[0m
[96mclient/src/pages/
BusinessSnapshot.tsx[
0m:[93m296[0m:[93m3
7[0m - 
[91merror[0m[90m 
TS17004: [0mCannot 
use JSX unless the 
'--jsx' flag is 
provided.

[7m296[0m           
                      
    <tr key={idx}>
[7m   [0m [91m     
                      
         
~~~~~~~~~~~~~~[0m
[96mclient/src/pages/
BusinessSnapshot.tsx[
0m:[93m297[0m:[93m4
1[0m - 
[91merror[0m[90m 
TS17004: [0mCannot 
use JSX unless the 
'--jsx' flag is 
provided.

[7m297[0m           
                      
        <td 
className="border 
border-gray-900 
px-1.5 
py-0.5">{row[0]}</td>
[7m   [0m [91m     
                      
             ~~~~~~~~~
~~~~~~~~~~~~~~~~~~~~~~
~~~~~~~~~~~~~~~~~~~~~~
[0m
[96mclient/src/pages/
BusinessSnapshot.tsx[
0m:[93m298[0m:[93m4
1[0m - 
[91merror[0m[90m 
TS17004: [0mCannot 
use JSX unless the 
'--jsx' flag is 
provided.

[7m298[0m           
                      
        <td 
className="border 
border-gray-900 
px-1.5 py-0.5 text-rig
ht">{row[1]}</td>
[7m   [0m [91m     
                      
             ~~~~~~~~~
~~~~~~~~~~~~~~~~~~~~~~
~~~~~~~~~~~~~~~~~~~~~~
~~~~~~~~~~~[0m
[96mclient/src/pages/
BusinessSnapshot.tsx[
0m:[93m299[0m:[93m4
1[0m - 
[91merror[0m[90m 
TS17004: [0mCannot 
use JSX unless the 
'--jsx' flag is 
provided.

[7m299[0m           
                      
        <td 
className="border 
border-gray-900 
px-1.5 py-0.5 text-rig
ht">{row[2]}</td>
[7m   [0m [91m     
                      
             ~~~~~~~~~
~~~~~~~~~~~~~~~~~~~~~~
~~~~~~~~~~~~~~~~~~~~~~
~~~~~~~~~~~[0m
[96mclient/src/pages/
BusinessSnapshot.tsx[
0m:[93m306[0m:[93m2
1[0m - 
[91merror[0m[90m 
TS17004: [0mCannot 
use JSX unless the 
'--jsx' flag is 
provided.

[7m306[0m           
          <div>
[7m   [0m [91m     
               
~~~~~[0m
[96mclient/src/pages/
BusinessSnapshot.tsx[
0m:[93m307[0m:[93m2
5[0m - 
[91merror[0m[90m 
TS17004: [0mCannot 
use JSX unless the 
'--jsx' flag is 
provided.

[7m307[0m           
              <h3 
className="font-bold 
text-xs mb-1 
bg-gray-900 
text-white px-2 
py-0.5">8. 
INTERVENTION FLAGS 
(AUTO-GENERATED)</h3>
[7m   [0m [91m     
                   ~~~
~~~~~~~~~~~~~~~~~~~~~~
~~~~~~~~~~~~~~~~~~~~~~
~~~~~~~~~~~~~~~~~~~~~~
~~~~~[0m
[96mclient/src/pages/
BusinessSnapshot.tsx[
0m:[93m308[0m:[93m2
5[0m - 
[91merror[0m[90m 
TS17004: [0mCannot 
use JSX unless the 
'--jsx' flag is 
provided.

[7m308[0m           
              <div 
className="border 
border-gray-900 p-1.5 
space-y-0.5 bg-white">
[7m   [0m [91m     
                   ~~~
~~~~~~~~~~~~~~~~~~~~~~
~~~~~~~~~~~~~~~~~~~~~~
~~~~~~~~~~~~~~~~~~~~[
0m
[96mclient/src/pages/
BusinessSnapshot.tsx[
0m:[93m317[0m:[93m3
3[0m - 
[91merror[0m[90m 
TS17004: [0mCannot 
use JSX unless the 
'--jsx' flag is 
provided.

[7m317[0m           
                      
<div key={idx} 
className="flex 
items-center">
[7m   [0m [91m     
                      
     ~~~~~~~~~~~~~~~~~
~~~~~~~~~~~~~~~~~~~~~~
~~~~~~[0m
[96mclient/src/pages/
BusinessSnapshot.tsx[
0m:[93m318[0m:[93m3
7[0m - 
[91merror[0m[90m 
TS17004: [0mCannot 
use JSX unless the 
'--jsx' flag is 
provided.

[7m318[0m           
                      
    <span className="m
r-1.5">{item.active ? 
'Γÿæ' : 'ΓÿÉ'}</span>
[7m   [0m [91m     
                      
         ~~~~~~~~~~~~~
~~~~~~~~~~~~[0m
[96mclient/src/pages/
BusinessSnapshot.tsx[
0m:[93m319[0m:[93m3
7[0m - 
[91merror[0m[90m 
TS17004: [0mCannot 
use JSX unless the 
'--jsx' flag is 
provided.

[7m319[0m           
                      
    <span className={i
tem.active ? 
'font-bold 
text-red-600' : 
''}>{item.flag}</span>
[7m   [0m [91m     
                      
         ~~~~~~~~~~~~~
~~~~~~~~~~~~~~~~~~~~~~
~~~~~~~~~~~~~~~~~~~~~~
~~~~~[0m
[96mclient/src/pages/
BusinessSnapshot.tsx[
0m:[93m327[0m:[93m1
7[0m - 
[91merror[0m[90m 
TS17004: [0mCannot 
use JSX unless the 
'--jsx' flag is 
provided.

[7m327[0m           
      <div className="
text-[10px]">
[7m   [0m [91m     
           ~~~~~~~~~~~
~~~~~~~~~~~~~~~~~~[0m
[96mclient/src/pages/
BusinessSnapshot.tsx[
0m:[93m328[0m:[93m2
1[0m - 
[91merror[0m[90m 
TS17004: [0mCannot 
use JSX unless the 
'--jsx' flag is 
provided.

[7m328[0m           
          <h3 
className="font-bold 
text-xs mb-1 
bg-gray-900 
text-white px-2 
py-0.5">9. ACTION 
OWNERSHIP 
(OPTIONAL)</h3>
[7m   [0m [91m     
               ~~~~~~~
~~~~~~~~~~~~~~~~~~~~~~
~~~~~~~~~~~~~~~~~~~~~~
~~~~~~~~~~~~~~~~~~~~~~
~[0m
[96mclient/src/pages/
BusinessSnapshot.tsx[
0m:[93m329[0m:[93m2
1[0m - 
[91merror[0m[90m 
TS17004: [0mCannot 
use JSX unless the 
'--jsx' flag is 
provided.

[7m329[0m           
          <table 
className="w-full 
border 
border-gray-900" 
style={{ 
borderCollapse: 
'collapse' }}>
[7m   [0m [91m     
               ~~~~~~~
~~~~~~~~~~~~~~~~~~~~~~
~~~~~~~~~~~~~~~~~~~~~~
~~~~~~~~~~~~~~~~~~~~~~
~~~~~~~~~~~~~~~[0m
[96mclient/src/pages/
BusinessSnapshot.tsx[
0m:[93m330[0m:[93m2
5[0m - 
[91merror[0m[90m 
TS17004: [0mCannot 
use JSX unless the 
'--jsx' flag is 
provided.

[7m330[0m           
              <thead>
[7m   [0m [91m     
                   
~~~~~~~[0m
[96mclient/src/pages/
BusinessSnapshot.tsx[
0m:[93m331[0m:[93m2
9[0m - 
[91merror[0m[90m 
TS17004: [0mCannot 
use JSX unless the 
'--jsx' flag is 
provided.

[7m331[0m           
                  <tr 
className="bg-gray-100
">
[7m   [0m [91m     
                      
 ~~~~~~~~~~~~~~~~~~~~~
~~~~~~~[0m
[96mclient/src/pages/
BusinessSnapshot.tsx[
0m:[93m332[0m:[93m3
3[0m - 
[91merror[0m[90m 
TS17004: [0mCannot 
use JSX unless the 
'--jsx' flag is 
provided.

[7m332[0m           
                      
<th className="border 
border-gray-900 
px-1.5 py-0.5 
text-left">Issue</th>
[7m   [0m [91m     
                      
     ~~~~~~~~~~~~~~~~~
~~~~~~~~~~~~~~~~~~~~~~
~~~~~~~~~~~~~~~~~~~~~~
~~[0m
[96mclient/src/pages/
BusinessSnapshot.tsx[
0m:[93m333[0m:[93m3
3[0m - 
[91merror[0m[90m 
TS17004: [0mCannot 
use JSX unless the 
'--jsx' flag is 
provided.

[7m333[0m           
                      
<th className="border 
border-gray-900 
px-1.5 py-0.5 
text-left 
w-32">Owner</th>
[7m   [0m [91m     
                      
     ~~~~~~~~~~~~~~~~~
~~~~~~~~~~~~~~~~~~~~~~
~~~~~~~~~~~~~~~~~~~~~~
~~~~~~~[0m
[96mclient/src/pages/
BusinessSnapshot.tsx[
0m:[93m334[0m:[93m3
3[0m - 
[91merror[0m[90m 
TS17004: [0mCannot 
use JSX unless the 
'--jsx' flag is 
provided.

[7m334[0m           
                      
<th className="border 
border-gray-900 
px-1.5 py-0.5 
text-left w-20">Due 
By</th>
[7m   [0m [91m     
                      
     ~~~~~~~~~~~~~~~~~
~~~~~~~~~~~~~~~~~~~~~~
~~~~~~~~~~~~~~~~~~~~~~
~~~~~~~[0m
[96mclient/src/pages/
BusinessSnapshot.tsx[
0m:[93m337[0m:[93m2
5[0m - 
[91merror[0m[90m 
TS17004: [0mCannot 
use JSX unless the 
'--jsx' flag is 
provided.

[7m337[0m           
              <tbody>
[7m   [0m [91m     
                   
~~~~~~~[0m
[96mclient/src/pages/
BusinessSnapshot.tsx[
0m:[93m338[0m:[93m2
9[0m - 
[91merror[0m[90m 
TS17004: [0mCannot 
use JSX unless the 
'--jsx' flag is 
provided.

[7m338[0m           
                  <tr>
[7m   [0m [91m     
                      
 ~~~~[0m
[96mclient/src/pages/
BusinessSnapshot.tsx[
0m:[93m339[0m:[93m3
3[0m - 
[91merror[0m[90m 
TS17004: [0mCannot 
use JSX unless the 
'--jsx' flag is 
provided.

[7m339[0m           
                      
<td className="border 
border-gray-900 
px-1.5 py-0.5">CASA 
Slippage - Improve 
deposit 
mobilization</td>
[7m   [0m [91m     
                      
     ~~~~~~~~~~~~~~~~~
~~~~~~~~~~~~~~~~~~~~~~
~~~~~~~~~~~~~~[0m
[96mclient/src/pages/
BusinessSnapshot.tsx[
0m:[93m340[0m:[93m3
3[0m - 
[91merror[0m[90m 
TS17004: [0mCannot 
use JSX unless the 
'--jsx' flag is 
provided.

[7m340[0m           
                      
<td className="border 
border-gray-900 
px-1.5 py-0.5">AGM 
(Retail Banking)</td>
[7m   [0m [91m     
                      
     ~~~~~~~~~~~~~~~~~
~~~~~~~~~~~~~~~~~~~~~~
~~~~~~~~~~~~~~[0m
[96mclient/src/pages/
BusinessSnapshot.tsx[
0m:[93m341[0m:[93m3
3[0m - 
[91merror[0m[90m 
TS17004: [0mCannot 
use JSX unless the 
'--jsx' flag is 
provided.

[7m341[0m           
                      
<td className="border 
border-gray-900 
px-1.5 py-0.5">2026-02
-15</td>
[7m   [0m [91m     
                      
     ~~~~~~~~~~~~~~~~~
~~~~~~~~~~~~~~~~~~~~~~
~~~~~~~~~~~~~~[0m
[96mclient/src/pages/
BusinessSnapshot.tsx[
0m:[93m343[0m:[93m2
9[0m - 
[91merror[0m[90m 
TS17004: [0mCannot 
use JSX unless the 
'--jsx' flag is 
provided.

[7m343[0m           
                  <tr>
[7m   [0m [91m     
                      
 ~~~~[0m
[96mclient/src/pages/
BusinessSnapshot.tsx[
0m:[93m344[0m:[93m3
3[0m - 
[91merror[0m[90m 
TS17004: [0mCannot 
use JSX unless the 
'--jsx' flag is 
provided.

[7m344[0m           
                      
<td className="border 
border-gray-900 
px-1.5 
py-0.5">Recovery Lag 
- Accelerate NPA 
resolution</td>
[7m   [0m [91m     
                      
     ~~~~~~~~~~~~~~~~~
~~~~~~~~~~~~~~~~~~~~~~
~~~~~~~~~~~~~~[0m
[96mclient/src/pages/
BusinessSnapshot.tsx[
0m:[93m345[0m:[93m3
3[0m - 
[91merror[0m[90m 
TS17004: [0mCannot 
use JSX unless the 
'--jsx' flag is 
provided.

[7m345[0m           
                      
<td className="border 
border-gray-900 
px-1.5 py-0.5">CM 
(Credit)</td>
[7m   [0m [91m     
                      
     ~~~~~~~~~~~~~~~~~
~~~~~~~~~~~~~~~~~~~~~~
~~~~~~~~~~~~~~[0m
[96mclient/src/pages/
BusinessSnapshot.tsx[
0m:[93m346[0m:[93m3
3[0m - 
[91merror[0m[90m 
TS17004: [0mCannot 
use JSX unless the 
'--jsx' flag is 
provided.

[7m346[0m           
                      
<td className="border 
border-gray-900 
px-1.5 py-0.5">2026-02
-10</td>
[7m   [0m [91m     
                      
     ~~~~~~~~~~~~~~~~~
~~~~~~~~~~~~~~~~~~~~~~
~~~~~~~~~~~~~~[0m
[96mclient/src/pages/
BusinessSnapshot.tsx[
0m:[93m353[0m:[93m1
7[0m - 
[91merror[0m[90m 
TS17004: [0mCannot 
use JSX unless the 
'--jsx' flag is 
provided.

[7m353[0m           
      <div 
className="mt-6 pt-4 
border-t-2 
border-gray-900 
text-xs text-center">
[7m   [0m [91m     
           ~~~~~~~~~~~
~~~~~~~~~~~~~~~~~~~~~~
~~~~~~~~~~~~~~~~~~~~~~
~~~~~~~~~~~~~~~~~~~[0
m
[96mclient/src/pages/
BusinessSnapshot.tsx[
0m:[93m354[0m:[93m2
1[0m - 
[91merror[0m[90m 
TS17004: [0mCannot 
use JSX unless the 
'--jsx' flag is 
provided.

[7m354[0m           
          <p className
="font-bold">*** 
FROZEN REPORT - NO 
MODIFICATIONS 
PERMITTED ***</p>
[7m   [0m [91m     
               ~~~~~~~
~~~~~~~~~~~~~~~~~~[0m
[96mclient/src/pages/
BusinessSnapshot.tsx[
0m:[93m355[0m:[93m2
1[0m - 
[91merror[0m[90m 
TS17004: [0mCannot 
use JSX unless the 
'--jsx' flag is 
provided.

[7m355[0m           
          <p className
="mt-1">Generated: 
{new Date().toLocaleSt
ring()} | System: IOB 
Governance 
Platform</p>
[7m   [0m [91m     
               ~~~~~~~
~~~~~~~~~~~~~[0m
[96mclient/src/pages/
CalendarDashboard.tsx
[0m:[93m64[0m:[93m9
[0m - 
[91merror[0m[90m 
TS17004: [0mCannot 
use JSX unless the 
'--jsx' flag is 
provided.

[7m64[0m         
<div 
className="space-y-6">
[7m  [0m [91m      
  ~~~~~~~~~~~~~~~~~~~~
~~~~~~~[0m
[96mclient/src/pages/
CalendarDashboard.tsx
[0m:[93m65[0m:[93m1
3[0m - 
[91merror[0m[90m 
TS17004: [0mCannot 
use JSX unless the 
'--jsx' flag is 
provided.

[7m65[0m            
 <div className="flex 
justify-between 
items-center">
[7m  [0m [91m      
      ~~~~~~~~~~~~~~~~
~~~~~~~~~~~~~~~~~~~~~~
~~~~~~~~~~~~~[0m
[96mclient/src/pages/
CalendarDashboard.tsx
[0m:[93m66[0m:[93m1
7[0m - 
[91merror[0m[90m 
TS17004: [0mCannot 
use JSX unless the 
'--jsx' flag is 
provided.

[7m66[0m            
     <div>
[7m  [0m [91m      
          ~~~~~[0m
[96mclient/src/pages/
CalendarDashboard.tsx
[0m:[93m67[0m:[93m2
1[0m - 
[91merror[0m[90m 
TS17004: [0mCannot 
use JSX unless the 
'--jsx' flag is 
provided.

[7m67[0m            
         <h1 
className="text-2xl 
font-bold text-gray-90
0">Committee 
Calendar</h1>
[7m  [0m [91m      
              ~~~~~~~~
~~~~~~~~~~~~~~~~~~~~~~
~~~~~~~~~~~~~~~~~~~[0
m
[96mclient/src/pages/
CalendarDashboard.tsx
[0m:[93m68[0m:[93m2
1[0m - 
[91merror[0m[90m 
TS17004: [0mCannot 
use JSX unless the 
'--jsx' flag is 
provided.

[7m68[0m            
         <p className=
"text-gray-500 
text-sm">Organizing 
and monitoring 
bank-wide committee 
cycles</p>
[7m  [0m [91m      
              ~~~~~~~~
~~~~~~~~~~~~~~~~~~~~~~
~~~~~~~[0m
[96mclient/src/pages/
CalendarDashboard.tsx
[0m:[93m70[0m:[93m1
7[0m - 
[91merror[0m[90m 
TS17004: [0mCannot 
use JSX unless the 
'--jsx' flag is 
provided.

[7m70[0m            
     <button className
="iob-btn-primary 
flex items-center">
[7m  [0m [91m      
          ~~~~~~~~~~~~
~~~~~~~~~~~~~~~~~~~~~~
~~~~~~~~~~~~~~~~~~~~[
0m
[96mclient/src/pages/
CalendarDashboard.tsx
[0m:[93m71[0m:[93m2
1[0m - 
[91merror[0m[90m 
TS17004: [0mCannot 
use JSX unless the 
'--jsx' flag is 
provided.

[7m71[0m            
         <Plus 
className="w-4 h-4 
mr-2" />
[7m  [0m [91m      
              ~~~~~~~~
~~~~~~~~~~~~~~~~~~~~~~
~~~[0m
[96mclient/src/pages/
CalendarDashboard.tsx
[0m:[93m76[0m:[93m1
3[0m - 
[91merror[0m[90m 
TS17004: [0mCannot 
use JSX unless the 
'--jsx' flag is 
provided.

[7m76[0m            
 <div className="grid 
grid-cols-1 
lg:grid-cols-3 gap-6">
[7m  [0m [91m      
      ~~~~~~~~~~~~~~~~
~~~~~~~~~~~~~~~~~~~~~~
~~~~~~~~~~~~~~~~~[0m
[96mclient/src/pages/
CalendarDashboard.tsx
[0m:[93m78[0m:[93m1
7[0m - 
[91merror[0m[90m 
TS17004: [0mCannot 
use JSX unless the 
'--jsx' flag is 
provided.

[7m78[0m            
     <div className="l
g:col-span-1 iob-card 
flex flex-col 
items-center">
[7m  [0m [91m      
          ~~~~~~~~~~~~
~~~~~~~~~~~~~~~~~~~~~~
~~~~~~~~~~~~~~~~~~~~~~
~~~~~~~~~~~[0m
[96mclient/src/pages/
CalendarDashboard.tsx
[0m:[93m79[0m:[93m2
1[0m - 
[91merror[0m[90m 
TS17004: [0mCannot 
use JSX unless the 
'--jsx' flag is 
provided.

[7m79[0m            
         <div 
className="flex 
justify-between 
items-center w-full 
mb-6 text-sm">
[7m  [0m [91m      
              ~~~~~~~~
~~~~~~~~~~~~~~~~~~~~~~
~~~~~~~~~~~~~~~~~~~~~~
~~~~~~~~~~~~~~~~~~~[0
m
[96mclient/src/pages/
CalendarDashboard.tsx
[0m:[93m80[0m:[93m2
5[0m - 
[91merror[0m[90m 
TS17004: [0mCannot 
use JSX unless the 
'--jsx' flag is 
provided.

[7m80[0m            
             <button 
className="p-1 
hover:bg-gray-100 
rounded-lg">
[7m  [0m [91m      
                  ~~~~
~~~~~~~~~~~~~~~~~~~~~~
~~~~~~~~~~~~~~~~~~~~~~
~~~~~[0m
[96mclient/src/pages/
CalendarDashboard.tsx
[0m:[93m81[0m:[93m2
9[0m - 
[91merror[0m[90m 
TS17004: [0mCannot 
use JSX unless the 
'--jsx' flag is 
provided.

[7m81[0m            
                 
<ChevronLeft 
className="w-5 h-5 
text-gray-600" />
[7m  [0m [91m      
                      
~~~~~~~~~~~~~~~~~~~~~~
~~~~~~~~~~~~~~~~~~~~~~
~~~~~[0m
[96mclient/src/pages/
CalendarDashboard.tsx
[0m:[93m83[0m:[93m2
5[0m - 
[91merror[0m[90m 
TS17004: [0mCannot 
use JSX unless the 
'--jsx' flag is 
provided.

[7m83[0m            
             <h3 class
Name="font-semibold 
text-gray-900">
[7m  [0m [91m      
                  ~~~~
~~~~~~~~~~~~~~~~~~~~~~
~~~~~~~~~~~~~~~~~~[0m
[96mclient/src/pages/
CalendarDashboard.tsx
[0m:[93m86[0m:[93m2
5[0m - 
[91merror[0m[90m 
TS17004: [0mCannot 
use JSX unless the 
'--jsx' flag is 
provided.

[7m86[0m            
             <button 
className="p-1 
hover:bg-gray-100 
rounded-lg">
[7m  [0m [91m      
                  ~~~~
~~~~~~~~~~~~~~~~~~~~~~
~~~~~~~~~~~~~~~~~~~~~~
~~~~~[0m
[96mclient/src/pages/
CalendarDashboard.tsx
[0m:[93m87[0m:[93m2
9[0m - 
[91merror[0m[90m 
TS17004: [0mCannot 
use JSX unless the 
'--jsx' flag is 
provided.

[7m87[0m            
                 
<ChevronRight 
className="w-5 h-5 
text-gray-600" />
[7m  [0m [91m      
                      
~~~~~~~~~~~~~~~~~~~~~~
~~~~~~~~~~~~~~~~~~~~~~
~~~~~~[0m
[96mclient/src/pages/
CalendarDashboard.tsx
[0m:[93m91[0m:[93m2
1[0m - 
[91merror[0m[90m 
TS17004: [0mCannot 
use JSX unless the 
'--jsx' flag is 
provided.

[7m91[0m            
         <div 
className="grid 
grid-cols-7 gap-2 
w-full text-center 
text-[10px] font-bold 
text-gray-400 mb-2 
uppercase">
[7m  [0m [91m      
              ~~~~~~~~
~~~~~~~~~~~~~~~~~~~~~~
~~~~~~~~~~~~~~~~~~~~~~
~~~~~~~~~~~~~~~~~~~~~~
~~~~~~~~~~~~~~~~~~~~~~
~~~~~~~~~~~~~~[0m
[96mclient/src/pages/
CalendarDashboard.tsx
[0m:[93m92[0m:[93m7
6[0m - 
[91merror[0m[90m 
TS17004: [0mCannot 
use JSX unless the 
'--jsx' flag is 
provided.

[7m92[0m            
             {['S', 
'M', 'T', 'W', 'T', 
'F', 'S'].map((d, i) 
=> <div key={`${d}-${i
}`}>{d}</div>)}
[7m  [0m [91m      
                      
                      
                      
   ~~~~~~~~~~~~~~~~~~~
~~~~[0m
[96mclient/src/pages/
CalendarDashboard.tsx
[0m:[93m95[0m:[93m2
1[0m - 
[91merror[0m[90m 
TS17004: [0mCannot 
use JSX unless the 
'--jsx' flag is 
provided.

[7m95[0m            
         <div 
className="grid 
grid-cols-7 gap-1 
w-full text-center">
[7m  [0m [91m      
              ~~~~~~~~
~~~~~~~~~~~~~~~~~~~~~~
~~~~~~~~~~~~~~~~~~~~~~
~~~~~~~[0m
[96mclient/src/pages/
CalendarDashboard.tsx
[0m:[93m101[0m:[93m
33[0m - 
[91merror[0m[90m 
TS17004: [0mCannot 
use JSX unless the 
'--jsx' flag is 
provided.

[7m101[0m           
                      
<div
[7m   [0m [91m     
                      
     ~~~~[0m
[7m102[0m           
                      
    key={i}
[7m   [0m [91m~~~~~
~~~~~~~~~~~~~~~~~~~~~~
~~~~~~~~~~~~~~~~[0m
[7m...[0m 
[7m106[0m           
                      
    `}
[7m   [0m [91m~~~~~
~~~~~~~~~~~~~~~~~~~~~~
~~~~~~~~~~~[0m
[7m107[0m           
                      
>
[7m   [0m [91m~~~~~
~~~~~~~~~~~~~~~~~~~~~~
~~~~~~[0m
[96mclient/src/pages/
CalendarDashboard.tsx
[0m:[93m114[0m:[93m
21[0m - 
[91merror[0m[90m 
TS17004: [0mCannot 
use JSX unless the 
'--jsx' flag is 
provided.

[7m114[0m           
          <div 
className="mt-8 
w-full border-t pt-4 
space-y-3">
[7m   [0m [91m     
               ~~~~~~~
~~~~~~~~~~~~~~~~~~~~~~
~~~~~~~~~~~~~~~~~~~~~~
~~[0m
[96mclient/src/pages/
CalendarDashboard.tsx
[0m:[93m115[0m:[93m
25[0m - 
[91merror[0m[90m 
TS17004: [0mCannot 
use JSX unless the 
'--jsx' flag is 
provided.

[7m115[0m           
              <p class
Name="text-[10px] 
font-bold 
text-gray-400 
uppercase tracking-wid
est">Legend</p>
[7m   [0m [91m     
                   ~~~
~~~~~~~~~~~~~~~~~~~~~~
~~~~~~~~~~~~~~~~~~~~~~
~~~~~~~~~~~~~~~~~~~~~~
~~~~~~~~[0m
[96mclient/src/pages/
CalendarDashboard.tsx
[0m:[93m116[0m:[93m
25[0m - 
[91merror[0m[90m 
TS17004: [0mCannot 
use JSX unless the 
'--jsx' flag is 
provided.

[7m116[0m           
              <div 
className="flex 
items-center text-xs 
text-gray-600 
font-medium">
[7m   [0m [91m     
                   ~~~
~~~~~~~~~~~~~~~~~~~~~~
~~~~~~~~~~~~~~~~~~~~~~
~~~~~~~~~~~~~~~~~~~~~~
[0m
[96mclient/src/pages/
CalendarDashboard.tsx
[0m:[93m117[0m:[93m
29[0m - 
[91merror[0m[90m 
TS17004: [0mCannot 
use JSX unless the 
'--jsx' flag is 
provided.

[7m117[0m           
                  
<div className="w-2.5 
h-2.5 bg-iob-blue 
rounded-full 
mr-2"></div>
[7m   [0m [91m     
                      
 ~~~~~~~~~~~~~~~~~~~~~
~~~~~~~~~~~~~~~~~~~~~~
~~~~~~~~~~~~~~~~[0m
[96mclient/src/pages/
CalendarDashboard.tsx
[0m:[93m120[0m:[93m
25[0m - 
[91merror[0m[90m 
TS17004: [0mCannot 
use JSX unless the 
'--jsx' flag is 
provided.

[7m120[0m           
              <div 
className="flex 
items-center text-xs 
text-gray-600 
font-medium">
[7m   [0m [91m     
                   ~~~
~~~~~~~~~~~~~~~~~~~~~~
~~~~~~~~~~~~~~~~~~~~~~
~~~~~~~~~~~~~~~~~~~~~~
[0m
[96mclient/src/pages/
CalendarDashboard.tsx
[0m:[93m121[0m:[93m
29[0m - 
[91merror[0m[90m 
TS17004: [0mCannot 
use JSX unless the 
'--jsx' flag is 
provided.

[7m121[0m           
                  
<div className="w-2.5 
h-2.5 bg-iob-blue/5 
ring-2 ring-iob-blue-l
ight/30 rounded-full 
mr-2"></div>
[7m   [0m [91m     
                      
 ~~~~~~~~~~~~~~~~~~~~~
~~~~~~~~~~~~~~~~~~~~~~
~~~~~~~~~~~~~~~~~~~~~~
~~~~~~~~~~~~~~~~~~~~~~
~~~~[0m
[96mclient/src/pages/
CalendarDashboard.tsx
[0m:[93m128[0m:[93m
17[0m - 
[91merror[0m[90m 
TS17004: [0mCannot 
use JSX unless the 
'--jsx' flag is 
provided.

[7m128[0m           
      <div className="
lg:col-span-2 
space-y-4">
[7m   [0m [91m     
           ~~~~~~~~~~~
~~~~~~~~~~~~~~~~~~~~~~
~~~~~~~~[0m
[96mclient/src/pages/
CalendarDashboard.tsx
[0m:[93m129[0m:[93m
21[0m - 
[91merror[0m[90m 
TS17004: [0mCannot 
use JSX unless the 
'--jsx' flag is 
provided.

[7m129[0m           
          <h3 
className="text-sm 
font-bold 
text-gray-900 
uppercase 
tracking-widest 
border-l-4 
border-iob-blue pl-3 
py-1 bg-gray-50/50">
[7m   [0m [91m     
               ~~~~~~~
~~~~~~~~~~~~~~~~~~~~~~
~~~~~~~~~~~~~~~~~~~~~~
~~~~~~~~~~~~~~~~~~~~~~
~~~~~~~~~~~~~~~~~~~~~~
~~~~~~~~~~~~~~~~~~~~~~
~~~~~~~~[0m
[96mclient/src/pages/
CalendarDashboard.tsx
[0m:[93m134[0m:[93m
25[0m - 
[91merror[0m[90m 
TS17004: [0mCannot 
use JSX unless the 
'--jsx' flag is 
provided.

[7m134[0m           
              <div
[7m   [0m [91m     
                   
~~~~[0m
[7m135[0m           
                  
key={meeting.id}
[7m   [0m [91m~~~~~
~~~~~~~~~~~~~~~~~~~~~~
~~~~~~~~~~~~~~~~~[0m
[7m...[0m 
[7m137[0m           
                  
className="iob-card 
group hover:shadow-xl 
transition-all 
cursor-pointer 
border-l-4 
border-transparent 
hover:border-iob-blue"
[7m   [0m [91m~~~~~
~~~~~~~~~~~~~~~~~~~~~~
~~~~~~~~~~~~~~~~~~~~~~
~~~~~~~~~~~~~~~~~~~~~~
~~~~~~~~~~~~~~~~~~~~~~
~~~~~~~~~~~~~~~~~~~~~~
~~~~~~~~~~~~~~~~~~~~~~
~~~~~~~~~~~~~~~[0m
[7m138[0m           
              >
[7m   [0m [91m~~~~~
~~~~~~~~~~~~~~~~~~~~[
0m
[96mclient/src/pages/
CalendarDashboard.tsx
[0m:[93m139[0m:[93m
29[0m - 
[91merror[0m[90m 
TS17004: [0mCannot 
use JSX unless the 
'--jsx' flag is 
provided.

[7m139[0m           
                  
<div className="flex 
justify-between 
items-start">
[7m   [0m [91m     
                      
 ~~~~~~~~~~~~~~~~~~~~~
~~~~~~~~~~~~~~~~~~~~~~
~~~~~~~[0m
[96mclient/src/pages/
CalendarDashboard.tsx
[0m:[93m140[0m:[93m
33[0m - 
[91merror[0m[90m 
TS17004: [0mCannot 
use JSX unless the 
'--jsx' flag is 
provided.

[7m140[0m           
                      
<div 
className="space-y-3">
[7m   [0m [91m     
                      
     ~~~~~~~~~~~~~~~~~
~~~~~~~~~~[0m
[96mclient/src/pages/
CalendarDashboard.tsx
[0m:[93m141[0m:[93m
37[0m - 
[91merror[0m[90m 
TS17004: [0mCannot 
use JSX unless the 
'--jsx' flag is 
provided.

[7m141[0m           
                      
    <h4 
className="font-bold 
text-gray-900 text-lg 
group-hover:text-iob-b
lue 
transition-colors">
[7m   [0m [91m     
                      
         ~~~~~~~~~~~~~
~~~~~~~~~~~~~~~~~~~~~~
~~~~~~~~~~~~~~~~~~~~~~
~~~~~~~~~~~~~~~~~~~~~~
~~~~~~~~~~~~~[0m
[96mclient/src/pages/
CalendarDashboard.tsx
[0m:[93m145[0m:[93m
37[0m - 
[91merror[0m[90m 
TS17004: [0mCannot 
use JSX unless the 
'--jsx' flag is 
provided.

[7m145[0m           
                      
    <div 
className="flex 
flex-wrap gap-4 
text-xs text-gray-600 
font-medium">
[7m   [0m [91m     
                      
         ~~~~~~~~~~~~~
~~~~~~~~~~~~~~~~~~~~~~
~~~~~~~~~~~~~~~~~~~~~~
~~~~~~~~~~~~~~~[0m
[96mclient/src/pages/
CalendarDashboard.tsx
[0m:[93m146[0m:[93m
41[0m - 
[91merror[0m[90m 
TS17004: [0mCannot 
use JSX unless the 
'--jsx' flag is 
provided.

[7m146[0m           
                      
        <div 
className="flex 
items-center">
[7m   [0m [91m     
                      
             ~~~~~~~~~
~~~~~~~~~~~~~~~~~~~~~~
~~~~[0m
[96mclient/src/pages/
CalendarDashboard.tsx
[0m:[93m147[0m:[93m
45[0m - 
[91merror[0m[90m 
TS17004: [0mCannot 
use JSX unless the 
'--jsx' flag is 
provided.

[7m147[0m           
                      
            <Clock 
className="w-3.5 
h-3.5 mr-1.5 
text-iob-blue" />
[7m   [0m [91m     
                      
                 ~~~~~
~~~~~~~~~~~~~~~~~~~~~~
~~~~~~~~~~~~~~~~~~~~~~
~~~~~[0m
[96mclient/src/pages/
CalendarDashboard.tsx
[0m:[93m150[0m:[93m
41[0m - 
[91merror[0m[90m 
TS17004: [0mCannot 
use JSX unless the 
'--jsx' flag is 
provided.

[7m150[0m           
                      
        <div 
className="flex 
items-center">
[7m   [0m [91m     
                      
             ~~~~~~~~~
~~~~~~~~~~~~~~~~~~~~~~
~~~~[0m
[96mclient/src/pages/
CalendarDashboard.tsx
[0m:[93m151[0m:[93m
45[0m - 
[91merror[0m[90m 
TS17004: [0mCannot 
use JSX unless the 
'--jsx' flag is 
provided.

[7m151[0m           
                      
            <MapPin 
className="w-3.5 
h-3.5 mr-1.5 
text-iob-blue" />
[7m   [0m [91m     
                      
                 ~~~~~
~~~~~~~~~~~~~~~~~~~~~~
~~~~~~~~~~~~~~~~~~~~~~
~~~~~~[0m
[96mclient/src/pages/
CalendarDashboard.tsx
[0m:[93m154[0m:[93m
41[0m - 
[91merror[0m[90m 
TS17004: [0mCannot 
use JSX unless the 
'--jsx' flag is 
provided.

[7m154[0m           
                      
        <div 
className="flex 
items-center">
[7m   [0m [91m     
                      
             ~~~~~~~~~
~~~~~~~~~~~~~~~~~~~~~~
~~~~[0m
[96mclient/src/pages/
CalendarDashboard.tsx
[0m:[93m155[0m:[93m
45[0m - 
[91merror[0m[90m 
TS17004: [0mCannot 
use JSX unless the 
'--jsx' flag is 
provided.

[7m155[0m           
                      
            <FileText 
className="w-3.5 
h-3.5 mr-1.5 
text-iob-blue" />
[7m   [0m [91m     
                      
                 ~~~~~
~~~~~~~~~~~~~~~~~~~~~~
~~~~~~~~~~~~~~~~~~~~~~
~~~~~~~~[0m
[96mclient/src/pages/
CalendarDashboard.tsx
[0m:[93m161[0m:[93m
33[0m - 
[91merror[0m[90m 
TS17004: [0mCannot 
use JSX unless the 
'--jsx' flag is 
provided.

[7m161[0m           
                      
<span 
className={`px-2 
py-0.5 rounded 
text-[10px] font-bold 
uppercase 
tracking-wider ${getSt
atusColor(meeting.stat
us)}`}>
[7m   [0m [91m     
                      
     ~~~~~~~~~~~~~~~~~
~~~~~~~~~~~~~~~~~~~~~~
~~~~~~~~~~~~~~~~~~~~~~
~~~~~~~~~~~~~~~~~~~~~~
~~~~~~~~~~~~~~~~~~~~~~
~~~~~~~~~~~~~~~~[0m
[96mclient/src/pages/
CalendarDashboard.tsx
[0m:[93m166[0m:[93m
29[0m - 
[91merror[0m[90m 
TS17004: [0mCannot 
use JSX unless the 
'--jsx' flag is 
provided.

[7m166[0m           
                  
<div className="mt-4 
pt-4 border-t flex 
justify-end 
space-x-4">
[7m   [0m [91m     
                      
 ~~~~~~~~~~~~~~~~~~~~~
~~~~~~~~~~~~~~~~~~~~~~
~~~~~~~~~~~~~~~~~~~~[
0m
[96mclient/src/pages/
CalendarDashboard.tsx
[0m:[93m167[0m:[93m
33[0m - 
[91merror[0m[90m 
TS17004: [0mCannot 
use JSX unless the 
'--jsx' flag is 
provided.

[7m167[0m           
                      
<span className="text-
[10px] font-bold 
text-gray-400 
uppercase 
tracking-widest 
hover:text-iob-blue">
[7m   [0m [91m     
                      
     ~~~~~~~~~~~~~~~~~
~~~~~~~~~~~~~~~~~~~~~~
~~~~~~~~~~~~~~~~~~~~~~
~~~~~~~~~~~~~~~~~~~~~~
~~~~~~~~~~~~~~~~~[0m
[96mclient/src/pages/
CalendarDashboard.tsx
[0m:[93m170[0m:[93m
33[0m - 
[91merror[0m[90m 
TS17004: [0mCannot 
use JSX unless the 
'--jsx' flag is 
provided.

[7m170[0m           
                      
<span className="text-
[10px] font-bold 
text-iob-blue 
uppercase 
tracking-widest 
underline 
underline-offset-4">
[7m   [0m [91m     
                      
     ~~~~~~~~~~~~~~~~~
~~~~~~~~~~~~~~~~~~~~~~
~~~~~~~~~~~~~~~~~~~~~~
~~~~~~~~~~~~~~~~~~~~~~
~~~~~~~~~~~~~~~~~~~~~~
~~~~[0m
[96mclient/src/pages/
CreateDecision.tsx[0m
:[93m136[0m:[93m20
[0m - 
[91merror[0m[90m 
TS2835: [0mRelative 
import paths need 
explicit file 
extensions in 
ECMAScript imports 
when 
'--moduleResolution' 
is 'node16' or 
'nodenext'. Did you 
mean '../templates/off
iceNoteTemplate.js'?

[7m136[0m           
  import('../templates
/officeNoteTemplate').
then(({ 
OFFICE_NOTE_TEMPLATE 
}) => {
[7m   [0m [91m     
              ~~~~~~~~
~~~~~~~~~~~~~~~~~~~~~~
~~~[0m
[96mclient/src/pages/
CreateDecision.tsx[0m
:[93m205[0m:[93m9[
0m - 
[91merror[0m[90m 
TS17004: [0mCannot 
use JSX unless the 
'--jsx' flag is 
provided.

[7m205[0m         
<div 
className="max-w-4xl 
mx-auto space-y-6">
[7m   [0m [91m     
   ~~~~~~~~~~~~~~~~~~~
~~~~~~~~~~~~~~~~~~~~~~
~~~~[0m
[96mclient/src/pages/
CreateDecision.tsx[0m
:[93m206[0m:[93m13
[0m - 
[91merror[0m[90m 
TS17004: [0mCannot 
use JSX unless the 
'--jsx' flag is 
provided.

[7m206[0m           
  <div 
className="flex 
items-center 
justify-between">
[7m   [0m [91m     
       ~~~~~~~~~~~~~~~
~~~~~~~~~~~~~~~~~~~~~~
~~~~~~~~~~~~~~[0m
[96mclient/src/pages/
CreateDecision.tsx[0m
:[93m207[0m:[93m17
[0m - 
[91merror[0m[90m 
TS17004: [0mCannot 
use JSX unless the 
'--jsx' flag is 
provided.

[7m207[0m           
      <div 
className="flex 
items-center 
space-x-4">
[7m   [0m [91m     
           ~~~~~~~~~~~
~~~~~~~~~~~~~~~~~~~~~~
~~~~~~~~~~~~[0m
[96mclient/src/pages/
CreateDecision.tsx[0m
:[93m208[0m:[93m21
[0m - 
[91merror[0m[90m 
TS17004: [0mCannot 
use JSX unless the 
'--jsx' flag is 
provided.

[7m208[0m           
          <Link 
to="/" className="p-2 
hover:bg-gray-100 
rounded-full 
transition-colors">
[7m   [0m [91m     
               ~~~~~~~
~~~~~~~~~~~~~~~~~~~~~~
~~~~~~~~~~~~~~~~~~~~~~
~~~~~~~~~~~~~~~~~~~~~~
~~~~~[0m
[96mclient/src/pages/
CreateDecision.tsx[0m
:[93m209[0m:[93m25
[0m - 
[91merror[0m[90m 
TS17004: [0mCannot 
use JSX unless the 
'--jsx' flag is 
provided.

[7m209[0m           
              
<ArrowLeft 
className="w-5 h-5 
text-gray-600" />
[7m   [0m [91m     
                   ~~~
~~~~~~~~~~~~~~~~~~~~~~
~~~~~~~~~~~~~~~~~~~~~~
[0m
[96mclient/src/pages/
CreateDecision.tsx[0m
:[93m211[0m:[93m21
[0m - 
[91merror[0m[90m 
TS17004: [0mCannot 
use JSX unless the 
'--jsx' flag is 
provided.

[7m211[0m           
          <div>
[7m   [0m [91m     
               
~~~~~[0m
[96mclient/src/pages/
CreateDecision.tsx[0m
:[93m212[0m:[93m25
[0m - 
[91merror[0m[90m 
TS17004: [0mCannot 
use JSX unless the 
'--jsx' flag is 
provided.

[7m212[0m           
              <h1 
className="text-2xl 
font-bold 
text-gray-900 italic" 
style={{ fontFamily: 
'var(--font-primary)' 
}}>Initiate New 
Proposal</h1>
[7m   [0m [91m     
                   ~~~
~~~~~~~~~~~~~~~~~~~~~~
~~~~~~~~~~~~~~~~~~~~~~
~~~~~~~~~~~~~~~~~~~~~~
~~~~~~~~~~~~~~~~~~~~~~
~~~~~~~~~~~[0m
[96mclient/src/pages/
CreateDecision.tsx[0m
:[93m213[0m:[93m25
[0m - 
[91merror[0m[90m 
TS17004: [0mCannot 
use JSX unless the 
'--jsx' flag is 
provided.

[7m213[0m           
              <p class
Name="text-gray-500 
text-sm">Drafting a 
high-trust 
administrative or 
financial note</p>
[7m   [0m [91m     
                   ~~~
~~~~~~~~~~~~~~~~~~~~~~
~~~~~~~~~~~~[0m
[96mclient/src/pages/
CreateDecision.tsx[0m
:[93m216[0m:[93m17
[0m - 
[91merror[0m[90m 
TS17004: [0mCannot 
use JSX unless the 
'--jsx' flag is 
provided.

[7m216[0m           
      <div 
className="flex 
items-center 
space-x-2">
[7m   [0m [91m     
           ~~~~~~~~~~~
~~~~~~~~~~~~~~~~~~~~~~
~~~~~~~~~~~~[0m
[96mclient/src/pages/
CreateDecision.tsx[0m
:[93m218[0m:[93m25
[0m - 
[91merror[0m[90m 
TS17004: [0mCannot 
use JSX unless the 
'--jsx' flag is 
provided.

[7m218[0m           
              <div 
key={s.id} 
className="flex 
items-center">
[7m   [0m [91m     
                   ~~~
~~~~~~~~~~~~~~~~~~~~~~
~~~~~~~~~~~~~~~~~~~~~
[0m
[96mclient/src/pages/
CreateDecision.tsx[0m
:[93m219[0m:[93m29
[0m - 
[91merror[0m[90m 
TS17004: [0mCannot 
use JSX unless the 
'--jsx' flag is 
provided.

[7m219[0m           
                  
<div className={`w-8 
h-8 rounded-full flex 
items-center 
justify-center 
text-xs font-bold 
transition-all
[7m   [0m [91m     
                      
 ~~~~~~~~~~~~~~~~~~~~~
~~~~~~~~~~~~~~~~~~~~~~
~~~~~~~~~~~~~~~~~~~~~~
~~~~~~~~~~~~~~~~~~~~~~
~~~~~~~~~~~~~~~~[0m
[7m220[0m           
                      
${step === s.id ? 
'bg-iob-blue 
text-white shadow-lg 
ring-4 
ring-iob-blue/20' : 
step > s.id ? 
'bg-green-500 
text-white' : 
'bg-gray-200 
text-gray-500'}`}>
[7m   [0m [91m~~~~~
~~~~~~~~~~~~~~~~~~~~~~
~~~~~~~~~~~~~~~~~~~~~~
~~~~~~~~~~~~~~~~~~~~~~
~~~~~~~~~~~~~~~~~~~~~~
~~~~~~~~~~~~~~~~~~~~~~
~~~~~~~~~~~~~~~~~~~~~~
~~~~~~~~~~~~~~~~~~~~~~
~~~~~~~~~~~~~~~~~~~~~~
~~~[0m
[96mclient/src/pages/
CreateDecision.tsx[0m
:[93m221[0m:[93m48
[0m - 
[91merror[0m[90m 
TS17004: [0mCannot 
use JSX unless the 
'--jsx' flag is 
provided.

[7m221[0m           
                      
{step > s.id ? 
<CheckCircle2 
className="w-4 h-4" 
/> : s.id}
[7m   [0m [91m     
                      
                    ~~
~~~~~~~~~~~~~~~~~~~~~~
~~~~~~~~~~~~[0m
[96mclient/src/pages/
CreateDecision.tsx[0m
:[93m223[0m:[93m42
[0m - 
[91merror[0m[90m 
TS17004: [0mCannot 
use JSX unless the 
'--jsx' flag is 
provided.

[7m223[0m           
                  
{s.id < 4 && <div 
className={`w-8 h-0.5 
${step > s.id ? 
'bg-green-500' : 
'bg-gray-200'}`} />}
[7m   [0m [91m     
                      
              ~~~~~~~~
~~~~~~~~~~~~~~~~~~~~~~
~~~~~~~~~~~~~~~~~~~~~~
~~~~~~~~~~~~~~~~~~~~~~
~~~~~[0m
[96mclient/src/pages/
CreateDecision.tsx[0m
:[93m229[0m:[93m13
[0m - 
[91merror[0m[90m 
TS17004: [0mCannot 
use JSX unless the 
'--jsx' flag is 
provided.

[7m229[0m           
  <div 
className="grid 
grid-cols-1 
lg:grid-cols-3 gap-6">
[7m   [0m [91m     
       ~~~~~~~~~~~~~~~
~~~~~~~~~~~~~~~~~~~~~~
~~~~~~~~~~~~~~~~~~[0m
[96mclient/src/pages/
CreateDecision.tsx[0m
:[93m230[0m:[93m17
[0m - 
[91merror[0m[90m 
TS17004: [0mCannot 
use JSX unless the 
'--jsx' flag is 
provided.

[7m230[0m           
      <div className="
lg:col-span-2 
iob-card 
min-h-[400px] flex 
flex-col">
[7m   [0m [91m     
           ~~~~~~~~~~~
~~~~~~~~~~~~~~~~~~~~~~
~~~~~~~~~~~~~~~~~~~~~~
~~~~~~~~~~~~~[0m
[96mclient/src/pages/
CreateDecision.tsx[0m
:[93m231[0m:[93m21
[0m - 
[91merror[0m[90m 
TS17004: [0mCannot 
use JSX unless the 
'--jsx' flag is 
provided.

[7m231[0m           
          <div 
className="flex-1">
[7m   [0m [91m     
               ~~~~~~~
~~~~~~~~~~~~~~~~~[0m
[96mclient/src/pages/
CreateDecision.tsx[0m
:[93m233[0m:[93m29
[0m - 
[91merror[0m[90m 
TS17004: [0mCannot 
use JSX unless the 
'--jsx' flag is 
provided.

[7m233[0m           
                  
<div 
className="space-y-6">
[7m   [0m [91m     
                      
 ~~~~~~~~~~~~~~~~~~~~~
~~~~~~[0m
[96mclient/src/pages/
CreateDecision.tsx[0m
:[93m234[0m:[93m33
[0m - 
[91merror[0m[90m 
TS17004: [0mCannot 
use JSX unless the 
'--jsx' flag is 
provided.

[7m234[0m           
                      
<h3 
className="text-lg 
font-bold 
text-gray-900 
border-l-4 
border-iob-blue 
pl-3">Proposal 
Classification</h3>
[7m   [0m [91m     
                      
     ~~~~~~~~~~~~~~~~~
~~~~~~~~~~~~~~~~~~~~~~
~~~~~~~~~~~~~~~~~~~~~~
~~~~~~~~~~~~~~~~~~~[0
m
[96mclient/src/pages/
CreateDecision.tsx[0m
:[93m235[0m:[93m33
[0m - 
[91merror[0m[90m 
TS17004: [0mCannot 
use JSX unless the 
'--jsx' flag is 
provided.

[7m235[0m           
                      
<div className="grid 
grid-cols-1 gap-4">
[7m   [0m [91m     
                      
     ~~~~~~~~~~~~~~~~~
~~~~~~~~~~~~~~~~~~~~~~
~[0m
[96mclient/src/pages/
CreateDecision.tsx[0m
:[93m236[0m:[93m37
[0m - 
[91merror[0m[90m 
TS17004: [0mCannot 
use JSX unless the 
'--jsx' flag is 
provided.

[7m236[0m           
                      
    <div className="sp
ace-y-1.5">
[7m   [0m [91m     
                      
         ~~~~~~~~~~~~~
~~~~~~~~~~~~~~~~[0m
[96mclient/src/pages/
CreateDecision.tsx[0m
:[93m237[0m:[93m41
[0m - 
[91merror[0m[90m 
TS17004: [0mCannot 
use JSX unless the 
'--jsx' flag is 
provided.

[7m237[0m           
                      
        <label classNa
me="text-[10px] 
font-bold 
text-gray-400 
uppercase tracking-wid
est">Decision 
Type</label>
[7m   [0m [91m     
                      
             ~~~~~~~~~
~~~~~~~~~~~~~~~~~~~~~~
~~~~~~~~~~~~~~~~~~~~~~
~~~~~~~~~~~~~~~~~~~~~~
~~~~~~[0m
[96mclient/src/pages/
CreateDecision.tsx[0m
:[93m238[0m:[93m41
[0m - 
[91merror[0m[90m 
TS17004: [0mCannot 
use JSX unless the 
'--jsx' flag is 
provided.

[7m238[0m           
                      
        <select
[7m   [0m [91m     
                      
             
~~~~~~~[0m
[7m239[0m           
                      
            
className="w-full p-3 
bg-gray-50 border 
border-gray-100 
rounded-lg text-sm 
focus:ring-2 
focus:ring-iob-blue 
outline-none 
transition-all"
[7m   [0m [91m~~~~~
~~~~~~~~~~~~~~~~~~~~~~
~~~~~~~~~~~~~~~~~~~~~~
~~~~~~~~~~~~~~~~~~~~~~
~~~~~~~~~~~~~~~~~~~~~~
~~~~~~~~~~~~~~~~~~~~~~
~~~~~~~~~~~~~~~~~~~~~~
~~~~~~~~~~~~~~~~~~~~~~
~~~~~~~~~~~~~~~~~~~~~
[0m
[7m...[0m 
[7m241[0m           
                      
            
onChange={(e) => 
setFormData({ 
...formData, 
decisionTypeId: 
e.target.value })}
[7m   [0m [91m~~~~~
~~~~~~~~~~~~~~~~~~~~~~
~~~~~~~~~~~~~~~~~~~~~~
~~~~~~~~~~~~~~~~~~~~~~
~~~~~~~~~~~~~~~~~~~~~~
~~~~~~~~~~~~~~~~~~~~~~
~~~~~~~[0m
[7m242[0m           
                      
        >
[7m   [0m [91m~~~~~
~~~~~~~~~~~~~~~~~~~~~~
~~~~~~~~~~~~~~[0m
[96mclient/src/pages/
CreateDecision.tsx[0m
:[93m245[0m:[93m56
[0m - 
[91merror[0m[90m 
TS17004: [0mCannot 
use JSX unless the 
'--jsx' flag is 
provided.

[7m245[0m           
                      
                
return <option 
key={id} value={id}>{c
ontext?.decisionTypeNa
me}</option>;
[7m   [0m [91m     
                      
                      
      ~~~~~~~~~~~~~~~~
~~~~~~~~~~~~[0m
[96mclient/src/pages/
CreateDecision.tsx[0m
:[93m249[0m:[93m37
[0m - 
[91merror[0m[90m 
TS17004: [0mCannot 
use JSX unless the 
'--jsx' flag is 
provided.

[7m249[0m           
                      
    <div className="sp
ace-y-1.5">
[7m   [0m [91m     
                      
         ~~~~~~~~~~~~~
~~~~~~~~~~~~~~~~[0m
[96mclient/src/pages/
CreateDecision.tsx[0m
:[93m250[0m:[93m41
[0m - 
[91merror[0m[90m 
TS17004: [0mCannot 
use JSX unless the 
'--jsx' flag is 
provided.

[7m250[0m           
                      
        <label classNa
me="text-[10px] 
font-bold 
text-gray-400 
uppercase tracking-wid
est">Functional 
Scope</label>
[7m   [0m [91m     
                      
             ~~~~~~~~~
~~~~~~~~~~~~~~~~~~~~~~
~~~~~~~~~~~~~~~~~~~~~~
~~~~~~~~~~~~~~~~~~~~~~
~~~~~~[0m
[96mclient/src/pages/
CreateDecision.tsx[0m
:[93m251[0m:[93m41
[0m - 
[91merror[0m[90m 
TS17004: [0mCannot 
use JSX unless the 
'--jsx' flag is 
provided.

[7m251[0m           
                      
        <select
[7m   [0m [91m     
                      
             
~~~~~~~[0m
[7m252[0m           
                      
            
className="w-full p-3 
bg-gray-50 border 
border-gray-100 
rounded-lg text-sm 
focus:ring-2 
focus:ring-iob-blue 
outline-none 
transition-all"
[7m   [0m [91m~~~~~
~~~~~~~~~~~~~~~~~~~~~~
~~~~~~~~~~~~~~~~~~~~~~
~~~~~~~~~~~~~~~~~~~~~~
~~~~~~~~~~~~~~~~~~~~~~
~~~~~~~~~~~~~~~~~~~~~~
~~~~~~~~~~~~~~~~~~~~~~
~~~~~~~~~~~~~~~~~~~~~~
~~~~~~~~~~~~~~~~~~~~~
[0m
[7m...[0m 
[7m254[0m           
                      
            
onChange={(e) => 
setFormData({ 
...formData, 
functionalScopeId: 
e.target.value })}
[7m   [0m [91m~~~~~
~~~~~~~~~~~~~~~~~~~~~~
~~~~~~~~~~~~~~~~~~~~~~
~~~~~~~~~~~~~~~~~~~~~~
~~~~~~~~~~~~~~~~~~~~~~
~~~~~~~~~~~~~~~~~~~~~~
~~~~~~~~~~[0m
[7m255[0m           
                      
        >
[7m   [0m [91m~~~~~
~~~~~~~~~~~~~~~~~~~~~~
~~~~~~~~~~~~~~[0m
[96mclient/src/pages/
CreateDecision.tsx[0m
:[93m259[0m:[93m53
[0m - 
[91merror[0m[90m 
TS17004: [0mCannot 
use JSX unless the 
'--jsx' flag is 
provided.

[7m259[0m           
                      
                    
<option key={c.functio
nalScopeId} value={c.f
unctionalScopeId}>
[7m   [0m [91m     
                      
                      
   ~~~~~~~~~~~~~~~~~~~
~~~~~~~~~~~~~~~~~~~~~~
~~~~~~~~~~~~~~~~~~~~~
[0m
[96mclient/src/pages/
CreateDecision.tsx[0m
:[93m267[0m:[93m37
[0m - 
[91merror[0m[90m 
TS17004: [0mCannot 
use JSX unless the 
'--jsx' flag is 
provided.

[7m267[0m           
                      
    <div className="sp
ace-y-1.5 pt-4 
border-t">
[7m   [0m [91m     
                      
         ~~~~~~~~~~~~~
~~~~~~~~~~~~~~~~~~~~~~
~~~~~~~~[0m
[96mclient/src/pages/
CreateDecision.tsx[0m
:[93m268[0m:[93m41
[0m - 
[91merror[0m[90m 
TS17004: [0mCannot 
use JSX unless the 
'--jsx' flag is 
provided.

[7m268[0m           
                      
        <label classNa
me="text-[10px] 
font-bold 
text-gray-400 
uppercase tracking-wid
est">Approval 
Route</label>
[7m   [0m [91m     
                      
             ~~~~~~~~~
~~~~~~~~~~~~~~~~~~~~~~
~~~~~~~~~~~~~~~~~~~~~~
~~~~~~~~~~~~~~~~~~~~~~
~~~~~~[0m
[96mclient/src/pages/
CreateDecision.tsx[0m
:[93m269[0m:[93m41
[0m - 
[91merror[0m[90m 
TS17004: [0mCannot 
use JSX unless the 
'--jsx' flag is 
provided.

[7m269[0m           
                      
        <div 
className="flex 
space-x-4">
[7m   [0m [91m     
                      
             ~~~~~~~~~
~~~~~~~~~~~~~~~~~~~~~~
~[0m
[96mclient/src/pages/
CreateDecision.tsx[0m
:[93m270[0m:[93m45
[0m - 
[91merror[0m[90m 
TS17004: [0mCannot 
use JSX unless the 
'--jsx' flag is 
provided.

[7m270[0m           
                      
            <button
[7m   [0m [91m     
                      
                 
~~~~~~~[0m
[7m271[0m           
                      
                
onClick={() => 
setFormData({ 
...formData, 
routingMode: 
'INDIVIDUAL' })}
[7m   [0m [91m~~~~~
~~~~~~~~~~~~~~~~~~~~~~
~~~~~~~~~~~~~~~~~~~~~~
~~~~~~~~~~~~~~~~~~~~~~
~~~~~~~~~~~~~~~~~~~~~~
~~~~~~~~~~~~~~~~~~~~~~
~~~~[0m
[7m...[0m 
[7m273[0m           
                      
                ${form
Data.routingMode === 
'INDIVIDUAL' ? 
'bg-iob-blue 
text-white 
border-iob-blue' : 
'bg-gray-50 
border-gray-200 
text-gray-600 
hover:bg-gray-100'}`}
[7m   [0m [91m~~~~~
~~~~~~~~~~~~~~~~~~~~~~
~~~~~~~~~~~~~~~~~~~~~~
~~~~~~~~~~~~~~~~~~~~~~
~~~~~~~~~~~~~~~~~~~~~~
~~~~~~~~~~~~~~~~~~~~~~
~~~~~~~~~~~~~~~~~~~~~~
~~~~~~~~~~~~~~~~~~~~~~
~~~~~~~~~~~~~~~~~~~~~~
~~~~~~~~~~~~~~~[0m
[7m274[0m           
                      
            >
[7m   [0m [91m~~~~~
~~~~~~~~~~~~~~~~~~~~~~
~~~~~~~~~~~~~~~~~~[0m
[96mclient/src/pages/
CreateDecision.tsx[0m
:[93m275[0m:[93m49
[0m - 
[91merror[0m[90m 
TS17004: [0mCannot 
use JSX unless the 
'--jsx' flag is 
provided.

[7m275[0m           
                      
                
<UserCheck 
className="w-4 h-4 
mr-2" />
[7m   [0m [91m     
                      
                     ~
~~~~~~~~~~~~~~~~~~~~~~
~~~~~~~~~~~~~~~[0m
[96mclient/src/pages/
CreateDecision.tsx[0m
:[93m278[0m:[93m45
[0m - 
[91merror[0m[90m 
TS17004: [0mCannot 
use JSX unless the 
'--jsx' flag is 
provided.

[7m278[0m           
                      
            <button
[7m   [0m [91m     
                      
                 
~~~~~~~[0m
[7m279[0m           
                      
                
onClick={() => 
setFormData({ 
...formData, 
routingMode: 
'COMMITTEE' })}
[7m   [0m [91m~~~~~
~~~~~~~~~~~~~~~~~~~~~~
~~~~~~~~~~~~~~~~~~~~~~
~~~~~~~~~~~~~~~~~~~~~~
~~~~~~~~~~~~~~~~~~~~~~
~~~~~~~~~~~~~~~~~~~~~~
~~~[0m
[7m...[0m 
[7m281[0m           
                      
                ${form
Data.routingMode === 
'COMMITTEE' ? 
'bg-iob-blue 
text-white 
border-iob-blue' : 
'bg-gray-50 
border-gray-200 
text-gray-600 
hover:bg-gray-100'}`}
[7m   [0m [91m~~~~~
~~~~~~~~~~~~~~~~~~~~~~
~~~~~~~~~~~~~~~~~~~~~~
~~~~~~~~~~~~~~~~~~~~~~
~~~~~~~~~~~~~~~~~~~~~~
~~~~~~~~~~~~~~~~~~~~~~
~~~~~~~~~~~~~~~~~~~~~~
~~~~~~~~~~~~~~~~~~~~~~
~~~~~~~~~~~~~~~~~~~~~~
~~~~~~~~~~~~~~[0m
[7m282[0m           
                      
            >
[7m   [0m [91m~~~~~
~~~~~~~~~~~~~~~~~~~~~~
~~~~~~~~~~~~~~~~~~[0m
[96mclient/src/pages/
CreateDecision.tsx[0m
:[93m283[0m:[93m49
[0m - 
[91merror[0m[90m 
TS17004: [0mCannot 
use JSX unless the 
'--jsx' flag is 
provided.

[7m283[0m           
                      
                
<Users className="w-4 
h-4 mr-2" />
[7m   [0m [91m     
                      
                     ~
~~~~~~~~~~~~~~~~~~~~~~
~~~~~~~~~~~[0m
[96mclient/src/pages/
CreateDecision.tsx[0m
:[93m293[0m:[93m29
[0m - 
[91merror[0m[90m 
TS17004: [0mCannot 
use JSX unless the 
'--jsx' flag is 
provided.

[7m293[0m           
                  
<div 
className="absolute 
inset-0 bg-white/80 
flex items-center 
justify-center z-10 
rounded-xl 
backdrop-blur-sm">
[7m   [0m [91m     
                      
 ~~~~~~~~~~~~~~~~~~~~~
~~~~~~~~~~~~~~~~~~~~~~
~~~~~~~~~~~~~~~~~~~~~~
~~~~~~~~~~~~~~~~~~~~~~
~~~~~~~~~~~~~~~~~~~~~~
~~~[0m
[96mclient/src/pages/
CreateDecision.tsx[0m
:[93m294[0m:[93m33
[0m - 
[91merror[0m[90m 
TS17004: [0mCannot 
use JSX unless the 
'--jsx' flag is 
provided.

[7m294[0m           
                      
<div className="text-c
enter space-y-3">
[7m   [0m [91m     
                      
     ~~~~~~~~~~~~~~~~~
~~~~~~~~~~~~~~~~~~~~~~
[0m
[96mclient/src/pages/
CreateDecision.tsx[0m
:[93m295[0m:[93m37
[0m - 
[91merror[0m[90m 
TS17004: [0mCannot 
use JSX unless the 
'--jsx' flag is 
provided.

[7m295[0m           
                      
    <div 
className="w-10 h-10 
border-4 
border-iob-blue 
border-t-transparent 
rounded-full 
animate-spin 
mx-auto"></div>
[7m   [0m [91m     
                      
         ~~~~~~~~~~~~~
~~~~~~~~~~~~~~~~~~~~~~
~~~~~~~~~~~~~~~~~~~~~~
~~~~~~~~~~~~~~~~~~~~~~
~~~~~~~~~~~~~~~~~~~~~~
~~~~~~[0m
[96mclient/src/pages/
CreateDecision.tsx[0m
:[93m296[0m:[93m37
[0m - 
[91merror[0m[90m 
TS17004: [0mCannot 
use JSX unless the 
'--jsx' flag is 
provided.

[7m296[0m           
                      
    <p 
className="text-xs 
font-bold 
text-iob-blue 
uppercase tracking-wid
est">Resolving Unit 
Context...</p>
[7m   [0m [91m     
                      
         ~~~~~~~~~~~~~
~~~~~~~~~~~~~~~~~~~~~~
~~~~~~~~~~~~~~~~~~~~~~
~~~~~~~~~~~~~~~~[0m
[96mclient/src/pages/
CreateDecision.tsx[0m
:[93m302[0m:[93m29
[0m - 
[91merror[0m[90m 
TS17004: [0mCannot 
use JSX unless the 
'--jsx' flag is 
provided.

[7m302[0m           
                  
<div 
className="space-y-6">
[7m   [0m [91m     
                      
 ~~~~~~~~~~~~~~~~~~~~~
~~~~~~[0m
[96mclient/src/pages/
CreateDecision.tsx[0m
:[93m303[0m:[93m33
[0m - 
[91merror[0m[90m 
TS17004: [0mCannot 
use JSX unless the 
'--jsx' flag is 
provided.

[7m303[0m           
                      
<h3 
className="text-lg 
font-bold 
text-gray-900 
border-l-4 
border-iob-blue 
pl-3">Context & 
Financials</h3>
[7m   [0m [91m     
                      
     ~~~~~~~~~~~~~~~~~
~~~~~~~~~~~~~~~~~~~~~~
~~~~~~~~~~~~~~~~~~~~~~
~~~~~~~~~~~~~~~~~~~[0
m
[96mclient/src/pages/
CreateDecision.tsx[0m
:[93m304[0m:[93m33
[0m - 
[91merror[0m[90m 
TS17004: [0mCannot 
use JSX unless the 
'--jsx' flag is 
provided.

[7m304[0m           
                      
<div className="grid 
grid-cols-2 gap-4">
[7m   [0m [91m     
                      
     ~~~~~~~~~~~~~~~~~
~~~~~~~~~~~~~~~~~~~~~~
~[0m
[96mclient/src/pages/
CreateDecision.tsx[0m
:[93m305[0m:[93m37
[0m - 
[91merror[0m[90m 
TS17004: [0mCannot 
use JSX unless the 
'--jsx' flag is 
provided.

[7m305[0m           
                      
    <div className="sp
ace-y-1.5">
[7m   [0m [91m     
                      
         ~~~~~~~~~~~~~
~~~~~~~~~~~~~~~~[0m
[96mclient/src/pages/
CreateDecision.tsx[0m
:[93m306[0m:[93m41
[0m - 
[91merror[0m[90m 
TS17004: [0mCannot 
use JSX unless the 
'--jsx' flag is 
provided.

[7m306[0m           
                      
        <label classNa
me="text-[10px] 
font-bold 
text-gray-400 
uppercase tracking-wid
est">Department</label
>
[7m   [0m [91m     
                      
             ~~~~~~~~~
~~~~~~~~~~~~~~~~~~~~~~
~~~~~~~~~~~~~~~~~~~~~~
~~~~~~~~~~~~~~~~~~~~~~
~~~~~~[0m
[96mclient/src/pages/
CreateDecision.tsx[0m
:[93m307[0m:[93m41
[0m - 
[91merror[0m[90m 
TS17004: [0mCannot 
use JSX unless the 
'--jsx' flag is 
provided.

[7m307[0m           
                      
        <select 
className="w-full p-3 
bg-gray-50 border 
border-gray-100 
rounded-lg text-sm">
[7m   [0m [91m     
                      
             ~~~~~~~~~
~~~~~~~~~~~~~~~~~~~~~~
~~~~~~~~~~~~~~~~~~~~~~
~~~~~~~~~~~~~~~~~~~~~~
~~~~~~~~~[0m
[96mclient/src/pages/
CreateDecision.tsx[0m
:[93m308[0m:[93m45
[0m - 
[91merror[0m[90m 
TS17004: [0mCannot 
use JSX unless the 
'--jsx' flag is 
provided.

[7m308[0m           
                      
            
<option>Credit 
Department</option>
[7m   [0m [91m     
                      
                 
~~~~~~~~[0m
[96mclient/src/pages/
CreateDecision.tsx[0m
:[93m309[0m:[93m45
[0m - 
[91merror[0m[90m 
TS17004: [0mCannot 
use JSX unless the 
'--jsx' flag is 
provided.

[7m309[0m           
                      
            
<option>General Admini
stration</option>
[7m   [0m [91m     
                      
                 
~~~~~~~~[0m
[96mclient/src/pages/
CreateDecision.tsx[0m
:[93m312[0m:[93m37
[0m - 
[91merror[0m[90m 
TS17004: [0mCannot 
use JSX unless the 
'--jsx' flag is 
provided.

[7m312[0m           
                      
    <div className="sp
ace-y-1.5">
[7m   [0m [91m     
                      
         ~~~~~~~~~~~~~
~~~~~~~~~~~~~~~~[0m
[96mclient/src/pages/
CreateDecision.tsx[0m
:[93m313[0m:[93m41
[0m - 
[91merror[0m[90m 
TS17004: [0mCannot 
use JSX unless the 
'--jsx' flag is 
provided.

[7m313[0m           
                      
        <label classNa
me="text-[10px] 
font-bold 
text-gray-400 
uppercase tracking-wid
est">Region/Zone</labe
l>
[7m   [0m [91m     
                      
             ~~~~~~~~~
~~~~~~~~~~~~~~~~~~~~~~
~~~~~~~~~~~~~~~~~~~~~~
~~~~~~~~~~~~~~~~~~~~~~
~~~~~~[0m
[96mclient/src/pages/
CreateDecision.tsx[0m
:[93m314[0m:[93m41
[0m - 
[91merror[0m[90m 
TS17004: [0mCannot 
use JSX unless the 
'--jsx' flag is 
provided.

[7m314[0m           
                      
        <select 
className="w-full p-3 
bg-gray-50 border 
border-gray-100 
rounded-lg text-sm">
[7m   [0m [91m     
                      
             ~~~~~~~~~
~~~~~~~~~~~~~~~~~~~~~~
~~~~~~~~~~~~~~~~~~~~~~
~~~~~~~~~~~~~~~~~~~~~~
~~~~~~~~~[0m
[96mclient/src/pages/
CreateDecision.tsx[0m
:[93m315[0m:[93m45
[0m - 
[91merror[0m[90m 
TS17004: [0mCannot 
use JSX unless the 
'--jsx' flag is 
provided.

[7m315[0m           
                      
            
<option>Regional 
Office, 
Chennai</option>
[7m   [0m [91m     
                      
                 
~~~~~~~~[0m
[96mclient/src/pages/
CreateDecision.tsx[0m
:[93m316[0m:[93m45
[0m - 
[91merror[0m[90m 
TS17004: [0mCannot 
use JSX unless the 
'--jsx' flag is 
provided.

[7m316[0m           
                      
            
<option>Zonal Office, 
Delhi</option>
[7m   [0m [91m     
                      
                 
~~~~~~~~[0m
[96mclient/src/pages/
CreateDecision.tsx[0m
:[93m320[0m:[93m33
[0m - 
[91merror[0m[90m 
TS17004: [0mCannot 
use JSX unless the 
'--jsx' flag is 
provided.

[7m320[0m           
                      
<div className="space-
y-1.5">
[7m   [0m [91m     
                      
     ~~~~~~~~~~~~~~~~~
~~~~~~~~~~~~[0m
[96mclient/src/pages/
CreateDecision.tsx[0m
:[93m321[0m:[93m37
[0m - 
[91merror[0m[90m 
TS17004: [0mCannot 
use JSX unless the 
'--jsx' flag is 
provided.

[7m321[0m           
                      
    <label className="
text-[10px] font-bold 
text-gray-400 
uppercase tracking-wid
est">Exposure Amount 
(INR)</label>
[7m   [0m [91m     
                      
         ~~~~~~~~~~~~~
~~~~~~~~~~~~~~~~~~~~~~
~~~~~~~~~~~~~~~~~~~~~~
~~~~~~~~~~~~~~~~~~~~~~
~~[0m
[96mclient/src/pages/
CreateDecision.tsx[0m
:[93m322[0m:[93m37
[0m - 
[91merror[0m[90m 
TS17004: [0mCannot 
use JSX unless the 
'--jsx' flag is 
provided.

[7m322[0m           
                      
    <div 
className="relative">
[7m   [0m [91m     
                      
         ~~~~~~~~~~~~~
~~~~~~~~~~~~~[0m
[96mclient/src/pages/
CreateDecision.tsx[0m
:[93m323[0m:[93m41
[0m - 
[91merror[0m[90m 
TS17004: [0mCannot 
use JSX unless the 
'--jsx' flag is 
provided.

[7m323[0m           
                      
        <IndianRupee 
className="absolute 
left-3 top-1/2 
-translate-y-1/2 w-4 
h-4 text-gray-400" />
[7m   [0m [91m     
                      
             ~~~~~~~~~
~~~~~~~~~~~~~~~~~~~~~~
~~~~~~~~~~~~~~~~~~~~~~
~~~~~~~~~~~~~~~~~~~~~~
~~~~~~~~~~~~~~~[0m
[96mclient/src/pages/
CreateDecision.tsx[0m
:[93m324[0m:[93m41
[0m - 
[91merror[0m[90m 
TS17004: [0mCannot 
use JSX unless the 
'--jsx' flag is 
provided.

[7m324[0m           
                      
        <input
[7m   [0m [91m     
                      
             
~~~~~~[0m
[7m325[0m           
                      
            
type="number"
[7m   [0m [91m~~~~~
~~~~~~~~~~~~~~~~~~~~~~
~~~~~~~~~~~~~~~~~~~~~~
~~~~~~~~[0m
[7m...[0m 
[7m329[0m           
                      
            
onChange={(e) => 
setFormData({ 
...formData, amount: 
e.target.value })}
[7m   [0m [91m~~~~~
~~~~~~~~~~~~~~~~~~~~~~
~~~~~~~~~~~~~~~~~~~~~~
~~~~~~~~~~~~~~~~~~~~~~
~~~~~~~~~~~~~~~~~~~~~~
~~~~~~~~~~~~~~~~~~~~~
[0m
[7m330[0m           
                      
        />
[7m   [0m [91m~~~~~
~~~~~~~~~~~~~~~~~~~~~~
~~~~~~~~~~~~~~~[0m
[96mclient/src/pages/
CreateDecision.tsx[0m
:[93m332[0m:[93m37
[0m - 
[91merror[0m[90m 
TS17004: [0mCannot 
use JSX unless the 
'--jsx' flag is 
provided.

[7m332[0m           
                      
    <p className="text
-[10px] text-gray-500 
italic">Live DoA 
resolution will be 
triggered as you 
type.</p>
[7m   [0m [91m     
                      
         ~~~~~~~~~~~~~
~~~~~~~~~~~~~~~~~~~~~~
~~~~~~~~~~~~~[0m
[96mclient/src/pages/
CreateDecision.tsx[0m
:[93m338[0m:[93m29
[0m - 
[91merror[0m[90m 
TS17004: [0mCannot 
use JSX unless the 
'--jsx' flag is 
provided.

[7m338[0m           
                  
<div 
className="space-y-6">
[7m   [0m [91m     
                      
 ~~~~~~~~~~~~~~~~~~~~~
~~~~~~[0m
[96mclient/src/pages/
CreateDecision.tsx[0m
:[93m339[0m:[93m33
[0m - 
[91merror[0m[90m 
TS17004: [0mCannot 
use JSX unless the 
'--jsx' flag is 
provided.

[7m339[0m           
                      
<h3 
className="text-lg 
font-bold 
text-gray-900 
border-l-4 
border-iob-blue 
pl-3">Justification & 
Proposal Note</h3>
[7m   [0m [91m     
                      
     ~~~~~~~~~~~~~~~~~
~~~~~~~~~~~~~~~~~~~~~~
~~~~~~~~~~~~~~~~~~~~~~
~~~~~~~~~~~~~~~~~~~[0
m
[96mclient/src/pages/
CreateDecision.tsx[0m
:[93m340[0m:[93m33
[0m - 
[91merror[0m[90m 
TS17004: [0mCannot 
use JSX unless the 
'--jsx' flag is 
provided.

[7m340[0m           
                      
<div className="space-
y-1.5">
[7m   [0m [91m     
                      
     ~~~~~~~~~~~~~~~~~
~~~~~~~~~~~~[0m
[96mclient/src/pages/
CreateDecision.tsx[0m
:[93m341[0m:[93m37
[0m - 
[91merror[0m[90m 
TS17004: [0mCannot 
use JSX unless the 
'--jsx' flag is 
provided.

[7m341[0m           
                      
    <label className="
text-[10px] font-bold 
text-gray-400 
uppercase tracking-wid
est">Subject 
Line</label>
[7m   [0m [91m     
                      
         ~~~~~~~~~~~~~
~~~~~~~~~~~~~~~~~~~~~~
~~~~~~~~~~~~~~~~~~~~~~
~~~~~~~~~~~~~~~~~~~~~~
~~[0m
[96mclient/src/pages/
CreateDecision.tsx[0m
:[93m342[0m:[93m37
[0m - 
[91merror[0m[90m 
TS17004: [0mCannot 
use JSX unless the 
'--jsx' flag is 
provided.

[7m342[0m           
                      
    <input 
className="w-full p-3 
bg-gray-50 border 
border-gray-100 
rounded-lg text-sm 
mb-4" 
placeholder="Brief 
summary of the 
request..." />
[7m   [0m [91m     
                      
         ~~~~~~~~~~~~~
~~~~~~~~~~~~~~~~~~~~~~
~~~~~~~~~~~~~~~~~~~~~~
~~~~~~~~~~~~~~~~~~~~~~
~~~~~~~~~~~~~~~~~~~~~~
~~~~~~~~~~~~~~~~~~~~~~
~~~~~~~~~~~~~[0m
[96mclient/src/pages/
CreateDecision.tsx[0m
:[93m344[0m:[93m37
[0m - 
[91merror[0m[90m 
TS17004: [0mCannot 
use JSX unless the 
'--jsx' flag is 
provided.

[7m344[0m           
                      
    <label className="
text-[10px] font-bold 
text-gray-400 
uppercase tracking-wid
est">Detailed 
Proposal</label>
[7m   [0m [91m     
                      
         ~~~~~~~~~~~~~
~~~~~~~~~~~~~~~~~~~~~~
~~~~~~~~~~~~~~~~~~~~~~
~~~~~~~~~~~~~~~~~~~~~~
~~[0m
[96mclient/src/pages/
CreateDecision.tsx[0m
:[93m345[0m:[93m37
[0m - 
[91merror[0m[90m 
TS17004: [0mCannot 
use JSX unless the 
'--jsx' flag is 
provided.

[7m345[0m           
                      
    <textarea
[7m   [0m [91m     
                      
         ~~~~~~~~~[0m
[7m346[0m           
                      
        
className="w-full p-4 
bg-gray-50 border 
border-gray-100 
rounded-lg text-sm 
min-h-[200px] 
outline-none 
focus:ring-2 
focus:ring-iob-blue"
[7m   [0m [91m~~~~~
~~~~~~~~~~~~~~~~~~~~~~
~~~~~~~~~~~~~~~~~~~~~~
~~~~~~~~~~~~~~~~~~~~~~
~~~~~~~~~~~~~~~~~~~~~~
~~~~~~~~~~~~~~~~~~~~~~
~~~~~~~~~~~~~~~~~~~~~~
~~~~~~~~~~~~~~~~~~~~~~
~~~~~~~~~~~~~~~~[0m
[7m...[0m 
[7m349[0m           
                      
        onChange={(e) 
=> setFormData({ 
...formData, 
justification: 
e.target.value })}
[7m   [0m [91m~~~~~
~~~~~~~~~~~~~~~~~~~~~~
~~~~~~~~~~~~~~~~~~~~~~
~~~~~~~~~~~~~~~~~~~~~~
~~~~~~~~~~~~~~~~~~~~~~
~~~~~~~~~~~~~~~~~~~~~~
~~[0m
[7m350[0m           
                      
    />
[7m   [0m [91m~~~~~
~~~~~~~~~~~~~~~~~~~~~~
~~~~~~~~~~~[0m
[96mclient/src/pages/
CreateDecision.tsx[0m
:[93m356[0m:[93m29
[0m - 
[91merror[0m[90m 
TS17004: [0mCannot 
use JSX unless the 
'--jsx' flag is 
provided.

[7m356[0m           
                  
<div 
className="space-y-6">
[7m   [0m [91m     
                      
 ~~~~~~~~~~~~~~~~~~~~~
~~~~~~[0m
[96mclient/src/pages/
CreateDecision.tsx[0m
:[93m357[0m:[93m33
[0m - 
[91merror[0m[90m 
TS17004: [0mCannot 
use JSX unless the 
'--jsx' flag is 
provided.

[7m357[0m           
                      
<h3 
className="text-lg 
font-bold 
text-gray-900 
border-l-4 
border-iob-blue 
pl-3">Evidence & 
Attachments</h3>
[7m   [0m [91m     
                      
     ~~~~~~~~~~~~~~~~~
~~~~~~~~~~~~~~~~~~~~~~
~~~~~~~~~~~~~~~~~~~~~~
~~~~~~~~~~~~~~~~~~~[0
m
[96mclient/src/pages/
CreateDecision.tsx[0m
:[93m358[0m:[93m33
[0m - 
[91merror[0m[90m 
TS17004: [0mCannot 
use JSX unless the 
'--jsx' flag is 
provided.

[7m358[0m           
                      
<div 
className="border-2 
border-dashed 
border-gray-200 
rounded-xl p-8 
text-center space-y-4 
hover:border-iob-blue/
30 transition-colors">
[7m   [0m [91m     
                      
     ~~~~~~~~~~~~~~~~~
~~~~~~~~~~~~~~~~~~~~~~
~~~~~~~~~~~~~~~~~~~~~~
~~~~~~~~~~~~~~~~~~~~~~
~~~~~~~~~~~~~~~~~~~~~~
~~~~~~~~~~~~~~~~~~~~~~
~~~~~~~~~[0m
[96mclient/src/pages/
CreateDecision.tsx[0m
:[93m359[0m:[93m37
[0m - 
[91merror[0m[90m 
TS17004: [0mCannot 
use JSX unless the 
'--jsx' flag is 
provided.

[7m359[0m           
                      
    <Upload 
className="w-12 h-12 
text-gray-300 
mx-auto" />
[7m   [0m [91m     
                      
         ~~~~~~~~~~~~~
~~~~~~~~~~~~~~~~~~~~~~
~~~~~~~~~~~~~~~~~~~[0
m
[96mclient/src/pages/
CreateDecision.tsx[0m
:[93m360[0m:[93m37
[0m - 
[91merror[0m[90m 
TS17004: [0mCannot 
use JSX unless the 
'--jsx' flag is 
provided.

[7m360[0m           
                      
    <div>
[7m   [0m [91m     
                      
         ~~~~~[0m
[96mclient/src/pages/
CreateDecision.tsx[0m
:[93m361[0m:[93m41
[0m - 
[91merror[0m[90m 
TS17004: [0mCannot 
use JSX unless the 
'--jsx' flag is 
provided.

[7m361[0m           
                      
        <p 
className="text-sm 
font-bold 
text-gray-900">Drag & 
drop files here</p>
[7m   [0m [91m     
                      
             ~~~~~~~~~
~~~~~~~~~~~~~~~~~~~~~~
~~~~~~~~~~~~~~~~[0m
[96mclient/src/pages/
CreateDecision.tsx[0m
:[93m362[0m:[93m41
[0m - 
[91merror[0m[90m 
TS17004: [0mCannot 
use JSX unless the 
'--jsx' flag is 
provided.

[7m362[0m           
                      
        <p 
className="text-xs tex
t-gray-500">Supported:
 PDF, DOCX, XLSX (Max 
10MB per file)</p>
[7m   [0m [91m     
                      
             ~~~~~~~~~
~~~~~~~~~~~~~~~~~~~~~~
~~~~~~[0m
[96mclient/src/pages/
CreateDecision.tsx[0m
:[93m364[0m:[93m37
[0m - 
[91merror[0m[90m 
TS17004: [0mCannot 
use JSX unless the 
'--jsx' flag is 
provided.

[7m364[0m           
                      
    <button 
className="text-xs 
font-bold 
text-iob-blue 
uppercase 
tracking-widest 
bg-iob-blue/5 px-4 
py-2 rounded-lg 
hover:bg-iob-blue/10 
transition-all">
[7m   [0m [91m     
                      
         ~~~~~~~~~~~~~
~~~~~~~~~~~~~~~~~~~~~~
~~~~~~~~~~~~~~~~~~~~~~
~~~~~~~~~~~~~~~~~~~~~~
~~~~~~~~~~~~~~~~~~~~~~
~~~~~~~~~~~~~~~~~~~~~~
~~~~~~~~~~~~~~~~~~~~~~
~~~~[0m
[96mclient/src/pages/
CreateDecision.tsx[0m
:[93m368[0m:[93m33
[0m - 
[91merror[0m[90m 
TS17004: [0mCannot 
use JSX unless the 
'--jsx' flag is 
provided.

[7m368[0m           
                      
<div 
className="space-y-3">
[7m   [0m [91m     
                      
     ~~~~~~~~~~~~~~~~~
~~~~~~~~~~[0m
[96mclient/src/pages/
CreateDecision.tsx[0m
:[93m369[0m:[93m37
[0m - 
[91merror[0m[90m 
TS17004: [0mCannot 
use JSX unless the 
'--jsx' flag is 
provided.

[7m369[0m           
                      
    <label className="
text-[10px] font-bold 
text-gray-400 
uppercase tracking-wid
est">Linked 
Circulars</label>
[7m   [0m [91m     
                      
         ~~~~~~~~~~~~~
~~~~~~~~~~~~~~~~~~~~~~
~~~~~~~~~~~~~~~~~~~~~~
~~~~~~~~~~~~~~~~~~~~~~
~~[0m
[96mclient/src/pages/
CreateDecision.tsx[0m
:[93m370[0m:[93m37
[0m - 
[91merror[0m[90m 
TS17004: [0mCannot 
use JSX unless the 
'--jsx' flag is 
provided.

[7m370[0m           
                      
    <div 
className="flex 
items-center 
space-x-2">
[7m   [0m [91m     
                      
         ~~~~~~~~~~~~~
~~~~~~~~~~~~~~~~~~~~~~
~~~~~~~~~~[0m
[96mclient/src/pages/
CreateDecision.tsx[0m
:[93m371[0m:[93m41
[0m - 
[91merror[0m[90m 
TS17004: [0mCannot 
use JSX unless the 
'--jsx' flag is 
provided.

[7m371[0m           
                      
        <input
[7m   [0m [91m     
                      
             
~~~~~~[0m
[7m372[0m           
                      
            
className="flex-1 p-2 
bg-gray-50 border 
border-gray-100 
rounded text-xs 
focus:ring-1 
focus:ring-iob-blue 
outline-none"
[7m   [0m [91m~~~~~
~~~~~~~~~~~~~~~~~~~~~~
~~~~~~~~~~~~~~~~~~~~~~
~~~~~~~~~~~~~~~~~~~~~~
~~~~~~~~~~~~~~~~~~~~~~
~~~~~~~~~~~~~~~~~~~~~~
~~~~~~~~~~~~~~~~~~~~~~
~~~~~~~~~~~~~~~~~~~~~~
~~~[0m
[7m...[0m 
[7m376[0m           
                      
            
onKeyPress={(e) => 
e.key === 'Enter' && 
addCircular()}
[7m   [0m [91m~~~~~
~~~~~~~~~~~~~~~~~~~~~~
~~~~~~~~~~~~~~~~~~~~~~
~~~~~~~~~~~~~~~~~~~~~~
~~~~~~~~~~~~~~~~~~~~~~
~~~~~[0m
[7m377[0m           
                      
        />
[7m   [0m [91m~~~~~
~~~~~~~~~~~~~~~~~~~~~~
~~~~~~~~~~~~~~~[0m
[96mclient/src/pages/
CreateDecision.tsx[0m
:[93m378[0m:[93m41
[0m - 
[91merror[0m[90m 
TS17004: [0mCannot 
use JSX unless the 
'--jsx' flag is 
provided.

[7m378[0m           
                      
        <button
[7m   [0m [91m     
                      
             
~~~~~~~[0m
[7m379[0m           
                      
            
onClick={addCircular}
[7m   [0m [91m~~~~~
~~~~~~~~~~~~~~~~~~~~~~
~~~~~~~~~~~~~~~~~~~~~~
~~~~~~~~~~~~~~~~[0m
[7m380[0m           
                      
            
className="p-2 
bg-iob-blue 
text-white rounded hov
er:bg-iob-blue-dark 
transition-colors"
[7m   [0m [91m~~~~~
~~~~~~~~~~~~~~~~~~~~~~
~~~~~~~~~~~~~~~~~~~~~~
~~~~~~~~~~~~~~~~~~~~~~
~~~~~~~~~~~~~~~~~~~~~~
~~~~~~~~~~~~~~~~~~~~~~
~~~~~~~~~~~~~~~~[0m
[7m381[0m           
                      
        >
[7m   [0m [91m~~~~~
~~~~~~~~~~~~~~~~~~~~~~
~~~~~~~~~~~~~~[0m
[96mclient/src/pages/
CreateDecision.tsx[0m
:[93m382[0m:[93m45
[0m - 
[91merror[0m[90m 
TS17004: [0mCannot 
use JSX unless the 
'--jsx' flag is 
provided.

[7m382[0m           
                      
            <Plus 
className="w-4 h-4" />
[7m   [0m [91m     
                      
                 ~~~~~
~~~~~~~~~~~~~~~~~~~~~~
~[0m
[96mclient/src/pages/
CreateDecision.tsx[0m
:[93m386[0m:[93m37
[0m - 
[91merror[0m[90m 
TS17004: [0mCannot 
use JSX unless the 
'--jsx' flag is 
provided.

[7m386[0m           
                      
    <div 
className="space-y-2 
max-h-40 
overflow-y-auto">
[7m   [0m [91m     
                      
         ~~~~~~~~~~~~~
~~~~~~~~~~~~~~~~~~~~~~
~~~~~~~~~~~~~~~~~[0m
[96mclient/src/pages/
CreateDecision.tsx[0m
:[93m388[0m:[93m45
[0m - 
[91merror[0m[90m 
TS17004: [0mCannot 
use JSX unless the 
'--jsx' flag is 
provided.

[7m388[0m           
                      
            <div 
key={i} 
className="flex 
items-center 
justify-between p-2 
bg-gray-50 rounded 
border 
border-gray-100 group 
animate-in 
slide-in-from-left-2">
[7m   [0m [91m     
                      
                 ~~~~~
~~~~~~~~~~~~~~~~~~~~~~
~~~~~~~~~~~~~~~~~~~~~~
~~~~~~~~~~~~~~~~~~~~~~
~~~~~~~~~~~~~~~~~~~~~~
~~~~~~~~~~~~~~~~~~~~~~
~~~~~~~~~~~~~~~~~~~~~~
~~~~~~[0m
[96mclient/src/pages/
CreateDecision.tsx[0m
:[93m389[0m:[93m49
[0m - 
[91merror[0m[90m 
TS17004: [0mCannot 
use JSX unless the 
'--jsx' flag is 
provided.

[7m389[0m           
                      
                <div 
className="flex 
items-center 
space-x-2 
overflow-hidden">
[7m   [0m [91m     
                      
                     ~
~~~~~~~~~~~~~~~~~~~~~~
~~~~~~~~~~~~~~~~~~~~~~
~~~~~~~~~~~~~~~~[0m
[96mclient/src/pages/
CreateDecision.tsx[0m
:[93m390[0m:[93m53
[0m - 
[91merror[0m[90m 
TS17004: [0mCannot 
use JSX unless the 
'--jsx' flag is 
provided.

[7m390[0m           
                      
                    
<FileText 
className="w-3.5 
h-3.5 text-iob-blue 
flex-shrink-0" />
[7m   [0m [91m     
                      
                      
   ~~~~~~~~~~~~~~~~~~~
~~~~~~~~~~~~~~~~~~~~~~
~~~~~~~~~~~~~~~~~~~~~~
~[0m
[96mclient/src/pages/
CreateDecision.tsx[0m
:[93m391[0m:[93m53
[0m - 
[91merror[0m[90m 
TS17004: [0mCannot 
use JSX unless the 
'--jsx' flag is 
provided.

[7m391[0m           
                      
                    
<span 
className="text-xs 
text-gray-700 
truncate">{c}</span>
[7m   [0m [91m     
                      
                      
   ~~~~~~~~~~~~~~~~~~~
~~~~~~~~~~~~~~~~~~~~~~
~~~~~~~~[0m
[96mclient/src/pages/
CreateDecision.tsx[0m
:[93m393[0m:[93m49
[0m - 
[91merror[0m[90m 
TS17004: [0mCannot 
use JSX unless the 
'--jsx' flag is 
provided.

[7m393[0m           
                      
                
<button
[7m   [0m [91m     
                      
                     
~~~~~~~[0m
[7m394[0m           
                      
                    
onClick={() => 
removeCircular(i)}
[7m   [0m [91m~~~~~
~~~~~~~~~~~~~~~~~~~~~~
~~~~~~~~~~~~~~~~~~~~~~
~~~~~~~~~~~~~~~~~~~~~~
~~~~~~~~~~~~~~[0m
[7m395[0m           
                      
                    
className="p-1 
text-gray-400 
hover:text-red-500 
opacity-0 group-hover:
opacity-100 
transition-all"
[7m   [0m [91m~~~~~
~~~~~~~~~~~~~~~~~~~~~~
~~~~~~~~~~~~~~~~~~~~~~
~~~~~~~~~~~~~~~~~~~~~~
~~~~~~~~~~~~~~~~~~~~~~
~~~~~~~~~~~~~~~~~~~~~~
~~~~~~~~~~~~~~~~~~~~~~
~~~~~~~~~~~~[0m
[7m396[0m           
                      
                >
[7m   [0m [91m~~~~~
~~~~~~~~~~~~~~~~~~~~~~
~~~~~~~~~~~~~~~~~~~~~~
[0m
[96mclient/src/pages/
CreateDecision.tsx[0m
:[93m397[0m:[93m53
[0m - 
[91merror[0m[90m 
TS17004: [0mCannot 
use JSX unless the 
'--jsx' flag is 
provided.

[7m397[0m           
                      
                    
<Plus 
className="w-3.5 
h-3.5 rotate-45" />
[7m   [0m [91m     
                      
                      
   ~~~~~~~~~~~~~~~~~~~
~~~~~~~~~~~~~~~~~~~~~~
~[0m
[96mclient/src/pages/
CreateDecision.tsx[0m
:[93m402[0m:[93m45
[0m - 
[91merror[0m[90m 
TS17004: [0mCannot 
use JSX unless the 
'--jsx' flag is 
provided.

[7m402[0m           
                      
            <p classNa
me="text-[10px] 
text-gray-400 italic 
text-center py-2">No 
circulars added 
yet.</p>
[7m   [0m [91m     
                      
                 ~~~~~
~~~~~~~~~~~~~~~~~~~~~~
~~~~~~~~~~~~~~~~~~~~~~
~~~~~~~~~~~~~~~~[0m
[96mclient/src/pages/
CreateDecision.tsx[0m
:[93m410[0m:[93m21
[0m - 
[91merror[0m[90m 
TS17004: [0mCannot 
use JSX unless the 
'--jsx' flag is 
provided.

[7m410[0m           
          <div 
className="mt-8 pt-6 
border-t flex 
justify-between">
[7m   [0m [91m     
               ~~~~~~~
~~~~~~~~~~~~~~~~~~~~~~
~~~~~~~~~~~~~~~~~~~~~~
~~~~~~[0m
[96mclient/src/pages/
CreateDecision.tsx[0m
:[93m411[0m:[93m25
[0m - 
[91merror[0m[90m 
TS17004: [0mCannot 
use JSX unless the 
'--jsx' flag is 
provided.

[7m411[0m           
              <button
[7m   [0m [91m     
                   
~~~~~~~[0m
[7m412[0m           
                  
onClick={prevStep}
[7m   [0m [91m~~~~~
~~~~~~~~~~~~~~~~~~~~~~
~~~~~~~~~~~~~~~~~~~[0
m
[7m...[0m 
[7m414[0m           
                  
className={`flex 
items-center text-xs 
font-bold uppercase 
tracking-widest 
transition-colors 
${step === 1 ? 
'text-gray-300' : 
'text-gray-500 hover:t
ext-iob-blue'}`}
[7m   [0m [91m~~~~~
~~~~~~~~~~~~~~~~~~~~~~
~~~~~~~~~~~~~~~~~~~~~~
~~~~~~~~~~~~~~~~~~~~~~
~~~~~~~~~~~~~~~~~~~~~~
~~~~~~~~~~~~~~~~~~~~~~
~~~~~~~~~~~~~~~~~~~~~~
~~~~~~~~~~~~~~~~~~~~~~
~~~~~~~~~~~~~~~~~~~~~~
~~~~~~~~~~[0m
[7m415[0m           
              >
[7m   [0m [91m~~~~~
~~~~~~~~~~~~~~~~~~~~[
0m
[96mclient/src/pages/
CreateDecision.tsx[0m
:[93m416[0m:[93m29
[0m - 
[91merror[0m[90m 
TS17004: [0mCannot 
use JSX unless the 
'--jsx' flag is 
provided.

[7m416[0m           
                  
<ChevronLeft 
className="w-4 h-4 
mr-1" />
[7m   [0m [91m     
                      
 ~~~~~~~~~~~~~~~~~~~~~
~~~~~~~~~~~~~~~~~~~[0
m
[96mclient/src/pages/
CreateDecision.tsx[0m
:[93m419[0m:[93m25
[0m - 
[91merror[0m[90m 
TS17004: [0mCannot 
use JSX unless the 
'--jsx' flag is 
provided.

[7m419[0m           
              <button
[7m   [0m [91m     
                   
~~~~~~~[0m
[7m420[0m           
                  
onClick={step === 4 ? 
handleSubmit : 
nextStep}
[7m   [0m [91m~~~~~
~~~~~~~~~~~~~~~~~~~~~~
~~~~~~~~~~~~~~~~~~~~~~
~~~~~~~~~~~~~~~~~~~~~~
~~~[0m
[7m...[0m 
[7m422[0m           
                  clas
sName={`iob-btn-primar
y flex items-center 
px-8 ${isSubmitting ? 
'opacity-70 
cursor-not-allowed' : 
''}`}
[7m   [0m [91m~~~~~
~~~~~~~~~~~~~~~~~~~~~~
~~~~~~~~~~~~~~~~~~~~~~
~~~~~~~~~~~~~~~~~~~~~~
~~~~~~~~~~~~~~~~~~~~~~
~~~~~~~~~~~~~~~~~~~~~~
~~~~~~~~~~~~~~~~~~~~[
0m
[7m423[0m           
              >
[7m   [0m [91m~~~~~
~~~~~~~~~~~~~~~~~~~~[
0m
[96mclient/src/pages/
CreateDecision.tsx[0m
:[93m425[0m:[93m33
[0m - 
[91merror[0m[90m 
TS17004: [0mCannot 
use JSX unless the 
'--jsx' flag is 
provided.

[7m425[0m           
                      
<span className="flex 
items-center">
[7m   [0m [91m     
                      
     ~~~~~~~~~~~~~~~~~
~~~~~~~~~~~~~~~~~~~[0
m
[96mclient/src/pages/
CreateDecision.tsx[0m
:[93m426[0m:[93m37
[0m - 
[91merror[0m[90m 
TS17004: [0mCannot 
use JSX unless the 
'--jsx' flag is 
provided.

[7m426[0m           
                      
    <div 
className="w-3 h-3 
border-2 border-white 
border-t-transparent 
rounded-full 
animate-spin 
mr-2"></div>
[7m   [0m [91m     
                      
         ~~~~~~~~~~~~~
~~~~~~~~~~~~~~~~~~~~~~
~~~~~~~~~~~~~~~~~~~~~~
~~~~~~~~~~~~~~~~~~~~~~
~~~~~~~~~~~~~~~~~~~~[
0m
[96mclient/src/pages/
CreateDecision.tsx[0m
:[93m430[0m:[93m33
[0m - 
[91merror[0m[90m 
TS17004: [0mCannot 
use JSX unless the 
'--jsx' flag is 
provided.

[7m430[0m           
                      
<>
[7m   [0m [91m     
                      
     ~~[0m
[96mclient/src/pages/
CreateDecision.tsx[0m
:[93m432[0m:[93m37
[0m - 
[91merror[0m[90m 
TS17004: [0mCannot 
use JSX unless the 
'--jsx' flag is 
provided.

[7m432[0m           
                      
    <ChevronRight 
className="w-4 h-4 
ml-1" />
[7m   [0m [91m     
                      
         ~~~~~~~~~~~~~
~~~~~~~~~~~~~~~~~~~~~~
~~~~~~[0m
[96mclient/src/pages/
CreateDecision.tsx[0m
:[93m440[0m:[93m17
[0m - 
[91merror[0m[90m 
TS17004: [0mCannot 
use JSX unless the 
'--jsx' flag is 
provided.

[7m440[0m           
      <div 
className="space-y-4">
[7m   [0m [91m     
           ~~~~~~~~~~~
~~~~~~~~~~~~~~~~[0m
[96mclient/src/pages/
CreateDecision.tsx[0m
:[93m441[0m:[93m21
[0m - 
[91merror[0m[90m 
TS17004: [0mCannot 
use JSX unless the 
'--jsx' flag is 
provided.

[7m441[0m           
          <div 
className={`iob-card 
border-l-4 
transition-all 
duration-500
[7m   [0m [91m     
               ~~~~~~~
~~~~~~~~~~~~~~~~~~~~~~
~~~~~~~~~~~~~~~~~~~~~~
~~~~~~~~~~~~~[0m
[7m442[0m           
              
${resolution.status 
=== 'RESOLVED' ? 
'border-green-500 
shadow-xl' : 
resolution.status === 
'RESOLVING' ? 
'border-amber-500 
animate-pulse' : 
'border-gray-200 
opacity-60'}`}>
[7m   [0m [91m~~~~~
~~~~~~~~~~~~~~~~~~~~~~
~~~~~~~~~~~~~~~~~~~~~~
~~~~~~~~~~~~~~~~~~~~~~
~~~~~~~~~~~~~~~~~~~~~~
~~~~~~~~~~~~~~~~~~~~~~
~~~~~~~~~~~~~~~~~~~~~~
~~~~~~~~~~~~~~~~~~~~~~
~~~~~~~~~~~~~~~~~~~~~~
~~~~~~~~~~~~~~[0m
[96mclient/src/pages/
CreateDecision.tsx[0m
:[93m443[0m:[93m25
[0m - 
[91merror[0m[90m 
TS17004: [0mCannot 
use JSX unless the 
'--jsx' flag is 
provided.

[7m443[0m           
              <h4 clas
sName="text-[10px] 
font-bold 
text-gray-400 
uppercase 
tracking-widest mb-4 
flex items-center">
[7m   [0m [91m     
                   ~~~
~~~~~~~~~~~~~~~~~~~~~~
~~~~~~~~~~~~~~~~~~~~~~
~~~~~~~~~~~~~~~~~~~~~~
~~~~~~~~~~~~~~~~~~~~~~
~~~~~~~~~~[0m
[96mclient/src/pages/
CreateDecision.tsx[0m
:[93m444[0m:[93m29
[0m - 
[91merror[0m[90m 
TS17004: [0mCannot 
use JSX unless the 
'--jsx' flag is 
provided.

[7m444[0m           
                  
<Database 
className="w-3.5 
h-3.5 mr-2" />
[7m   [0m [91m     
                      
 ~~~~~~~~~~~~~~~~~~~~~
~~~~~~~~~~~~~~~~~~~~[
0m
[96mclient/src/pages/
CreateDecision.tsx[0m
:[93m449[0m:[93m29
[0m - 
[91merror[0m[90m 
TS17004: [0mCannot 
use JSX unless the 
'--jsx' flag is 
provided.

[7m449[0m           
                  
<div className="text-c
enter py-6 
opacity-40">
[7m   [0m [91m     
                      
 ~~~~~~~~~~~~~~~~~~~~~
~~~~~~~~~~~~~~~~~~~~~~
~~[0m
[96mclient/src/pages/
CreateDecision.tsx[0m
:[93m450[0m:[93m33
[0m - 
[91merror[0m[90m 
TS17004: [0mCannot 
use JSX unless the 
'--jsx' flag is 
provided.

[7m450[0m           
                      
<ShieldCheck 
className="w-10 h-10 
mx-auto mb-2" />
[7m   [0m [91m     
                      
     ~~~~~~~~~~~~~~~~~
~~~~~~~~~~~~~~~~~~~~~~
~~~~~~~~~~~[0m
[96mclient/src/pages/
CreateDecision.tsx[0m
:[93m451[0m:[93m33
[0m - 
[91merror[0m[90m 
TS17004: [0mCannot 
use JSX unless the 
'--jsx' flag is 
provided.

[7m451[0m           
                      
<p className="text-xs 
font-medium">Input 
exposure amount to 
resolve authority</p>
[7m   [0m [91m     
                      
     ~~~~~~~~~~~~~~~~~
~~~~~~~~~~~~~~~~~~[0m
[96mclient/src/pages/
CreateDecision.tsx[0m
:[93m456[0m:[93m29
[0m - 
[91merror[0m[90m 
TS17004: [0mCannot 
use JSX unless the 
'--jsx' flag is 
provided.

[7m456[0m           
                  
<div 
className="space-y-3">
[7m   [0m [91m     
                      
 ~~~~~~~~~~~~~~~~~~~~~
~~~~~~[0m
[96mclient/src/pages/
CreateDecision.tsx[0m
:[93m457[0m:[93m33
[0m - 
[91merror[0m[90m 
TS17004: [0mCannot 
use JSX unless the 
'--jsx' flag is 
provided.

[7m457[0m           
                      
<div className="h-4 
bg-gray-100 rounded 
w-3/4"></div>
[7m   [0m [91m     
                      
     ~~~~~~~~~~~~~~~~~
~~~~~~~~~~~~~~~~~~~~~~
~~~~~~~~[0m
[96mclient/src/pages/
CreateDecision.tsx[0m
:[93m458[0m:[93m33
[0m - 
[91merror[0m[90m 
TS17004: [0mCannot 
use JSX unless the 
'--jsx' flag is 
provided.

[7m458[0m           
                      
<div className="h-4 
bg-gray-100 rounded 
w-1/2"></div>
[7m   [0m [91m     
                      
     ~~~~~~~~~~~~~~~~~
~~~~~~~~~~~~~~~~~~~~~~
~~~~~~~~[0m
[96mclient/src/pages/
CreateDecision.tsx[0m
:[93m463[0m:[93m29
[0m - 
[91merror[0m[90m 
TS17004: [0mCannot 
use JSX unless the 
'--jsx' flag is 
provided.

[7m463[0m           
                  
<div 
className="space-y-4">
[7m   [0m [91m     
                      
 ~~~~~~~~~~~~~~~~~~~~~
~~~~~~[0m
[96mclient/src/pages/
CreateDecision.tsx[0m
:[93m464[0m:[93m33
[0m - 
[91merror[0m[90m 
TS17004: [0mCannot 
use JSX unless the 
'--jsx' flag is 
provided.

[7m464[0m           
                      
<div className="bg-gre
en-50 p-3 rounded-lg 
flex items-start">
[7m   [0m [91m     
                      
     ~~~~~~~~~~~~~~~~~
~~~~~~~~~~~~~~~~~~~~~~
~~~~~~~~~~~~~~~~~~~~~~
[0m
[96mclient/src/pages/
CreateDecision.tsx[0m
:[93m465[0m:[93m37
[0m - 
[91merror[0m[90m 
TS17004: [0mCannot 
use JSX unless the 
'--jsx' flag is 
provided.

[7m465[0m           
                      
    <CheckCircle2 
className="w-4 h-4 
text-green-600 mr-2 
mt-0.5" />
[7m   [0m [91m     
                      
         ~~~~~~~~~~~~~
~~~~~~~~~~~~~~~~~~~~~~
~~~~~~~~~~~~~~~~~~~~~~
~~~~~~[0m
[96mclient/src/pages/
CreateDecision.tsx[0m
:[93m466[0m:[93m37
[0m - 
[91merror[0m[90m 
TS17004: [0mCannot 
use JSX unless the 
'--jsx' flag is 
provided.

[7m466[0m           
                      
    <div>
[7m   [0m [91m     
                      
         ~~~~~[0m
[96mclient/src/pages/
CreateDecision.tsx[0m
:[93m467[0m:[93m41
[0m - 
[91merror[0m[90m 
TS17004: [0mCannot 
use JSX unless the 
'--jsx' flag is 
provided.

[7m467[0m           
                      
        <p 
className="text-xs 
text-green-800 
font-bold uppercase 
tracking-wide">Target 
Authority Found</p>
[7m   [0m [91m     
                      
             ~~~~~~~~~
~~~~~~~~~~~~~~~~~~~~~~
~~~~~~~~~~~~~~~~~~~~~~
~~~~~~~~~~~~~~~~~~~[0
m
[96mclient/src/pages/
CreateDecision.tsx[0m
:[93m468[0m:[93m41
[0m - 
[91merror[0m[90m 
TS17004: [0mCannot 
use JSX unless the 
'--jsx' flag is 
provided.

[7m468[0m           
                      
        <p 
className="text-sm 
font-bold 
text-green-900 mt-1">{
resolution.authorityNa
me}</p>
[7m   [0m [91m     
                      
             ~~~~~~~~~
~~~~~~~~~~~~~~~~~~~~~~
~~~~~~~~~~~~~~~~~~~~~~
[0m
[96mclient/src/pages/
CreateDecision.tsx[0m
:[93m471[0m:[93m33
[0m - 
[91merror[0m[90m 
TS17004: [0mCannot 
use JSX unless the 
'--jsx' flag is 
provided.

[7m471[0m           
                      
<div 
className="space-y-2 
px-1">
[7m   [0m [91m     
                      
     ~~~~~~~~~~~~~~~~~
~~~~~~~~~~~~~~~[0m
[96mclient/src/pages/
CreateDecision.tsx[0m
:[93m472[0m:[93m37
[0m - 
[91merror[0m[90m 
TS17004: [0mCannot 
use JSX unless the 
'--jsx' flag is 
provided.

[7m472[0m           
                      
    <div 
className="flex 
justify-between 
text-xs font-medium">
[7m   [0m [91m     
                      
         ~~~~~~~~~~~~~
~~~~~~~~~~~~~~~~~~~~~~
~~~~~~~~~~~~~~~~~~~~~~
~[0m
[96mclient/src/pages/
CreateDecision.tsx[0m
:[93m473[0m:[93m41
[0m - 
[91merror[0m[90m 
TS17004: [0mCannot 
use JSX unless the 
'--jsx' flag is 
provided.

[7m473[0m           
                      
        <span classNam
e="text-gray-500">DoA 
Limit (Max)</span>
[7m   [0m [91m     
                      
             ~~~~~~~~~
~~~~~~~~~~~~~~~~~~~~~~
~[0m
[96mclient/src/pages/
CreateDecision.tsx[0m
:[93m474[0m:[93m41
[0m - 
[91merror[0m[90m 
TS17004: [0mCannot 
use JSX unless the 
'--jsx' flag is 
provided.

[7m474[0m           
                      
        <span classNam
e="text-gray-900">{res
olution.limitMax}</spa
n>
[7m   [0m [91m     
                      
             ~~~~~~~~~
~~~~~~~~~~~~~~~~~~~~~~
~[0m
[96mclient/src/pages/
CreateDecision.tsx[0m
:[93m476[0m:[93m37
[0m - 
[91merror[0m[90m 
TS17004: [0mCannot 
use JSX unless the 
'--jsx' flag is 
provided.

[7m476[0m           
                      
    <div 
className="flex 
justify-between 
text-xs font-medium">
[7m   [0m [91m     
                      
         ~~~~~~~~~~~~~
~~~~~~~~~~~~~~~~~~~~~~
~~~~~~~~~~~~~~~~~~~~~~
~[0m
[96mclient/src/pages/
CreateDecision.tsx[0m
:[93m477[0m:[93m41
[0m - 
[91merror[0m[90m 
TS17004: [0mCannot 
use JSX unless the 
'--jsx' flag is 
provided.

[7m477[0m           
                      
        <span classNam
e="text-gray-500">Work
flow Path</span>
[7m   [0m [91m     
                      
             ~~~~~~~~~
~~~~~~~~~~~~~~~~~~~~~~
~[0m
[96mclient/src/pages/
CreateDecision.tsx[0m
:[93m478[0m:[93m41
[0m - 
[91merror[0m[90m 
TS17004: [0mCannot 
use JSX unless the 
'--jsx' flag is 
provided.

[7m478[0m           
                      
        <span classNam
e="text-gray-900">
[7m   [0m [91m     
                      
             ~~~~~~~~~
~~~~~~~~~~~~~~~~~~~~~~
~[0m
[96mclient/src/pages/
CreateDecision.tsx[0m
:[93m483[0m:[93m33
[0m - 
[91merror[0m[90m 
TS17004: [0mCannot 
use JSX unless the 
'--jsx' flag is 
provided.

[7m483[0m           
                      
<div className="mt-2 
bg-iob-blue/5 border 
border-iob-blue/10 
p-2.5 rounded-lg">
[7m   [0m [91m     
                      
     ~~~~~~~~~~~~~~~~~
~~~~~~~~~~~~~~~~~~~~~~
~~~~~~~~~~~~~~~~~~~~~~
~~~~~~~~~~~~~~~~~~[0m
[96mclient/src/pages/
CreateDecision.tsx[0m
:[93m484[0m:[93m37
[0m - 
[91merror[0m[90m 
TS17004: [0mCannot 
use JSX unless the 
'--jsx' flag is 
provided.

[7m484[0m           
                      
    <p className="text
-[10px] text-iob-blue 
leading-relaxed">
[7m   [0m [91m     
                      
         ~~~~~~~~~~~~~
~~~~~~~~~~~~~~~~~~~~~~
~~~~~~~~~~~~~~~~~~~~~~
[0m
[96mclient/src/pages/
CreateDecision.tsx[0m
:[93m485[0m:[93m41
[0m - 
[91merror[0m[90m 
TS17004: [0mCannot 
use JSX unless the 
'--jsx' flag is 
provided.

[7m485[0m           
                      
        <AlertCircle 
className="w-3 h-3 
inline mr-1 -mt-0.5" 
/>
[7m   [0m [91m     
                      
             ~~~~~~~~~
~~~~~~~~~~~~~~~~~~~~~~
~~~~~~~~~~~~~~~~~~~~~~
~~[0m
[96mclient/src/pages/
CreateDecision.tsx[0m
:[93m496[0m:[93m21
[0m - 
[91merror[0m[90m 
TS17004: [0mCannot 
use JSX unless the 
'--jsx' flag is 
provided.

[7m496[0m           
          <div 
className="iob-card 
group">
[7m   [0m [91m     
               ~~~~~~~
~~~~~~~~~~~~~~~~~~~~~~
~~~[0m
[96mclient/src/pages/
CreateDecision.tsx[0m
:[93m497[0m:[93m25
[0m - 
[91merror[0m[90m 
TS17004: [0mCannot 
use JSX unless the 
'--jsx' flag is 
provided.

[7m497[0m           
              <h4 clas
sName="text-[10px] 
font-bold 
text-gray-400 
uppercase 
tracking-widest 
mb-3">Policy 
Checklist</h4>
[7m   [0m [91m     
                   ~~~
~~~~~~~~~~~~~~~~~~~~~~
~~~~~~~~~~~~~~~~~~~~~~
~~~~~~~~~~~~~~~~~~~~~~
~~~~~~~~~~~~~~[0m
[96mclient/src/pages/
CreateDecision.tsx[0m
:[93m498[0m:[93m25
[0m - 
[91merror[0m[90m 
TS17004: [0mCannot 
use JSX unless the 
'--jsx' flag is 
provided.

[7m498[0m           
              <div 
className="space-y-2">
[7m   [0m [91m     
                   ~~~
~~~~~~~~~~~~~~~~~~~~~~
~~[0m
[96mclient/src/pages/
CreateDecision.tsx[0m
:[93m504[0m:[93m33
[0m - 
[91merror[0m[90m 
TS17004: [0mCannot 
use JSX unless the 
'--jsx' flag is 
provided.

[7m504[0m           
                      
<div key={i} 
className="flex 
items-center 
space-x-2 text-xs 
text-gray-600 group-ho
ver:text-gray-900">
[7m   [0m [91m     
                      
     ~~~~~~~~~~~~~~~~~
~~~~~~~~~~~~~~~~~~~~~~
~~~~~~~~~~~~~~~~~~~~~~
~~~~~~~~~~~~~~~~~~~~~~
~~~~~~~~~~~~~~~~~~[0m
[96mclient/src/pages/
CreateDecision.tsx[0m
:[93m505[0m:[93m37
[0m - 
[91merror[0m[90m 
TS17004: [0mCannot 
use JSX unless the 
'--jsx' flag is 
provided.

[7m505[0m           
                      
    <div 
className="w-1.5 
h-1.5 rounded-full 
bg-iob-blue/30" />
[7m   [0m [91m     
                      
         ~~~~~~~~~~~~~
~~~~~~~~~~~~~~~~~~~~~~
~~~~~~~~~~~~~~~~~~~~~~
~~[0m
[96mclient/src/pages/
CreateDecision.tsx[0m
:[93m506[0m:[93m37
[0m - 
[91merror[0m[90m 
TS17004: [0mCannot 
use JSX unless the 
'--jsx' flag is 
provided.

[7m506[0m           
                      
    
<span>{text}</span>
[7m   [0m [91m     
                      
         ~~~~~~[0m
[96mclient/src/pages/
Departments.tsx[0m:[
93m55[0m:[93m25[0m 
- [91merror[0m[90m 
TS17004: [0mCannot 
use JSX unless the 
'--jsx' flag is 
provided.

[7m55[0m     if 
(loading) return <div 
className="p-4">Loadin
g...</div>;
[7m  [0m [91m      
                  ~~~~
~~~~~~~~~~~~~~~~~[0m
[96mclient/src/pages/
Departments.tsx[0m:[
93m58[0m:[93m9[0m 
- [91merror[0m[90m 
TS17004: [0mCannot 
use JSX unless the 
'--jsx' flag is 
provided.

[7m58[0m         
<div 
className="space-y-6">
[7m  [0m [91m      
  ~~~~~~~~~~~~~~~~~~~~
~~~~~~~[0m
[96mclient/src/pages/
Departments.tsx[0m:[
93m59[0m:[93m13[0m 
- [91merror[0m[90m 
TS17004: [0mCannot 
use JSX unless the 
'--jsx' flag is 
provided.

[7m59[0m            
 <div className="flex 
items-center 
justify-between">
[7m  [0m [91m      
      ~~~~~~~~~~~~~~~~
~~~~~~~~~~~~~~~~~~~~~~
~~~~~~~~~~~~~[0m
[96mclient/src/pages/
Departments.tsx[0m:[
93m60[0m:[93m17[0m 
- [91merror[0m[90m 
TS17004: [0mCannot 
use JSX unless the 
'--jsx' flag is 
provided.

[7m60[0m            
     <div>
[7m  [0m [91m      
          ~~~~~[0m
[96mclient/src/pages/
Departments.tsx[0m:[
93m61[0m:[93m21[0m 
- [91merror[0m[90m 
TS17004: [0mCannot 
use JSX unless the 
'--jsx' flag is 
provided.

[7m61[0m            
         <h1 
className="text-2xl 
font-bold 
text-gray-900 tracking
-tight">Departments</h
1>
[7m  [0m [91m      
              ~~~~~~~~
~~~~~~~~~~~~~~~~~~~~~~
~~~~~~~~~~~~~~~~~~~~~~
~~~~~~~~~~~~[0m
[96mclient/src/pages/
Departments.tsx[0m:[
93m62[0m:[93m21[0m 
- [91merror[0m[90m 
TS17004: [0mCannot 
use JSX unless the 
'--jsx' flag is 
provided.

[7m62[0m            
         <p 
className="text-sm 
text-gray-500 
mt-1">Manage 
organizational 
departments</p>
[7m  [0m [91m      
              ~~~~~~~~
~~~~~~~~~~~~~~~~~~~~~~
~~~~~~~~~~~~[0m
[96mclient/src/pages/
Departments.tsx[0m:[
93m64[0m:[93m17[0m 
- [91merror[0m[90m 
TS17004: [0mCannot 
use JSX unless the 
'--jsx' flag is 
provided.

[7m64[0m            
     <button
[7m  [0m [91m      
          ~~~~~~~[0m
[7m65[0m            
         onClick={() 
=> setShowForm(!showFo
rm)}
[7m  [0m [91m~~~~~~
~~~~~~~~~~~~~~~~~~~~~~
~~~~~~~~~~~~~~~~~~~~~~
~~~~~~~~[0m
[7m66[0m            
         
className="flex 
items-center px-4 
py-2 bg-[var(--color-b
rand-primary)] 
text-white rounded-lg 
hover:bg-[var(--color-
brand-secondary)] 
transition-colors"
[7m  [0m [91m~~~~~~
~~~~~~~~~~~~~~~~~~~~~~
~~~~~~~~~~~~~~~~~~~~~~
~~~~~~~~~~~~~~~~~~~~~~
~~~~~~~~~~~~~~~~~~~~~~
~~~~~~~~~~~~~~~~~~~~~~
~~~~~~~~~~~~~~~~~~~~~~
~~~~~~~~~~~~~~~~~~~~~~
~~~~~~~~~~~[0m
[7m67[0m            
     >
[7m  [0m [91m~~~~~~
~~~~~~~~~~~[0m
[96mclient/src/pages/
Departments.tsx[0m:[
93m68[0m:[93m21[0m 
- [91merror[0m[90m 
TS17004: [0mCannot 
use JSX unless the 
'--jsx' flag is 
provided.

[7m68[0m            
         <Plus 
className="w-4 h-4 
mr-2" />
[7m  [0m [91m      
              ~~~~~~~~
~~~~~~~~~~~~~~~~~~~~~~
~~~[0m
[96mclient/src/pages/
Departments.tsx[0m:[
93m74[0m:[93m17[0m 
- [91merror[0m[90m 
TS17004: [0mCannot 
use JSX unless the 
'--jsx' flag is 
provided.

[7m74[0m            
     <div 
className="bg-white 
border 
border-gray-200 
rounded-lg p-6 
shadow-sm">
[7m  [0m [91m      
          ~~~~~~~~~~~~
~~~~~~~~~~~~~~~~~~~~~~
~~~~~~~~~~~~~~~~~~~~~~
~~~~~~~~~~~~~~~~~~[0m
[96mclient/src/pages/
Departments.tsx[0m:[
93m75[0m:[93m21[0m 
- [91merror[0m[90m 
TS17004: [0mCannot 
use JSX unless the 
'--jsx' flag is 
provided.

[7m75[0m            
         <h3 
className="text-lg 
font-semibold 
mb-4">New 
Department</h3>
[7m  [0m [91m      
              ~~~~~~~~
~~~~~~~~~~~~~~~~~~~~~~
~~~~~~~~~~~~~[0m
[96mclient/src/pages/
Departments.tsx[0m:[
93m76[0m:[93m21[0m 
- [91merror[0m[90m 
TS17004: [0mCannot 
use JSX unless the 
'--jsx' flag is 
provided.

[7m76[0m            
         <form onSubmi
t={handleSubmit} 
className="space-y-4">
[7m  [0m [91m      
              ~~~~~~~~
~~~~~~~~~~~~~~~~~~~~~~
~~~~~~~~~~~~~~~~~~~~~~
[0m
[96mclient/src/pages/
Departments.tsx[0m:[
93m77[0m:[93m25[0m 
- [91merror[0m[90m 
TS17004: [0mCannot 
use JSX unless the 
'--jsx' flag is 
provided.

[7m77[0m            
             <div 
className="grid 
grid-cols-2 gap-4">
[7m  [0m [91m      
                  ~~~~
~~~~~~~~~~~~~~~~~~~~~~
~~~~~~~~~~~~~~[0m
[96mclient/src/pages/
Departments.tsx[0m:[
93m78[0m:[93m29[0m 
- [91merror[0m[90m 
TS17004: [0mCannot 
use JSX unless the 
'--jsx' flag is 
provided.

[7m78[0m            
                 <div>
[7m  [0m [91m      
                      
~~~~~[0m
[96mclient/src/pages/
Departments.tsx[0m:[
93m79[0m:[93m33[0m 
- [91merror[0m[90m 
TS17004: [0mCannot 
use JSX unless the 
'--jsx' flag is 
provided.

[7m79[0m            
                     
<label 
className="block 
text-sm font-medium 
text-gray-700 
mb-1">Code</label>
[7m  [0m [91m      
                      
    ~~~~~~~~~~~~~~~~~~
~~~~~~~~~~~~~~~~~~~~~~
~~~~~~~~~~~~~~~~~~~~~~
~~[0m
[96mclient/src/pages/
Departments.tsx[0m:[
93m80[0m:[93m33[0m 
- [91merror[0m[90m 
TS17004: [0mCannot 
use JSX unless the 
'--jsx' flag is 
provided.

[7m 80[0m           
                      
<input
[7m   [0m [91m     
                      
     ~~~~~~[0m
[7m 81[0m           
                      
    type="text"
[7m   [0m [91m~~~~~
~~~~~~~~~~~~~~~~~~~~~~
~~~~~~~~~~~~~~~~~~~~[
0m
[7m...[0m 
[7m 85[0m           
                      
    required
[7m   [0m [91m~~~~~
~~~~~~~~~~~~~~~~~~~~~~
~~~~~~~~~~~~~~~~~[0m
[7m 86[0m           
                      
/>
[7m   [0m [91m~~~~~
~~~~~~~~~~~~~~~~~~~~~~
~~~~~~~[0m
[96mclient/src/pages/
Departments.tsx[0m:[
93m88[0m:[93m29[0m 
- [91merror[0m[90m 
TS17004: [0mCannot 
use JSX unless the 
'--jsx' flag is 
provided.

[7m88[0m            
                 <div>
[7m  [0m [91m      
                      
~~~~~[0m
[96mclient/src/pages/
Departments.tsx[0m:[
93m89[0m:[93m33[0m 
- [91merror[0m[90m 
TS17004: [0mCannot 
use JSX unless the 
'--jsx' flag is 
provided.

[7m89[0m            
                     
<label 
className="block 
text-sm font-medium 
text-gray-700 
mb-1">Name</label>
[7m  [0m [91m      
                      
    ~~~~~~~~~~~~~~~~~~
~~~~~~~~~~~~~~~~~~~~~~
~~~~~~~~~~~~~~~~~~~~~~
~~[0m
[96mclient/src/pages/
Departments.tsx[0m:[
93m90[0m:[93m33[0m 
- [91merror[0m[90m 
TS17004: [0mCannot 
use JSX unless the 
'--jsx' flag is 
provided.

[7m 90[0m           
                      
<input
[7m   [0m [91m     
                      
     ~~~~~~[0m
[7m 91[0m           
                      
    type="text"
[7m   [0m [91m~~~~~
~~~~~~~~~~~~~~~~~~~~~~
~~~~~~~~~~~~~~~~~~~~[
0m
[7m...[0m 
[7m 95[0m           
                      
    required
[7m   [0m [91m~~~~~
~~~~~~~~~~~~~~~~~~~~~~
~~~~~~~~~~~~~~~~~[0m
[7m 96[0m           
                      
/>
[7m   [0m [91m~~~~~
~~~~~~~~~~~~~~~~~~~~~~
~~~~~~~[0m
[96mclient/src/pages/
Departments.tsx[0m:[
93m99[0m:[93m25[0m 
- [91merror[0m[90m 
TS17004: [0mCannot 
use JSX unless the 
'--jsx' flag is 
provided.

[7m99[0m            
             <div>
[7m  [0m [91m      
                  
~~~~~[0m
[96mclient/src/pages/
Departments.tsx[0m:[
93m100[0m:[93m29[0m
 - 
[91merror[0m[90m 
TS17004: [0mCannot 
use JSX unless the 
'--jsx' flag is 
provided.

[7m100[0m           
                  
<label 
className="block 
text-sm font-medium 
text-gray-700 
mb-1">Type</label>
[7m   [0m [91m     
                      
 ~~~~~~~~~~~~~~~~~~~~~
~~~~~~~~~~~~~~~~~~~~~~
~~~~~~~~~~~~~~~~~~~~~
[0m
[96mclient/src/pages/
Departments.tsx[0m:[
93m101[0m:[93m29[0m
 - 
[91merror[0m[90m 
TS17004: [0mCannot 
use JSX unless the 
'--jsx' flag is 
provided.

[7m101[0m           
                  
<select
[7m   [0m [91m     
                      
 ~~~~~~~[0m
[7m102[0m           
                      
value={formData.type}
[7m   [0m [91m~~~~~
~~~~~~~~~~~~~~~~~~~~~~
~~~~~~~~~~~~~~~~~~~~~~
~~~~[0m
[7m...[0m 
[7m104[0m           
                      
className="w-full 
px-3 py-2 border 
border-gray-300 
rounded-lg 
focus:outline-none 
focus:ring-2 focus:rin
g-[var(--color-brand-p
rimary)]"
[7m   [0m [91m~~~~~
~~~~~~~~~~~~~~~~~~~~~~
~~~~~~~~~~~~~~~~~~~~~~
~~~~~~~~~~~~~~~~~~~~~~
~~~~~~~~~~~~~~~~~~~~~~
~~~~~~~~~~~~~~~~~~~~~~
~~~~~~~~~~~~~~~~~~~~~~
~~~~~~~~~~~~~~~~~~~~~~
~~~~~~~[0m
[7m105[0m           
                  >
[7m   [0m [91m~~~~~
~~~~~~~~~~~~~~~~~~~~~~
~~[0m
[96mclient/src/pages/
Departments.tsx[0m:[
93m106[0m:[93m33[0m
 - 
[91merror[0m[90m 
TS17004: [0mCannot 
use JSX unless the 
'--jsx' flag is 
provided.

[7m106[0m           
                      
<option value="FUNCTIO
NAL">Functional</optio
n>
[7m   [0m [91m     
                      
     ~~~~~~~~~~~~~~~~~
~~~~~~~~~~[0m
[96mclient/src/pages/
Departments.tsx[0m:[
93m107[0m:[93m33[0m
 - 
[91merror[0m[90m 
TS17004: [0mCannot 
use JSX unless the 
'--jsx' flag is 
provided.

[7m107[0m           
                      
<option value="ADMINIS
TRATIVE">Administrativ
e</option>
[7m   [0m [91m     
                      
     ~~~~~~~~~~~~~~~~~
~~~~~~~~~~~~~~[0m
[96mclient/src/pages/
Departments.tsx[0m:[
93m110[0m:[93m25[0m
 - 
[91merror[0m[90m 
TS17004: [0mCannot 
use JSX unless the 
'--jsx' flag is 
provided.

[7m110[0m           
              <div 
className="flex 
space-x-3">
[7m   [0m [91m     
                   ~~~
~~~~~~~~~~~~~~~~~~~~~~
~~~~~~~[0m
[96mclient/src/pages/
Departments.tsx[0m:[
93m111[0m:[93m29[0m
 - 
[91merror[0m[90m 
TS17004: [0mCannot 
use JSX unless the 
'--jsx' flag is 
provided.

[7m111[0m           
                  
<button
[7m   [0m [91m     
                      
 ~~~~~~~[0m
[7m112[0m           
                      
type="submit"
[7m   [0m [91m~~~~~
~~~~~~~~~~~~~~~~~~~~~~
~~~~~~~~~~~~~~~~~~[0m
[7m113[0m           
                      
className="px-4 py-2 b
g-[var(--color-brand-p
rimary)] text-white 
rounded-lg hover:bg-[v
ar(--color-brand-secon
dary)]"
[7m   [0m [91m~~~~~
~~~~~~~~~~~~~~~~~~~~~~
~~~~~~~~~~~~~~~~~~~~~~
~~~~~~~~~~~~~~~~~~~~~~
~~~~~~~~~~~~~~~~~~~~~~
~~~~~~~~~~~~~~~~~~~~~~
~~~~~~~~~~~~~~~~~~~~~~
~~~~~~~~~~[0m
[7m114[0m           
                  >
[7m   [0m [91m~~~~~
~~~~~~~~~~~~~~~~~~~~~~
~~[0m
[96mclient/src/pages/
Departments.tsx[0m:[
93m117[0m:[93m29[0m
 - 
[91merror[0m[90m 
TS17004: [0mCannot 
use JSX unless the 
'--jsx' flag is 
provided.

[7m117[0m           
                  
<button
[7m   [0m [91m     
                      
 ~~~~~~~[0m
[7m118[0m           
                      
type="button"
[7m   [0m [91m~~~~~
~~~~~~~~~~~~~~~~~~~~~~
~~~~~~~~~~~~~~~~~~[0m
[7m...[0m 
[7m120[0m           
                      
className="px-4 py-2 
bg-gray-200 
text-gray-700 
rounded-lg 
hover:bg-gray-300"
[7m   [0m [91m~~~~~
~~~~~~~~~~~~~~~~~~~~~~
~~~~~~~~~~~~~~~~~~~~~~
~~~~~~~~~~~~~~~~~~~~~~
~~~~~~~~~~~~~~~~~~~~~~
~~~~~~~~~~~~~~~[0m
[7m121[0m           
                  >
[7m   [0m [91m~~~~~
~~~~~~~~~~~~~~~~~~~~~~
~~[0m
[96mclient/src/pages/
Departments.tsx[0m:[
93m129[0m:[93m13[0m
 - 
[91merror[0m[90m 
TS17004: [0mCannot 
use JSX unless the 
'--jsx' flag is 
provided.

[7m129[0m           
  <div 
className="bg-white 
border 
border-gray-200 
rounded-lg shadow-sm 
overflow-hidden">
[7m   [0m [91m     
       ~~~~~~~~~~~~~~~
~~~~~~~~~~~~~~~~~~~~~~
~~~~~~~~~~~~~~~~~~~~~~
~~~~~~~~~~~~~~~~~~~~~~
~~~~~[0m
[96mclient/src/pages/
Departments.tsx[0m:[
93m130[0m:[93m17[0m
 - 
[91merror[0m[90m 
TS17004: [0mCannot 
use JSX unless the 
'--jsx' flag is 
provided.

[7m130[0m           
      <table 
className="min-w-full 
divide-y 
divide-gray-200">
[7m   [0m [91m     
           ~~~~~~~~~~~
~~~~~~~~~~~~~~~~~~~~~~
~~~~~~~~~~~~~~~~~~~~~~
[0m
[96mclient/src/pages/
Departments.tsx[0m:[
93m131[0m:[93m21[0m
 - 
[91merror[0m[90m 
TS17004: [0mCannot 
use JSX unless the 
'--jsx' flag is 
provided.

[7m131[0m           
          <thead class
Name="bg-gray-50">
[7m   [0m [91m     
               ~~~~~~~
~~~~~~~~~~~~~~~~~~~~~~
~[0m
[96mclient/src/pages/
Departments.tsx[0m:[
93m132[0m:[93m25[0m
 - 
[91merror[0m[90m 
TS17004: [0mCannot 
use JSX unless the 
'--jsx' flag is 
provided.

[7m132[0m           
              <tr>
[7m   [0m [91m     
                   
~~~~[0m
[96mclient/src/pages/
Departments.tsx[0m:[
93m133[0m:[93m29[0m
 - 
[91merror[0m[90m 
TS17004: [0mCannot 
use JSX unless the 
'--jsx' flag is 
provided.

[7m133[0m           
                  <th 
className="px-6 py-3 
text-left text-xs 
font-medium 
text-gray-500 
uppercase tracking-wid
er">Code</th>
[7m   [0m [91m     
                      
 ~~~~~~~~~~~~~~~~~~~~~
~~~~~~~~~~~~~~~~~~~~~~
~~~~~~~~~~~~~~~~~~~~~~
~~~~~~~~~~~~~~~~~~~~~~
~~~~~~~~[0m
[96mclient/src/pages/
Departments.tsx[0m:[
93m134[0m:[93m29[0m
 - 
[91merror[0m[90m 
TS17004: [0mCannot 
use JSX unless the 
'--jsx' flag is 
provided.

[7m134[0m           
                  <th 
className="px-6 py-3 
text-left text-xs 
font-medium 
text-gray-500 
uppercase tracking-wid
er">Name</th>
[7m   [0m [91m     
                      
 ~~~~~~~~~~~~~~~~~~~~~
~~~~~~~~~~~~~~~~~~~~~~
~~~~~~~~~~~~~~~~~~~~~~
~~~~~~~~~~~~~~~~~~~~~~
~~~~~~~~[0m
[96mclient/src/pages/
Departments.tsx[0m:[
93m135[0m:[93m29[0m
 - 
[91merror[0m[90m 
TS17004: [0mCannot 
use JSX unless the 
'--jsx' flag is 
provided.

[7m135[0m           
                  <th 
className="px-6 py-3 
text-left text-xs 
font-medium 
text-gray-500 
uppercase tracking-wid
er">Type</th>
[7m   [0m [91m     
                      
 ~~~~~~~~~~~~~~~~~~~~~
~~~~~~~~~~~~~~~~~~~~~~
~~~~~~~~~~~~~~~~~~~~~~
~~~~~~~~~~~~~~~~~~~~~~
~~~~~~~~[0m
[96mclient/src/pages/
Departments.tsx[0m:[
93m136[0m:[93m29[0m
 - 
[91merror[0m[90m 
TS17004: [0mCannot 
use JSX unless the 
'--jsx' flag is 
provided.

[7m136[0m           
                  <th 
className="px-6 py-3 
text-left text-xs 
font-medium 
text-gray-500 
uppercase tracking-wid
er">Status</th>
[7m   [0m [91m     
                      
 ~~~~~~~~~~~~~~~~~~~~~
~~~~~~~~~~~~~~~~~~~~~~
~~~~~~~~~~~~~~~~~~~~~~
~~~~~~~~~~~~~~~~~~~~~~
~~~~~~~~[0m
[96mclient/src/pages/
Departments.tsx[0m:[
93m137[0m:[93m29[0m
 - 
[91merror[0m[90m 
TS17004: [0mCannot 
use JSX unless the 
'--jsx' flag is 
provided.

[7m137[0m           
                  <th 
className="px-6 py-3 
text-right text-xs 
font-medium 
text-gray-500 
uppercase tracking-wid
er">Actions</th>
[7m   [0m [91m     
                      
 ~~~~~~~~~~~~~~~~~~~~~
~~~~~~~~~~~~~~~~~~~~~~
~~~~~~~~~~~~~~~~~~~~~~
~~~~~~~~~~~~~~~~~~~~~~
~~~~~~~~~[0m
[96mclient/src/pages/
Departments.tsx[0m:[
93m140[0m:[93m21[0m
 - 
[91merror[0m[90m 
TS17004: [0mCannot 
use JSX unless the 
'--jsx' flag is 
provided.

[7m140[0m           
          <tbody 
className="bg-white 
divide-y 
divide-gray-200">
[7m   [0m [91m     
               ~~~~~~~
~~~~~~~~~~~~~~~~~~~~~~
~~~~~~~~~~~~~~~~~~~~~~
~~[0m
[96mclient/src/pages/
Departments.tsx[0m:[
93m142[0m:[93m29[0m
 - 
[91merror[0m[90m 
TS17004: [0mCannot 
use JSX unless the 
'--jsx' flag is 
provided.

[7m142[0m           
                  <tr 
key={dept.id} classNam
e="hover:bg-gray-50 
transition-colors">
[7m   [0m [91m     
                      
 ~~~~~~~~~~~~~~~~~~~~~
~~~~~~~~~~~~~~~~~~~~~~
~~~~~~~~~~~~~~~~~~~~~~
[0m
[96mclient/src/pages/
Departments.tsx[0m:[
93m143[0m:[93m33[0m
 - 
[91merror[0m[90m 
TS17004: [0mCannot 
use JSX unless the 
'--jsx' flag is 
provided.

[7m143[0m           
                      
<td className="px-6 
py-4 
whitespace-nowrap">
[7m   [0m [91m     
                      
     ~~~~~~~~~~~~~~~~~
~~~~~~~~~~~~~~~~~~~~~~
~~~~~[0m
[96mclient/src/pages/
Departments.tsx[0m:[
93m144[0m:[93m37[0m
 - 
[91merror[0m[90m 
TS17004: [0mCannot 
use JSX unless the 
'--jsx' flag is 
provided.

[7m144[0m           
                      
    <div 
className="flex 
items-center">
[7m   [0m [91m     
                      
         ~~~~~~~~~~~~~
~~~~~~~~~~~~~~~~~~~~~~
[0m
[96mclient/src/pages/
Departments.tsx[0m:[
93m145[0m:[93m41[0m
 - 
[91merror[0m[90m 
TS17004: [0mCannot 
use JSX unless the 
'--jsx' flag is 
provided.

[7m145[0m           
                      
        <Building2 
className="w-4 h-4 
mr-2 text-gray-400" />
[7m   [0m [91m     
                      
             ~~~~~~~~~
~~~~~~~~~~~~~~~~~~~~~~
~~~~~~~~~~~~~~~~~~~~~
[0m
[96mclient/src/pages/
Departments.tsx[0m:[
93m146[0m:[93m41[0m
 - 
[91merror[0m[90m 
TS17004: [0mCannot 
use JSX unless the 
'--jsx' flag is 
provided.

[7m146[0m           
                      
        <span 
className="text-sm 
font-medium text-gray-
900">{dept.code}</span
>
[7m   [0m [91m     
                      
             ~~~~~~~~~
~~~~~~~~~~~~~~~~~~~~~~
~~~~~~~~~~~~~~~~~~~~~
[0m
[96mclient/src/pages/
Departments.tsx[0m:[
93m149[0m:[93m33[0m
 - 
[91merror[0m[90m 
TS17004: [0mCannot 
use JSX unless the 
'--jsx' flag is 
provided.

[7m149[0m           
                      
<td className="px-6 
py-4 
whitespace-nowrap 
text-sm text-gray-900"
>{dept.name}</td>
[7m   [0m [91m     
                      
     ~~~~~~~~~~~~~~~~~
~~~~~~~~~~~~~~~~~~~~~~
~~~~~~~~~~~~~~~~~~~~~~
~~~~~[0m
[96mclient/src/pages/
Departments.tsx[0m:[
93m150[0m:[93m33[0m
 - 
[91merror[0m[90m 
TS17004: [0mCannot 
use JSX unless the 
'--jsx' flag is 
provided.

[7m150[0m           
                      
<td className="px-6 
py-4 
whitespace-nowrap">
[7m   [0m [91m     
                      
     ~~~~~~~~~~~~~~~~~
~~~~~~~~~~~~~~~~~~~~~~
~~~~~[0m
[96mclient/src/pages/
Departments.tsx[0m:[
93m151[0m:[93m37[0m
 - 
[91merror[0m[90m 
TS17004: [0mCannot 
use JSX unless the 
'--jsx' flag is 
provided.

[7m151[0m           
                      
    <span 
className="px-2 py-1 
text-xs font-medium 
bg-blue-100 
text-blue-800 
rounded">
[7m   [0m [91m     
                      
         ~~~~~~~~~~~~~
~~~~~~~~~~~~~~~~~~~~~~
~~~~~~~~~~~~~~~~~~~~~~
~~~~~~~~~~~~~~~~~~~~~~
~~~[0m
[96mclient/src/pages/
Departments.tsx[0m:[
93m155[0m:[93m33[0m
 - 
[91merror[0m[90m 
TS17004: [0mCannot 
use JSX unless the 
'--jsx' flag is 
provided.

[7m155[0m           
                      
<td className="px-6 
py-4 
whitespace-nowrap">
[7m   [0m [91m     
                      
     ~~~~~~~~~~~~~~~~~
~~~~~~~~~~~~~~~~~~~~~~
~~~~~[0m
[96mclient/src/pages/
Departments.tsx[0m:[
93m157[0m:[93m41[0m
 - 
[91merror[0m[90m 
TS17004: [0mCannot 
use JSX unless the 
'--jsx' flag is 
provided.

[7m157[0m           
                      
        <span 
className="flex 
items-center text-sm 
text-green-600">
[7m   [0m [91m     
                      
             ~~~~~~~~~
~~~~~~~~~~~~~~~~~~~~~~
~~~~~~~~~~~~~~~~~~~~~~
~~~~~~[0m
[96mclient/src/pages/
Departments.tsx[0m:[
93m158[0m:[93m45[0m
 - 
[91merror[0m[90m 
TS17004: [0mCannot 
use JSX unless the 
'--jsx' flag is 
provided.

[7m158[0m           
                      
            
<CheckCircle 
className="w-4 h-4 
mr-1" /> Active
[7m   [0m [91m     
                      
                 ~~~~~
~~~~~~~~~~~~~~~~~~~~~~
~~~~~~~~~~~~~[0m
[96mclient/src/pages/
Departments.tsx[0m:[
93m161[0m:[93m41[0m
 - 
[91merror[0m[90m 
TS17004: [0mCannot 
use JSX unless the 
'--jsx' flag is 
provided.

[7m161[0m           
                      
        <span 
className="flex 
items-center text-sm 
text-gray-400">
[7m   [0m [91m     
                      
             ~~~~~~~~~
~~~~~~~~~~~~~~~~~~~~~~
~~~~~~~~~~~~~~~~~~~~~~
~~~~~[0m
[96mclient/src/pages/
Departments.tsx[0m:[
93m162[0m:[93m45[0m
 - 
[91merror[0m[90m 
TS17004: [0mCannot 
use JSX unless the 
'--jsx' flag is 
provided.

[7m162[0m           
                      
            <XCircle 
className="w-4 h-4 
mr-1" /> Inactive
[7m   [0m [91m     
                      
                 ~~~~~
~~~~~~~~~~~~~~~~~~~~~~
~~~~~~~~~[0m
[96mclient/src/pages/
Departments.tsx[0m:[
93m166[0m:[93m33[0m
 - 
[91merror[0m[90m 
TS17004: [0mCannot 
use JSX unless the 
'--jsx' flag is 
provided.

[7m166[0m           
                      
<td className="px-6 
py-4 
whitespace-nowrap 
text-right text-sm 
font-medium">
[7m   [0m [91m     
                      
     ~~~~~~~~~~~~~~~~~
~~~~~~~~~~~~~~~~~~~~~~
~~~~~~~~~~~~~~~~~~~~~~
~~~~~~~~~~~~~~[0m
[96mclient/src/pages/
Departments.tsx[0m:[
93m167[0m:[93m37[0m
 - 
[91merror[0m[90m 
TS17004: [0mCannot 
use JSX unless the 
'--jsx' flag is 
provided.

[7m167[0m           
                      
    <button className=
"text-[var(--color-bra
nd-primary)] hover:tex
t-[var(--color-brand-s
econdary)] flex 
items-center 
justify-end w-full">
[7m   [0m [91m     
                      
         ~~~~~~~~~~~~~
~~~~~~~~~~~~~~~~~~~~~~
~~~~~~~~~~~~~~~~~~~~~~
~~~~~~~~~~~~~~~~~~~~~~
~~~~~~~~~~~~~~~~~~~~~~
~~~~~~~~~~~~~~~~~~~~~~
~~~~~~~~~~[0m
[96mclient/src/pages/
Departments.tsx[0m:[
93m168[0m:[93m41[0m
 - 
[91merror[0m[90m 
TS17004: [0mCannot 
use JSX unless the 
'--jsx' flag is 
provided.

[7m168[0m           
                      
        <Edit2 
className="w-4 h-4 
mr-1" /> Edit
[7m   [0m [91m     
                      
             ~~~~~~~~~
~~~~~~~~~~~~~~~~~~~~~~
~~~[0m
[96mclient/src/pages/
DoARules.tsx[0m:[93m
25[0m:[93m25[0m - 
[91merror[0m[90m 
TS17004: [0mCannot 
use JSX unless the 
'--jsx' flag is 
provided.

[7m25[0m     if 
(loading) return <div 
className="p-4">Loadin
g...</div>;
[7m  [0m [91m      
                  ~~~~
~~~~~~~~~~~~~~~~~[0m
[96mclient/src/pages/
DoARules.tsx[0m:[93m
28[0m:[93m9[0m - 
[91merror[0m[90m 
TS17004: [0mCannot 
use JSX unless the 
'--jsx' flag is 
provided.

[7m28[0m         
<div 
className="space-y-6">
[7m  [0m [91m      
  ~~~~~~~~~~~~~~~~~~~~
~~~~~~~[0m
[96mclient/src/pages/
DoARules.tsx[0m:[93m
29[0m:[93m13[0m - 
[91merror[0m[90m 
TS17004: [0mCannot 
use JSX unless the 
'--jsx' flag is 
provided.

[7m29[0m            
 <div className="flex 
items-center 
justify-between">
[7m  [0m [91m      
      ~~~~~~~~~~~~~~~~
~~~~~~~~~~~~~~~~~~~~~~
~~~~~~~~~~~~~[0m
[96mclient/src/pages/
DoARules.tsx[0m:[93m
30[0m:[93m17[0m - 
[91merror[0m[90m 
TS17004: [0mCannot 
use JSX unless the 
'--jsx' flag is 
provided.

[7m30[0m            
     <div>
[7m  [0m [91m      
          ~~~~~[0m
[96mclient/src/pages/
DoARules.tsx[0m:[93m
31[0m:[93m21[0m - 
[91merror[0m[90m 
TS17004: [0mCannot 
use JSX unless the 
'--jsx' flag is 
provided.

[7m31[0m            
         <h1 
className="text-2xl 
font-bold 
text-gray-900 tracking
-tight">Delegation of 
Authority (DoA) 
Rules</h1>
[7m  [0m [91m      
              ~~~~~~~~
~~~~~~~~~~~~~~~~~~~~~~
~~~~~~~~~~~~~~~~~~~~~~
~~~~~~~~~~~~[0m
[96mclient/src/pages/
DoARules.tsx[0m:[93m
32[0m:[93m21[0m - 
[91merror[0m[90m 
TS17004: [0mCannot 
use JSX unless the 
'--jsx' flag is 
provided.

[7m32[0m            
         <p 
className="text-sm 
text-gray-500 
mt-1">Configure 
authority limits and 
decision-making 
powers</p>
[7m  [0m [91m      
              ~~~~~~~~
~~~~~~~~~~~~~~~~~~~~~~
~~~~~~~~~~~~[0m
[96mclient/src/pages/
DoARules.tsx[0m:[93m
34[0m:[93m17[0m - 
[91merror[0m[90m 
TS17004: [0mCannot 
use JSX unless the 
'--jsx' flag is 
provided.

[7m34[0m            
     <button 
className="flex 
items-center px-4 
py-2 bg-[var(--color-b
rand-primary)] 
text-white rounded-lg 
hover:bg-[var(--color-
brand-secondary)] 
transition-colors">
[7m  [0m [91m      
          ~~~~~~~~~~~~
~~~~~~~~~~~~~~~~~~~~~~
~~~~~~~~~~~~~~~~~~~~~~
~~~~~~~~~~~~~~~~~~~~~~
~~~~~~~~~~~~~~~~~~~~~~
~~~~~~~~~~~~~~~~~~~~~~
~~~~~~~~~~~~~~~~~~~~~~
~~~~~~~~~~~~~~~~[0m
[96mclient/src/pages/
DoARules.tsx[0m:[93m
35[0m:[93m21[0m - 
[91merror[0m[90m 
TS17004: [0mCannot 
use JSX unless the 
'--jsx' flag is 
provided.

[7m35[0m            
         <Plus 
className="w-4 h-4 
mr-2" />
[7m  [0m [91m      
              ~~~~~~~~
~~~~~~~~~~~~~~~~~~~~~~
~~~[0m
[96mclient/src/pages/
DoARules.tsx[0m:[93m
40[0m:[93m13[0m - 
[91merror[0m[90m 
TS17004: [0mCannot 
use JSX unless the 
'--jsx' flag is 
provided.

[7m40[0m            
 <div className="grid 
grid-cols-3 gap-4">
[7m  [0m [91m      
      ~~~~~~~~~~~~~~~~
~~~~~~~~~~~~~~~~~~~~~~
~~[0m
[96mclient/src/pages/
DoARules.tsx[0m:[93m
41[0m:[93m17[0m - 
[91merror[0m[90m 
TS17004: [0mCannot 
use JSX unless the 
'--jsx' flag is 
provided.

[7m41[0m            
     <div 
className="bg-white 
border 
border-gray-200 
rounded-lg p-6">
[7m  [0m [91m      
          ~~~~~~~~~~~~
~~~~~~~~~~~~~~~~~~~~~~
~~~~~~~~~~~~~~~~~~~~~~
~~~~~~~~[0m
[96mclient/src/pages/
DoARules.tsx[0m:[93m
42[0m:[93m21[0m - 
[91merror[0m[90m 
TS17004: [0mCannot 
use JSX unless the 
'--jsx' flag is 
provided.

[7m42[0m            
         <div 
className="flex 
items-center 
justify-between">
[7m  [0m [91m      
              ~~~~~~~~
~~~~~~~~~~~~~~~~~~~~~~
~~~~~~~~~~~~~~~~~~~~~
[0m
[96mclient/src/pages/
DoARules.tsx[0m:[93m
43[0m:[93m25[0m - 
[91merror[0m[90m 
TS17004: [0mCannot 
use JSX unless the 
'--jsx' flag is 
provided.

[7m43[0m            
             <div>
[7m  [0m [91m      
                  
~~~~~[0m
[96mclient/src/pages/
DoARules.tsx[0m:[93m
44[0m:[93m29[0m - 
[91merror[0m[90m 
TS17004: [0mCannot 
use JSX unless the 
'--jsx' flag is 
provided.

[7m44[0m            
                 <p 
className="text-sm 
text-gray-500">Total 
Rules</p>
[7m  [0m [91m      
                      
~~~~~~~~~~~~~~~~~~~~~~
~~~~~~~~~~~~~~~[0m
[96mclient/src/pages/
DoARules.tsx[0m:[93m
45[0m:[93m29[0m - 
[91merror[0m[90m 
TS17004: [0mCannot 
use JSX unless the 
'--jsx' flag is 
provided.

[7m45[0m            
                 <p 
className="text-2xl 
font-bold 
text-gray-900 
mt-1">12</p>
[7m  [0m [91m      
                      
~~~~~~~~~~~~~~~~~~~~~~
~~~~~~~~~~~~~~~~~~~~~~
~~~~~~~~~[0m
[96mclient/src/pages/
DoARules.tsx[0m:[93m
47[0m:[93m25[0m - 
[91merror[0m[90m 
TS17004: [0mCannot 
use JSX unless the 
'--jsx' flag is 
provided.

[7m47[0m            
             <Shield 
className="w-8 h-8 
text-blue-500" />
[7m  [0m [91m      
                  ~~~~
~~~~~~~~~~~~~~~~~~~~~~
~~~~~~~~~~~~~~~~~~[0m
[96mclient/src/pages/
DoARules.tsx[0m:[93m
50[0m:[93m17[0m - 
[91merror[0m[90m 
TS17004: [0mCannot 
use JSX unless the 
'--jsx' flag is 
provided.

[7m50[0m            
     <div 
className="bg-white 
border 
border-gray-200 
rounded-lg p-6">
[7m  [0m [91m      
          ~~~~~~~~~~~~
~~~~~~~~~~~~~~~~~~~~~~
~~~~~~~~~~~~~~~~~~~~~~
~~~~~~~~[0m
[96mclient/src/pages/
DoARules.tsx[0m:[93m
51[0m:[93m21[0m - 
[91merror[0m[90m 
TS17004: [0mCannot 
use JSX unless the 
'--jsx' flag is 
provided.

[7m51[0m            
         <div 
className="flex 
items-center 
justify-between">
[7m  [0m [91m      
              ~~~~~~~~
~~~~~~~~~~~~~~~~~~~~~~
~~~~~~~~~~~~~~~~~~~~~
[0m
[96mclient/src/pages/
DoARules.tsx[0m:[93m
52[0m:[93m25[0m - 
[91merror[0m[90m 
TS17004: [0mCannot 
use JSX unless the 
'--jsx' flag is 
provided.

[7m52[0m            
             <div>
[7m  [0m [91m      
                  
~~~~~[0m
[96mclient/src/pages/
DoARules.tsx[0m:[93m
53[0m:[93m29[0m - 
[91merror[0m[90m 
TS17004: [0mCannot 
use JSX unless the 
'--jsx' flag is 
provided.

[7m53[0m            
                 <p 
className="text-sm 
text-gray-500">Active 
Designations</p>
[7m  [0m [91m      
                      
~~~~~~~~~~~~~~~~~~~~~~
~~~~~~~~~~~~~~~[0m
[96mclient/src/pages/
DoARules.tsx[0m:[93m
54[0m:[93m29[0m - 
[91merror[0m[90m 
TS17004: [0mCannot 
use JSX unless the 
'--jsx' flag is 
provided.

[7m54[0m            
                 <p 
className="text-2xl 
font-bold 
text-gray-900 
mt-1">5</p>
[7m  [0m [91m      
                      
~~~~~~~~~~~~~~~~~~~~~~
~~~~~~~~~~~~~~~~~~~~~~
~~~~~~~~~[0m
[96mclient/src/pages/
DoARules.tsx[0m:[93m
56[0m:[93m25[0m - 
[91merror[0m[90m 
TS17004: [0mCannot 
use JSX unless the 
'--jsx' flag is 
provided.

[7m56[0m            
             
<TrendingUp 
className="w-8 h-8 
text-green-500" />
[7m  [0m [91m      
                  ~~~~
~~~~~~~~~~~~~~~~~~~~~~
~~~~~~~~~~~~~~~~~~~~~~
~[0m
[96mclient/src/pages/
DoARules.tsx[0m:[93m
59[0m:[93m17[0m - 
[91merror[0m[90m 
TS17004: [0mCannot 
use JSX unless the 
'--jsx' flag is 
provided.

[7m59[0m            
     <div 
className="bg-white 
border 
border-gray-200 
rounded-lg p-6">
[7m  [0m [91m      
          ~~~~~~~~~~~~
~~~~~~~~~~~~~~~~~~~~~~
~~~~~~~~~~~~~~~~~~~~~~
~~~~~~~~[0m
[96mclient/src/pages/
DoARules.tsx[0m:[93m
60[0m:[93m21[0m - 
[91merror[0m[90m 
TS17004: [0mCannot 
use JSX unless the 
'--jsx' flag is 
provided.

[7m60[0m            
         <div 
className="flex 
items-center 
justify-between">
[7m  [0m [91m      
              ~~~~~~~~
~~~~~~~~~~~~~~~~~~~~~~
~~~~~~~~~~~~~~~~~~~~~
[0m
[96mclient/src/pages/
DoARules.tsx[0m:[93m
61[0m:[93m25[0m - 
[91merror[0m[90m 
TS17004: [0mCannot 
use JSX unless the 
'--jsx' flag is 
provided.

[7m61[0m            
             <div>
[7m  [0m [91m      
                  
~~~~~[0m
[96mclient/src/pages/
DoARules.tsx[0m:[93m
62[0m:[93m29[0m - 
[91merror[0m[90m 
TS17004: [0mCannot 
use JSX unless the 
'--jsx' flag is 
provided.

[7m62[0m            
                 <p 
className="text-sm tex
t-gray-500">Pending 
Reviews</p>
[7m  [0m [91m      
                      
~~~~~~~~~~~~~~~~~~~~~~
~~~~~~~~~~~~~~~[0m
[96mclient/src/pages/
DoARules.tsx[0m:[93m
63[0m:[93m29[0m - 
[91merror[0m[90m 
TS17004: [0mCannot 
use JSX unless the 
'--jsx' flag is 
provided.

[7m63[0m            
                 <p 
className="text-2xl 
font-bold 
text-gray-900 
mt-1">3</p>
[7m  [0m [91m      
                      
~~~~~~~~~~~~~~~~~~~~~~
~~~~~~~~~~~~~~~~~~~~~~
~~~~~~~~~[0m
[96mclient/src/pages/
DoARules.tsx[0m:[93m
65[0m:[93m25[0m - 
[91merror[0m[90m 
TS17004: [0mCannot 
use JSX unless the 
'--jsx' flag is 
provided.

[7m65[0m            
             
<AlertTriangle 
className="w-8 h-8 
text-yellow-500" />
[7m  [0m [91m      
                  ~~~~
~~~~~~~~~~~~~~~~~~~~~~
~~~~~~~~~~~~~~~~~~~~~~
~~~~~[0m
[96mclient/src/pages/
DoARules.tsx[0m:[93m
70[0m:[93m13[0m - 
[91merror[0m[90m 
TS17004: [0mCannot 
use JSX unless the 
'--jsx' flag is 
provided.

[7m70[0m            
 <div 
className="bg-white 
border 
border-gray-200 
rounded-lg p-8 
text-center">
[7m  [0m [91m      
      ~~~~~~~~~~~~~~~~
~~~~~~~~~~~~~~~~~~~~~~
~~~~~~~~~~~~~~~~~~~~~~
~~~~~~~~~~~~~~~~[0m
[96mclient/src/pages/
DoARules.tsx[0m:[93m
71[0m:[93m17[0m - 
[91merror[0m[90m 
TS17004: [0mCannot 
use JSX unless the 
'--jsx' flag is 
provided.

[7m71[0m            
     <Shield 
className="w-16 h-16 
text-gray-300 mx-auto 
mb-4" />
[7m  [0m [91m      
          ~~~~~~~~~~~~
~~~~~~~~~~~~~~~~~~~~~~
~~~~~~~~~~~~~~~~~~~~~~
~~~[0m
[96mclient/src/pages/
DoARules.tsx[0m:[93m
72[0m:[93m17[0m - 
[91merror[0m[90m 
TS17004: [0mCannot 
use JSX unless the 
'--jsx' flag is 
provided.

[7m72[0m            
     <h3 
className="text-lg 
font-semibold 
text-gray-900 
mb-2">DoA Rules 
Configuration</h3>
[7m  [0m [91m      
          ~~~~~~~~~~~~
~~~~~~~~~~~~~~~~~~~~~~
~~~~~~~~~~~~~~~~~~~~~~
~[0m
[96mclient/src/pages/
DoARules.tsx[0m:[93m
73[0m:[93m17[0m - 
[91merror[0m[90m 
TS17004: [0mCannot 
use JSX unless the 
'--jsx' flag is 
provided.

[7m73[0m            
     <p className="tex
t-gray-500 mb-4">
[7m  [0m [91m      
          ~~~~~~~~~~~~
~~~~~~~~~~~~~~~~~~~~~~
[0m
[96mclient/src/pages/
DoARules.tsx[0m:[93m
76[0m:[93m17[0m - 
[91merror[0m[90m 
TS17004: [0mCannot 
use JSX unless the 
'--jsx' flag is 
provided.

[7m76[0m            
     <button 
className="px-4 py-2 b
g-[var(--color-brand-p
rimary)] text-white 
rounded-lg hover:bg-[v
ar(--color-brand-secon
dary)]">
[7m  [0m [91m      
          ~~~~~~~~~~~~
~~~~~~~~~~~~~~~~~~~~~~
~~~~~~~~~~~~~~~~~~~~~~
~~~~~~~~~~~~~~~~~~~~~~
~~~~~~~~~~~~~~~~~~~~~~
~~~~~~~~~~~~~~~~~~~~~~
~~[0m
[96mclient/src/pages/
Inbox.tsx[0m:[93m52
[0m:[93m9[0m - 
[91merror[0m[90m 
TS17004: [0mCannot 
use JSX unless the 
'--jsx' flag is 
provided.

[7m52[0m         
<div 
className="space-y-6">
[7m  [0m [91m      
  ~~~~~~~~~~~~~~~~~~~~
~~~~~~~[0m
[96mclient/src/pages/
Inbox.tsx[0m:[93m53
[0m:[93m13[0m - 
[91merror[0m[90m 
TS17004: [0mCannot 
use JSX unless the 
'--jsx' flag is 
provided.

[7m53[0m            
 <div className="flex 
items-center 
justify-between">
[7m  [0m [91m      
      ~~~~~~~~~~~~~~~~
~~~~~~~~~~~~~~~~~~~~~~
~~~~~~~~~~~~~[0m
[96mclient/src/pages/
Inbox.tsx[0m:[93m54
[0m:[93m17[0m - 
[91merror[0m[90m 
TS17004: [0mCannot 
use JSX unless the 
'--jsx' flag is 
provided.

[7m54[0m            
     <div 
className="flex 
items-center 
space-x-3">
[7m  [0m [91m      
          ~~~~~~~~~~~~
~~~~~~~~~~~~~~~~~~~~~~
~~~~~~~~~~~[0m
[96mclient/src/pages/
Inbox.tsx[0m:[93m55
[0m:[93m21[0m - 
[91merror[0m[90m 
TS17004: [0mCannot 
use JSX unless the 
'--jsx' flag is 
provided.

[7m55[0m            
         <h1 
className="text-2xl 
font-bold 
text-iob-blue-dark 
tracking-tight">The 
Ledger</h1>
[7m  [0m [91m      
              ~~~~~~~~
~~~~~~~~~~~~~~~~~~~~~~
~~~~~~~~~~~~~~~~~~~~~~
~~~~~~~~~~~~~~~~~[0m
[96mclient/src/pages/
Inbox.tsx[0m:[93m56
[0m:[93m21[0m - 
[91merror[0m[90m 
TS17004: [0mCannot 
use JSX unless the 
'--jsx' flag is 
provided.

[7m56[0m            
         <Link 
to="/decisions/new" cl
assName="iob-btn-prima
ry py-1.5 px-3 
text-xs flex 
items-center">
[7m  [0m [91m      
              ~~~~~~~~
~~~~~~~~~~~~~~~~~~~~~~
~~~~~~~~~~~~~~~~~~~~~~
~~~~~~~~~~~~~~~~~~~~~~
~~~~~~~~~~~~~~~~~~[0m
[96mclient/src/pages/
Inbox.tsx[0m:[93m57
[0m:[93m25[0m - 
[91merror[0m[90m 
TS17004: [0mCannot 
use JSX unless the 
'--jsx' flag is 
provided.

[7m57[0m            
             <Plus 
className="w-3 h-3 
mr-1.5" />
[7m  [0m [91m      
                  ~~~~
~~~~~~~~~~~~~~~~~~~~~~
~~~~~~~~~[0m
[96mclient/src/pages/
Inbox.tsx[0m:[93m61
[0m:[93m17[0m - 
[91merror[0m[90m 
TS17004: [0mCannot 
use JSX unless the 
'--jsx' flag is 
provided.

[7m61[0m            
     <div 
className="flex 
space-x-2">
[7m  [0m [91m      
          ~~~~~~~~~~~~
~~~~~~~~~~~~~~~~~~~~[
0m
[96mclient/src/pages/
Inbox.tsx[0m:[93m62
[0m:[93m21[0m - 
[91merror[0m[90m 
TS17004: [0mCannot 
use JSX unless the 
'--jsx' flag is 
provided.

[7m62[0m            
         <span classNa
me="iob-badge-neutral 
flex items-center">
[7m  [0m [91m      
              ~~~~~~~~
~~~~~~~~~~~~~~~~~~~~~~
~~~~~~~~~~~~~~~~~~~~~~
~~[0m
[96mclient/src/pages/
Inbox.tsx[0m:[93m63
[0m:[93m25[0m - 
[91merror[0m[90m 
TS17004: [0mCannot 
use JSX unless the 
'--jsx' flag is 
provided.

[7m63[0m            
             <Clock 
className="w-3 h-3 
mr-1" /> Pending: 1
[7m  [0m [91m      
                  ~~~~
~~~~~~~~~~~~~~~~~~~~~~
~~~~~~~~[0m
[96mclient/src/pages/
Inbox.tsx[0m:[93m65
[0m:[93m21[0m - 
[91merror[0m[90m 
TS17004: [0mCannot 
use JSX unless the 
'--jsx' flag is 
provided.

[7m65[0m            
         <span 
className="px-3 py-1 
bg-red-100 
text-red-800 rounded 
text-xs font-semibold 
flex items-center">
[7m  [0m [91m      
              ~~~~~~~~
~~~~~~~~~~~~~~~~~~~~~~
~~~~~~~~~~~~~~~~~~~~~~
~~~~~~~~~~~~~~~~~~~~~~
~~~~~~~~~~~~~~~~~~~~~~
~~~~[0m
[96mclient/src/pages/
Inbox.tsx[0m:[93m66
[0m:[93m25[0m - 
[91merror[0m[90m 
TS17004: [0mCannot 
use JSX unless the 
'--jsx' flag is 
provided.

[7m66[0m            
             
<AlertTriangle 
className="w-3 h-3 
mr-1" /> Escalated: 1
[7m  [0m [91m      
                  ~~~~
~~~~~~~~~~~~~~~~~~~~~~
~~~~~~~~~~~~~~~~[0m
[96mclient/src/pages/
Inbox.tsx[0m:[93m71
[0m:[93m13[0m - 
[91merror[0m[90m 
TS17004: [0mCannot 
use JSX unless the 
'--jsx' flag is 
provided.

[7m71[0m            
 <div 
className="iob-card">
[7m  [0m [91m      
      ~~~~~~~~~~~~~~~~
~~~~~~~~~~[0m
[96mclient/src/pages/
Inbox.tsx[0m:[93m72
[0m:[93m17[0m - 
[91merror[0m[90m 
TS17004: [0mCannot 
use JSX unless the 
'--jsx' flag is 
provided.

[7m72[0m            
     <table 
className="iob-table">
[7m  [0m [91m      
          ~~~~~~~~~~~~
~~~~~~~~~~~~~~~~~[0m
[96mclient/src/pages/
Inbox.tsx[0m:[93m73
[0m:[93m21[0m - 
[91merror[0m[90m 
TS17004: [0mCannot 
use JSX unless the 
'--jsx' flag is 
provided.

[7m73[0m            
         <thead>
[7m  [0m [91m      
              
~~~~~~~[0m
[96mclient/src/pages/
Inbox.tsx[0m:[93m74
[0m:[93m25[0m - 
[91merror[0m[90m 
TS17004: [0mCannot 
use JSX unless the 
'--jsx' flag is 
provided.

[7m74[0m            
             <tr>
[7m  [0m [91m      
                  
~~~~[0m
[96mclient/src/pages/
Inbox.tsx[0m:[93m75
[0m:[93m29[0m - 
[91merror[0m[90m 
TS17004: [0mCannot 
use JSX unless the 
'--jsx' flag is 
provided.

[7m75[0m            
                 <th 
className="px-6 py-3 
text-left text-xs 
font-semibold 
uppercase 
tracking-wider">Ref 
No.</th>
[7m  [0m [91m      
                      
~~~~~~~~~~~~~~~~~~~~~~
~~~~~~~~~~~~~~~~~~~~~~
~~~~~~~~~~~~~~~~~~~~~~
~~~~~~~~~~~~~~~~~[0m
[96mclient/src/pages/
Inbox.tsx[0m:[93m76
[0m:[93m29[0m - 
[91merror[0m[90m 
TS17004: [0mCannot 
use JSX unless the 
'--jsx' flag is 
provided.

[7m76[0m            
                 <th 
className="px-6 py-3 
text-left text-xs 
font-semibold 
uppercase tracking-wid
er">Subject</th>
[7m  [0m [91m      
                      
~~~~~~~~~~~~~~~~~~~~~~
~~~~~~~~~~~~~~~~~~~~~~
~~~~~~~~~~~~~~~~~~~~~~
~~~~~~~~~~~~~~~~~[0m
[96mclient/src/pages/
Inbox.tsx[0m:[93m77
[0m:[93m29[0m - 
[91merror[0m[90m 
TS17004: [0mCannot 
use JSX unless the 
'--jsx' flag is 
provided.

[7m77[0m            
                 <th 
className="px-6 py-3 
text-left text-xs 
font-semibold 
uppercase tracking-wid
er">Department</th>
[7m  [0m [91m      
                      
~~~~~~~~~~~~~~~~~~~~~~
~~~~~~~~~~~~~~~~~~~~~~
~~~~~~~~~~~~~~~~~~~~~~
~~~~~~~~~~~~~~~~~[0m
[96mclient/src/pages/
Inbox.tsx[0m:[93m78
[0m:[93m29[0m - 
[91merror[0m[90m 
TS17004: [0mCannot 
use JSX unless the 
'--jsx' flag is 
provided.

[7m78[0m            
                 <th 
className="px-6 py-3 
text-left text-xs 
font-semibold 
uppercase tracking-wid
er">Initiator</th>
[7m  [0m [91m      
                      
~~~~~~~~~~~~~~~~~~~~~~
~~~~~~~~~~~~~~~~~~~~~~
~~~~~~~~~~~~~~~~~~~~~~
~~~~~~~~~~~~~~~~~[0m
[96mclient/src/pages/
Inbox.tsx[0m:[93m79
[0m:[93m29[0m - 
[91merror[0m[90m 
TS17004: [0mCannot 
use JSX unless the 
'--jsx' flag is 
provided.

[7m79[0m            
                 <th 
className="px-6 py-3 
text-left text-xs 
font-semibold 
uppercase tracking-wid
er">Status</th>
[7m  [0m [91m      
                      
~~~~~~~~~~~~~~~~~~~~~~
~~~~~~~~~~~~~~~~~~~~~~
~~~~~~~~~~~~~~~~~~~~~~
~~~~~~~~~~~~~~~~~[0m
[96mclient/src/pages/
Inbox.tsx[0m:[93m80
[0m:[93m29[0m - 
[91merror[0m[90m 
TS17004: [0mCannot 
use JSX unless the 
'--jsx' flag is 
provided.

[7m80[0m            
                 <th 
className="px-6 py-3 
text-right text-xs 
font-semibold 
uppercase tracking-wid
er">Action</th>
[7m  [0m [91m      
                      
~~~~~~~~~~~~~~~~~~~~~~
~~~~~~~~~~~~~~~~~~~~~~
~~~~~~~~~~~~~~~~~~~~~~
~~~~~~~~~~~~~~~~~~[0m
[96mclient/src/pages/
Inbox.tsx[0m:[93m83
[0m:[93m21[0m - 
[91merror[0m[90m 
TS17004: [0mCannot 
use JSX unless the 
'--jsx' flag is 
provided.

[7m83[0m            
         <tbody>
[7m  [0m [91m      
              
~~~~~~~[0m
[96mclient/src/pages/
Inbox.tsx[0m:[93m85
[0m:[93m29[0m - 
[91merror[0m[90m 
TS17004: [0mCannot 
use JSX unless the 
'--jsx' flag is 
provided.

[7m85[0m            
                 <tr 
key={decision.id} clas
sName="hover:bg-gray-5
0 transition-colors">
[7m  [0m [91m      
                      
~~~~~~~~~~~~~~~~~~~~~~
~~~~~~~~~~~~~~~~~~~~~~
~~~~~~~~~~~~~~~~~~~~~~
~~~[0m
[96mclient/src/pages/
Inbox.tsx[0m:[93m86
[0m:[93m33[0m - 
[91merror[0m[90m 
TS17004: [0mCannot 
use JSX unless the 
'--jsx' flag is 
provided.

[7m86[0m            
                     
<td className="px-6 
py-4 
whitespace-nowrap 
text-sm font-medium 
text-gray-900">
[7m  [0m [91m      
                      
    ~~~~~~~~~~~~~~~~~~
~~~~~~~~~~~~~~~~~~~~~~
~~~~~~~~~~~~~~~~~~~~~~
~~~~~~~~~~~~~~~~[0m
[96mclient/src/pages/
Inbox.tsx[0m:[93m87
[0m:[93m37[0m - 
[91merror[0m[90m 
TS17004: [0mCannot 
use JSX unless the 
'--jsx' flag is 
provided.

[7m87[0m            
                      
   <div 
className="flex 
items-center">
[7m  [0m [91m      
                      
        ~~~~~~~~~~~~~~
~~~~~~~~~~~~~~~~~~~~~
[0m
[96mclient/src/pages/
Inbox.tsx[0m:[93m88
[0m:[93m41[0m - 
[91merror[0m[90m 
TS17004: [0mCannot 
use JSX unless the 
'--jsx' flag is 
provided.

[7m88[0m            
                      
       <FileText 
className="w-4 h-4 
mr-2 text-gray-400" />
[7m  [0m [91m      
                      
            ~~~~~~~~~~
~~~~~~~~~~~~~~~~~~~~~~
~~~~~~~~~~~~~~~~~~~[0
m
[96mclient/src/pages/
Inbox.tsx[0m:[93m92
[0m:[93m33[0m - 
[91merror[0m[90m 
TS17004: [0mCannot 
use JSX unless the 
'--jsx' flag is 
provided.

[7m92[0m            
                     
<td className="px-6 
py-4 text-sm 
text-gray-900">
[7m  [0m [91m      
                      
    ~~~~~~~~~~~~~~~~~~
~~~~~~~~~~~~~~~~~~~~~~
~~~~~~~~[0m
[96mclient/src/pages/
Inbox.tsx[0m:[93m93
[0m:[93m37[0m - 
[91merror[0m[90m 
TS17004: [0mCannot 
use JSX unless the 
'--jsx' flag is 
provided.

[7m93[0m            
                      
   <div className="fon
t-medium">{decision.ou
tcomeData.subject}</di
v>
[7m  [0m [91m      
                      
        ~~~~~~~~~~~~~~
~~~~~~~~~~~~~~~[0m
[96mclient/src/pages/
Inbox.tsx[0m:[93m94
[0m:[93m37[0m - 
[91merror[0m[90m 
TS17004: [0mCannot 
use JSX unless the 
'--jsx' flag is 
provided.

[7m94[0m            
                      
   <div 
className="text-xs 
text-gray-500 
mt-0.5">Basis: {decisi
on.authBasis}</div>
[7m  [0m [91m      
                      
        ~~~~~~~~~~~~~~
~~~~~~~~~~~~~~~~~~~~~~
~~~~~~~~~~[0m
[96mclient/src/pages/
Inbox.tsx[0m:[93m96
[0m:[93m33[0m - 
[91merror[0m[90m 
TS17004: [0mCannot 
use JSX unless the 
'--jsx' flag is 
provided.

[7m96[0m            
                     
<td className="px-6 
py-4 
whitespace-nowrap 
text-sm 
text-gray-500">
[7m  [0m [91m      
                      
    ~~~~~~~~~~~~~~~~~~
~~~~~~~~~~~~~~~~~~~~~~
~~~~~~~~~~~~~~~~~~~~~~
~~~~[0m
[96mclient/src/pages/
Inbox.tsx[0m:[93m97
[0m:[93m37[0m - 
[91merror[0m[90m 
TS17004: [0mCannot 
use JSX unless the 
'--jsx' flag is 
provided.

[7m97[0m            
                      
   <span className="io
b-badge-neutral">
[7m  [0m [91m      
                      
        ~~~~~~~~~~~~~~
~~~~~~~~~~~~~~~~~~~~~~
[0m
[96mclient/src/pages/
Inbox.tsx[0m:[93m101
[0m:[93m33[0m - 
[91merror[0m[90m 
TS17004: [0mCannot 
use JSX unless the 
'--jsx' flag is 
provided.

[7m101[0m           
                      
<td className="px-6 
py-4 
whitespace-nowrap 
text-sm 
text-gray-500">
[7m   [0m [91m     
                      
     ~~~~~~~~~~~~~~~~~
~~~~~~~~~~~~~~~~~~~~~~
~~~~~~~~~~~~~~~~~~~~~~
~~~~~[0m
[96mclient/src/pages/
Inbox.tsx[0m:[93m102
[0m:[93m37[0m - 
[91merror[0m[90m 
TS17004: [0mCannot 
use JSX unless the 
'--jsx' flag is 
provided.

[7m102[0m           
                      
    <div 
className="flex 
items-center">
[7m   [0m [91m     
                      
         ~~~~~~~~~~~~~
~~~~~~~~~~~~~~~~~~~~~~
[0m
[96mclient/src/pages/
Inbox.tsx[0m:[93m103
[0m:[93m41[0m - 
[91merror[0m[90m 
TS17004: [0mCannot 
use JSX unless the 
'--jsx' flag is 
provided.

[7m103[0m           
                      
        <User 
className="w-3 h-3 
mr-1.5 text-gray-400" 
/>
[7m   [0m [91m     
                      
             ~~~~~~~~~
~~~~~~~~~~~~~~~~~~~~~~
~~~~~~~~~~~~~~~~~~[0m
[96mclient/src/pages/
Inbox.tsx[0m:[93m106
[0m:[93m37[0m - 
[91merror[0m[90m 
TS17004: [0mCannot 
use JSX unless the 
'--jsx' flag is 
provided.

[7m106[0m           
                      
    <div 
className="text-xs 
text-gray-400 ml-4.5">
{decision.initiator.de
signation}</div>
[7m   [0m [91m     
                      
         ~~~~~~~~~~~~~
~~~~~~~~~~~~~~~~~~~~~~
~~~~~~~~~~~[0m
[96mclient/src/pages/
Inbox.tsx[0m:[93m108
[0m:[93m33[0m - 
[91merror[0m[90m 
TS17004: [0mCannot 
use JSX unless the 
'--jsx' flag is 
provided.

[7m108[0m           
                      
<td className="px-6 
py-4 
whitespace-nowrap">
[7m   [0m [91m     
                      
     ~~~~~~~~~~~~~~~~~
~~~~~~~~~~~~~~~~~~~~~~
~~~~~[0m
[96mclient/src/pages/
Inbox.tsx[0m:[93m109
[0m:[93m37[0m - 
[91merror[0m[90m 
TS17004: [0mCannot 
use JSX unless the 
'--jsx' flag is 
provided.

[7m109[0m           
                      
    <span 
className={`px-2 
inline-flex text-xs 
leading-5 
font-semibold 
rounded-full 
${decision.status === 
'PENDING_APPROVAL' ? 
'bg-yellow-100 
text-yellow-800' :
[7m   [0m [91m     
                      
         ~~~~~~~~~~~~~
~~~~~~~~~~~~~~~~~~~~~~
~~~~~~~~~~~~~~~~~~~~~~
~~~~~~~~~~~~~~~~~~~~~~
~~~~~~~~~~~~~~~~~~~~~~
~~~~~~~~~~~~~~~~~~~~~~
~~~~~~~~~~~~~~~~~~~~~~
~~~~~~~~~~~[0m
[7m110[0m           
                      
        
decision.status === 
'ESCALATED' ? 
'bg-red-100 
text-red-800' :
[7m   [0m [91m~~~~~
~~~~~~~~~~~~~~~~~~~~~~
~~~~~~~~~~~~~~~~~~~~~~
~~~~~~~~~~~~~~~~~~~~~~
~~~~~~~~~~~~~~~~~~~~~~
~~~~~~~~[0m
[7m111[0m           
                      
            
'bg-green-100 
text-green-800'
[7m   [0m [91m~~~~~
~~~~~~~~~~~~~~~~~~~~~~
~~~~~~~~~~~~~~~~~~~~~~
~~~~~~~~~~~~~~~~~~~~~~
~~[0m
[7m112[0m           
                      
        }`}>
[7m   [0m [91m~~~~~
~~~~~~~~~~~~~~~~~~~~~~
~~~~~~~~~~~~~~~~~[0m
[96mclient/src/pages/
Inbox.tsx[0m:[93m116
[0m:[93m33[0m - 
[91merror[0m[90m 
TS17004: [0mCannot 
use JSX unless the 
'--jsx' flag is 
provided.

[7m116[0m           
                      
<td className="px-6 
py-4 
whitespace-nowrap 
text-right text-sm 
font-medium">
[7m   [0m [91m     
                      
     ~~~~~~~~~~~~~~~~~
~~~~~~~~~~~~~~~~~~~~~~
~~~~~~~~~~~~~~~~~~~~~~
~~~~~~~~~~~~~~[0m
[96mclient/src/pages/
Inbox.tsx[0m:[93m117
[0m:[93m37[0m - 
[91merror[0m[90m 
TS17004: [0mCannot 
use JSX unless the 
'--jsx' flag is 
provided.

[7m117[0m           
                      
    <button className=
"iob-btn-primary 
text-xs px-3 py-1.5 
flex items-center 
justify-end ml-auto">
[7m   [0m [91m     
                      
         ~~~~~~~~~~~~~
~~~~~~~~~~~~~~~~~~~~~~
~~~~~~~~~~~~~~~~~~~~~~
~~~~~~~~~~~~~~~~~~~~~~
~~~~~~~~~~~~~~~[0m
[96mclient/src/pages/
Inbox.tsx[0m:[93m118
[0m:[93m46[0m - 
[91merror[0m[90m 
TS17004: [0mCannot 
use JSX unless the 
'--jsx' flag is 
provided.

[7m118[0m           
                      
        View 
<ArrowRight 
className="w-4 h-4 
ml-1" />
[7m   [0m [91m     
                      
                  ~~~~
~~~~~~~~~~~~~~~~~~~~~~
~~~~~~~~~~~~~[0m
[96mclient/src/pages/
MISDashboard.tsx[0m:
[93m21[0m:[93m9[0m 
- [91merror[0m[90m 
TS17004: [0mCannot 
use JSX unless the 
'--jsx' flag is 
provided.

[7m21[0m         
<div 
className="space-y-6">
[7m  [0m [91m      
  ~~~~~~~~~~~~~~~~~~~~
~~~~~~~[0m
[96mclient/src/pages/
MISDashboard.tsx[0m:
[93m22[0m:[93m13[0m
 - 
[91merror[0m[90m 
TS17004: [0mCannot 
use JSX unless the 
'--jsx' flag is 
provided.

[7m22[0m            
 <div>
[7m  [0m [91m      
      ~~~~~[0m
[96mclient/src/pages/
MISDashboard.tsx[0m:
[93m23[0m:[93m17[0m
 - 
[91merror[0m[90m 
TS17004: [0mCannot 
use JSX unless the 
'--jsx' flag is 
provided.

[7m23[0m            
     <h1 
className="text-2xl 
font-bold 
text-gray-900 
tracking-tight">MIS 
Command Center</h1>
[7m  [0m [91m      
          ~~~~~~~~~~~~
~~~~~~~~~~~~~~~~~~~~~~
~~~~~~~~~~~~~~~~~~~~~~
~~~~~~~~[0m
[96mclient/src/pages/
MISDashboard.tsx[0m:
[93m24[0m:[93m17[0m
 - 
[91merror[0m[90m 
TS17004: [0mCannot 
use JSX unless the 
'--jsx' flag is 
provided.

[7m24[0m            
     <p 
className="text-sm 
text-gray-500 
mt-1">Real-time 
governance metrics 
and decision 
analytics</p>
[7m  [0m [91m      
          ~~~~~~~~~~~~
~~~~~~~~~~~~~~~~~~~~~~
~~~~~~~~[0m
[96mclient/src/pages/
MISDashboard.tsx[0m:
[93m27[0m:[93m13[0m
 - 
[91merror[0m[90m 
TS17004: [0mCannot 
use JSX unless the 
'--jsx' flag is 
provided.

[7m27[0m            
 <div className="grid 
grid-cols-4 gap-4">
[7m  [0m [91m      
      ~~~~~~~~~~~~~~~~
~~~~~~~~~~~~~~~~~~~~~~
~~[0m
[96mclient/src/pages/
MISDashboard.tsx[0m:
[93m28[0m:[93m17[0m
 - 
[91merror[0m[90m 
TS17004: [0mCannot 
use JSX unless the 
'--jsx' flag is 
provided.

[7m28[0m            
     <div 
className="bg-white 
border 
border-gray-200 
rounded-lg p-6">
[7m  [0m [91m      
          ~~~~~~~~~~~~
~~~~~~~~~~~~~~~~~~~~~~
~~~~~~~~~~~~~~~~~~~~~~
~~~~~~~~[0m
[96mclient/src/pages/
MISDashboard.tsx[0m:
[93m29[0m:[93m21[0m
 - 
[91merror[0m[90m 
TS17004: [0mCannot 
use JSX unless the 
'--jsx' flag is 
provided.

[7m29[0m            
         <div 
className="flex 
items-center 
justify-between mb-2">
[7m  [0m [91m      
              ~~~~~~~~
~~~~~~~~~~~~~~~~~~~~~~
~~~~~~~~~~~~~~~~~~~~~~
~~~~[0m
[96mclient/src/pages/
MISDashboard.tsx[0m:
[93m30[0m:[93m25[0m
 - 
[91merror[0m[90m 
TS17004: [0mCannot 
use JSX unless the 
'--jsx' flag is 
provided.

[7m30[0m            
             <p 
className="text-sm tex
t-gray-500">Pending 
Approvals</p>
[7m  [0m [91m      
                  ~~~~
~~~~~~~~~~~~~~~~~~~~~~
~~~~~~~~~~~[0m
[96mclient/src/pages/
MISDashboard.tsx[0m:
[93m31[0m:[93m25[0m
 - 
[91merror[0m[90m 
TS17004: [0mCannot 
use JSX unless the 
'--jsx' flag is 
provided.

[7m31[0m            
             
<TrendingUp 
className="w-5 h-5 
text-yellow-500" />
[7m  [0m [91m      
                  ~~~~
~~~~~~~~~~~~~~~~~~~~~~
~~~~~~~~~~~~~~~~~~~~~~
~~[0m
[96mclient/src/pages/
MISDashboard.tsx[0m:
[93m33[0m:[93m21[0m
 - 
[91merror[0m[90m 
TS17004: [0mCannot 
use JSX unless the 
'--jsx' flag is 
provided.

[7m33[0m            
         <p 
className="text-3xl 
font-bold text-gray-90
0">{stats.pendingAppro
vals}</p>
[7m  [0m [91m      
              ~~~~~~~~
~~~~~~~~~~~~~~~~~~~~~~
~~~~~~~~~~~~~~~~~~[0m
[96mclient/src/pages/
MISDashboard.tsx[0m:
[93m34[0m:[93m21[0m
 - 
[91merror[0m[90m 
TS17004: [0mCannot 
use JSX unless the 
'--jsx' flag is 
provided.

[7m34[0m            
         <p 
className="text-xs 
text-gray-400 
mt-1">Awaiting your 
action</p>
[7m  [0m [91m      
              ~~~~~~~~
~~~~~~~~~~~~~~~~~~~~~~
~~~~~~~~~~~~[0m
[96mclient/src/pages/
MISDashboard.tsx[0m:
[93m37[0m:[93m17[0m
 - 
[91merror[0m[90m 
TS17004: [0mCannot 
use JSX unless the 
'--jsx' flag is 
provided.

[7m37[0m            
     <div 
className="bg-white 
border 
border-gray-200 
rounded-lg p-6">
[7m  [0m [91m      
          ~~~~~~~~~~~~
~~~~~~~~~~~~~~~~~~~~~~
~~~~~~~~~~~~~~~~~~~~~~
~~~~~~~~[0m
[96mclient/src/pages/
MISDashboard.tsx[0m:
[93m38[0m:[93m21[0m
 - 
[91merror[0m[90m 
TS17004: [0mCannot 
use JSX unless the 
'--jsx' flag is 
provided.

[7m38[0m            
         <div 
className="flex 
items-center 
justify-between mb-2">
[7m  [0m [91m      
              ~~~~~~~~
~~~~~~~~~~~~~~~~~~~~~~
~~~~~~~~~~~~~~~~~~~~~~
~~~~[0m
[96mclient/src/pages/
MISDashboard.tsx[0m:
[93m39[0m:[93m25[0m
 - 
[91merror[0m[90m 
TS17004: [0mCannot 
use JSX unless the 
'--jsx' flag is 
provided.

[7m39[0m            
             <p 
className="text-sm tex
t-gray-500">Escalated<
/p>
[7m  [0m [91m      
                  ~~~~
~~~~~~~~~~~~~~~~~~~~~~
~~~~~~~~~~~[0m
[96mclient/src/pages/
MISDashboard.tsx[0m:
[93m40[0m:[93m25[0m
 - 
[91merror[0m[90m 
TS17004: [0mCannot 
use JSX unless the 
'--jsx' flag is 
provided.

[7m40[0m            
             
<AlertCircle 
className="w-5 h-5 
text-red-500" />
[7m  [0m [91m      
                  ~~~~
~~~~~~~~~~~~~~~~~~~~~~
~~~~~~~~~~~~~~~~~~~~~~
[0m
[96mclient/src/pages/
MISDashboard.tsx[0m:
[93m42[0m:[93m21[0m
 - 
[91merror[0m[90m 
TS17004: [0mCannot 
use JSX unless the 
'--jsx' flag is 
provided.

[7m42[0m            
         <p 
className="text-3xl 
font-bold text-gray-90
0">{stats.escalatedDec
isions}</p>
[7m  [0m [91m      
              ~~~~~~~~
~~~~~~~~~~~~~~~~~~~~~~
~~~~~~~~~~~~~~~~~~[0m
[96mclient/src/pages/
MISDashboard.tsx[0m:
[93m43[0m:[93m21[0m
 - 
[91merror[0m[90m 
TS17004: [0mCannot 
use JSX unless the 
'--jsx' flag is 
provided.

[7m43[0m            
         <p 
className="text-xs 
text-gray-400 
mt-1">DoA limit 
breaches</p>
[7m  [0m [91m      
              ~~~~~~~~
~~~~~~~~~~~~~~~~~~~~~~
~~~~~~~~~~~~[0m
[96mclient/src/pages/
MISDashboard.tsx[0m:
[93m46[0m:[93m17[0m
 - 
[91merror[0m[90m 
TS17004: [0mCannot 
use JSX unless the 
'--jsx' flag is 
provided.

[7m46[0m            
     <div 
className="bg-white 
border 
border-gray-200 
rounded-lg p-6">
[7m  [0m [91m      
          ~~~~~~~~~~~~
~~~~~~~~~~~~~~~~~~~~~~
~~~~~~~~~~~~~~~~~~~~~~
~~~~~~~~[0m
[96mclient/src/pages/
MISDashboard.tsx[0m:
[93m47[0m:[93m21[0m
 - 
[91merror[0m[90m 
TS17004: [0mCannot 
use JSX unless the 
'--jsx' flag is 
provided.

[7m47[0m            
         <div 
className="flex 
items-center 
justify-between mb-2">
[7m  [0m [91m      
              ~~~~~~~~
~~~~~~~~~~~~~~~~~~~~~~
~~~~~~~~~~~~~~~~~~~~~~
~~~~[0m
[96mclient/src/pages/
MISDashboard.tsx[0m:
[93m48[0m:[93m25[0m
 - 
[91merror[0m[90m 
TS17004: [0mCannot 
use JSX unless the 
'--jsx' flag is 
provided.

[7m48[0m            
             <p 
className="text-sm tex
t-gray-500">Compliance
 Score</p>
[7m  [0m [91m      
                  ~~~~
~~~~~~~~~~~~~~~~~~~~~~
~~~~~~~~~~~[0m
[96mclient/src/pages/
MISDashboard.tsx[0m:
[93m49[0m:[93m25[0m
 - 
[91merror[0m[90m 
TS17004: [0mCannot 
use JSX unless the 
'--jsx' flag is 
provided.

[7m49[0m            
             
<CheckCircle 
className="w-5 h-5 
text-green-500" />
[7m  [0m [91m      
                  ~~~~
~~~~~~~~~~~~~~~~~~~~~~
~~~~~~~~~~~~~~~~~~~~~~
~~[0m
[96mclient/src/pages/
MISDashboard.tsx[0m:
[93m51[0m:[93m21[0m
 - 
[91merror[0m[90m 
TS17004: [0mCannot 
use JSX unless the 
'--jsx' flag is 
provided.

[7m51[0m            
         <p 
className="text-3xl 
font-bold text-gray-90
0">{stats.complianceSc
ore}%</p>
[7m  [0m [91m      
              ~~~~~~~~
~~~~~~~~~~~~~~~~~~~~~~
~~~~~~~~~~~~~~~~~~[0m
[96mclient/src/pages/
MISDashboard.tsx[0m:
[93m52[0m:[93m21[0m
 - 
[91merror[0m[90m 
TS17004: [0mCannot 
use JSX unless the 
'--jsx' flag is 
provided.

[7m52[0m            
         <p 
className="text-xs 
text-gray-400 
mt-1">Controls 
satisfied</p>
[7m  [0m [91m      
              ~~~~~~~~
~~~~~~~~~~~~~~~~~~~~~~
~~~~~~~~~~~~[0m
[96mclient/src/pages/
MISDashboard.tsx[0m:
[93m55[0m:[93m17[0m
 - 
[91merror[0m[90m 
TS17004: [0mCannot 
use JSX unless the 
'--jsx' flag is 
provided.

[7m55[0m            
     <div 
className="bg-white 
border 
border-gray-200 
rounded-lg p-6">
[7m  [0m [91m      
          ~~~~~~~~~~~~
~~~~~~~~~~~~~~~~~~~~~~
~~~~~~~~~~~~~~~~~~~~~~
~~~~~~~~[0m
[96mclient/src/pages/
MISDashboard.tsx[0m:
[93m56[0m:[93m21[0m
 - 
[91merror[0m[90m 
TS17004: [0mCannot 
use JSX unless the 
'--jsx' flag is 
provided.

[7m56[0m            
         <div 
className="flex 
items-center 
justify-between mb-2">
[7m  [0m [91m      
              ~~~~~~~~
~~~~~~~~~~~~~~~~~~~~~~
~~~~~~~~~~~~~~~~~~~~~~
~~~~[0m
[96mclient/src/pages/
MISDashboard.tsx[0m:
[93m57[0m:[93m25[0m
 - 
[91merror[0m[90m 
TS17004: [0mCannot 
use JSX unless the 
'--jsx' flag is 
provided.

[7m57[0m            
             <p 
className="text-sm tex
t-gray-500">Decisions 
(MTD)</p>
[7m  [0m [91m      
                  ~~~~
~~~~~~~~~~~~~~~~~~~~~~
~~~~~~~~~~~[0m
[96mclient/src/pages/
MISDashboard.tsx[0m:
[93m58[0m:[93m25[0m
 - 
[91merror[0m[90m 
TS17004: [0mCannot 
use JSX unless the 
'--jsx' flag is 
provided.

[7m58[0m            
             
<BarChart3 
className="w-5 h-5 
text-blue-500" />
[7m  [0m [91m      
                  ~~~~
~~~~~~~~~~~~~~~~~~~~~~
~~~~~~~~~~~~~~~~~~~~~
[0m
[96mclient/src/pages/
MISDashboard.tsx[0m:
[93m60[0m:[93m21[0m
 - 
[91merror[0m[90m 
TS17004: [0mCannot 
use JSX unless the 
'--jsx' flag is 
provided.

[7m60[0m            
         <p 
className="text-3xl 
font-bold 
text-gray-900">47</p>
[7m  [0m [91m      
              ~~~~~~~~
~~~~~~~~~~~~~~~~~~~~~~
~~~~~~~~~~~~~~~~~~[0m
[96mclient/src/pages/
MISDashboard.tsx[0m:
[93m61[0m:[93m21[0m
 - 
[91merror[0m[90m 
TS17004: [0mCannot 
use JSX unless the 
'--jsx' flag is 
provided.

[7m61[0m            
         <p 
className="text-xs 
text-gray-400 mt-1">Mo
nth-to-date</p>
[7m  [0m [91m      
              ~~~~~~~~
~~~~~~~~~~~~~~~~~~~~~~
~~~~~~~~~~~~[0m
[96mclient/src/pages/
MISDashboard.tsx[0m:
[93m65[0m:[93m13[0m
 - 
[91merror[0m[90m 
TS17004: [0mCannot 
use JSX unless the 
'--jsx' flag is 
provided.

[7m65[0m            
 <div className="grid 
grid-cols-2 gap-6">
[7m  [0m [91m      
      ~~~~~~~~~~~~~~~~
~~~~~~~~~~~~~~~~~~~~~~
~~[0m
[96mclient/src/pages/
MISDashboard.tsx[0m:
[93m66[0m:[93m17[0m
 - 
[91merror[0m[90m 
TS17004: [0mCannot 
use JSX unless the 
'--jsx' flag is 
provided.

[7m66[0m            
     <div 
className="bg-white 
border 
border-gray-200 
rounded-lg p-6">
[7m  [0m [91m      
          ~~~~~~~~~~~~
~~~~~~~~~~~~~~~~~~~~~~
~~~~~~~~~~~~~~~~~~~~~~
~~~~~~~~[0m
[96mclient/src/pages/
MISDashboard.tsx[0m:
[93m67[0m:[93m21[0m
 - 
[91merror[0m[90m 
TS17004: [0mCannot 
use JSX unless the 
'--jsx' flag is 
provided.

[7m67[0m            
         <h3 
className="text-lg 
font-semibold 
mb-4">DoA Breach 
Heatmap</h3>
[7m  [0m [91m      
              ~~~~~~~~
~~~~~~~~~~~~~~~~~~~~~~
~~~~~~~~~~~~~[0m
[96mclient/src/pages/
MISDashboard.tsx[0m:
[93m68[0m:[93m21[0m
 - 
[91merror[0m[90m 
TS17004: [0mCannot 
use JSX unless the 
'--jsx' flag is 
provided.

[7m68[0m            
         <div 
className="space-y-3">
[7m  [0m [91m      
              ~~~~~~~~
~~~~~~~~~~~~~~~~~~~[0
m
[96mclient/src/pages/
MISDashboard.tsx[0m:
[93m69[0m:[93m25[0m
 - 
[91merror[0m[90m 
TS17004: [0mCannot 
use JSX unless the 
'--jsx' flag is 
provided.

[7m69[0m            
             <div 
className="flex 
items-center 
justify-between p-3 
bg-red-50 rounded-lg">
[7m  [0m [91m      
                  ~~~~
~~~~~~~~~~~~~~~~~~~~~~
~~~~~~~~~~~~~~~~~~~~~~
~~~~~~~~~~~~~~~~~~~~~~
~~~~~~[0m
[96mclient/src/pages/
MISDashboard.tsx[0m:
[93m70[0m:[93m29[0m
 - 
[91merror[0m[90m 
TS17004: [0mCannot 
use JSX unless the 
'--jsx' flag is 
provided.

[7m70[0m            
                 <div>
[7m  [0m [91m      
                      
~~~~~[0m
[96mclient/src/pages/
MISDashboard.tsx[0m:
[93m71[0m:[93m33[0m
 - 
[91merror[0m[90m 
TS17004: [0mCannot 
use JSX unless the 
'--jsx' flag is 
provided.

[7m71[0m            
                     
<p className="font-med
ium 
text-gray-900">Credit 
Department</p>
[7m  [0m [91m      
                      
    ~~~~~~~~~~~~~~~~~~
~~~~~~~~~~~~~~~~~~~~~~
~[0m
[96mclient/src/pages/
MISDashboard.tsx[0m:
[93m72[0m:[93m33[0m
 - 
[91merror[0m[90m 
TS17004: [0mCannot 
use JSX unless the 
'--jsx' flag is 
provided.

[7m72[0m            
                     
<p className="text-sm 
text-gray-500">3 
escalations this 
month</p>
[7m  [0m [91m      
                      
    ~~~~~~~~~~~~~~~~~~
~~~~~~~~~~~~~~~~~~~[0
m
[96mclient/src/pages/
MISDashboard.tsx[0m:
[93m74[0m:[93m29[0m
 - 
[91merror[0m[90m 
TS17004: [0mCannot 
use JSX unless the 
'--jsx' flag is 
provided.

[7m74[0m            
                 
<span className="px-3 
py-1 bg-red-100 
text-red-800 text-sm 
font-medium 
rounded">High</span>
[7m  [0m [91m      
                      
~~~~~~~~~~~~~~~~~~~~~~
~~~~~~~~~~~~~~~~~~~~~~
~~~~~~~~~~~~~~~~~~~~~~
~~~~~~~~~~~~~~[0m
[96mclient/src/pages/
MISDashboard.tsx[0m:
[93m76[0m:[93m25[0m
 - 
[91merror[0m[90m 
TS17004: [0mCannot 
use JSX unless the 
'--jsx' flag is 
provided.

[7m76[0m            
             <div 
className="flex 
items-center 
justify-between p-3 
bg-yellow-50 
rounded-lg">
[7m  [0m [91m      
                  ~~~~
~~~~~~~~~~~~~~~~~~~~~~
~~~~~~~~~~~~~~~~~~~~~~
~~~~~~~~~~~~~~~~~~~~~~
~~~~~~~~~[0m
[96mclient/src/pages/
MISDashboard.tsx[0m:
[93m77[0m:[93m29[0m
 - 
[91merror[0m[90m 
TS17004: [0mCannot 
use JSX unless the 
'--jsx' flag is 
provided.

[7m77[0m            
                 <div>
[7m  [0m [91m      
                      
~~~~~[0m
[96mclient/src/pages/
MISDashboard.tsx[0m:
[93m78[0m:[93m33[0m
 - 
[91merror[0m[90m 
TS17004: [0mCannot 
use JSX unless the 
'--jsx' flag is 
provided.

[7m78[0m            
                     
<p className="font-med
ium text-gray-900">IT 
Department</p>
[7m  [0m [91m      
                      
    ~~~~~~~~~~~~~~~~~~
~~~~~~~~~~~~~~~~~~~~~~
~[0m
[96mclient/src/pages/
MISDashboard.tsx[0m:
[93m79[0m:[93m33[0m
 - 
[91merror[0m[90m 
TS17004: [0mCannot 
use JSX unless the 
'--jsx' flag is 
provided.

[7m79[0m            
                     
<p className="text-sm 
text-gray-500">1 
escalation this 
month</p>
[7m  [0m [91m      
                      
    ~~~~~~~~~~~~~~~~~~
~~~~~~~~~~~~~~~~~~~[0
m
[96mclient/src/pages/
MISDashboard.tsx[0m:
[93m81[0m:[93m29[0m
 - 
[91merror[0m[90m 
TS17004: [0mCannot 
use JSX unless the 
'--jsx' flag is 
provided.

[7m81[0m            
                 
<span className="px-3 
py-1 bg-yellow-100 
text-yellow-800 
text-sm font-medium 
rounded">Medium</span>
[7m  [0m [91m      
                      
~~~~~~~~~~~~~~~~~~~~~~
~~~~~~~~~~~~~~~~~~~~~~
~~~~~~~~~~~~~~~~~~~~~~
~~~~~~~~~~~~~~~~~~~~[
0m
[96mclient/src/pages/
MISDashboard.tsx[0m:
[93m83[0m:[93m25[0m
 - 
[91merror[0m[90m 
TS17004: [0mCannot 
use JSX unless the 
'--jsx' flag is 
provided.

[7m83[0m            
             <div 
className="flex 
items-center 
justify-between p-3 
bg-green-50 
rounded-lg">
[7m  [0m [91m      
                  ~~~~
~~~~~~~~~~~~~~~~~~~~~~
~~~~~~~~~~~~~~~~~~~~~~
~~~~~~~~~~~~~~~~~~~~~~
~~~~~~~~[0m
[96mclient/src/pages/
MISDashboard.tsx[0m:
[93m84[0m:[93m29[0m
 - 
[91merror[0m[90m 
TS17004: [0mCannot 
use JSX unless the 
'--jsx' flag is 
provided.

[7m84[0m            
                 <div>
[7m  [0m [91m      
                      
~~~~~[0m
[96mclient/src/pages/
MISDashboard.tsx[0m:
[93m85[0m:[93m33[0m
 - 
[91merror[0m[90m 
TS17004: [0mCannot 
use JSX unless the 
'--jsx' flag is 
provided.

[7m85[0m            
                     
<p className="font-med
ium text-gray-900">HR 
Department</p>
[7m  [0m [91m      
                      
    ~~~~~~~~~~~~~~~~~~
~~~~~~~~~~~~~~~~~~~~~~
~[0m
[96mclient/src/pages/
MISDashboard.tsx[0m:
[93m86[0m:[93m33[0m
 - 
[91merror[0m[90m 
TS17004: [0mCannot 
use JSX unless the 
'--jsx' flag is 
provided.

[7m86[0m            
                     
<p className="text-sm 
text-gray-500">0 
escalations this 
month</p>
[7m  [0m [91m      
                      
    ~~~~~~~~~~~~~~~~~~
~~~~~~~~~~~~~~~~~~~[0
m
[96mclient/src/pages/
MISDashboard.tsx[0m:
[93m88[0m:[93m29[0m
 - 
[91merror[0m[90m 
TS17004: [0mCannot 
use JSX unless the 
'--jsx' flag is 
provided.

[7m88[0m            
                 
<span className="px-3 
py-1 bg-green-100 
text-green-800 
text-sm font-medium 
rounded">Low</span>
[7m  [0m [91m      
                      
~~~~~~~~~~~~~~~~~~~~~~
~~~~~~~~~~~~~~~~~~~~~~
~~~~~~~~~~~~~~~~~~~~~~
~~~~~~~~~~~~~~~~~~[0m
[96mclient/src/pages/
MISDashboard.tsx[0m:
[93m93[0m:[93m17[0m
 - 
[91merror[0m[90m 
TS17004: [0mCannot 
use JSX unless the 
'--jsx' flag is 
provided.

[7m93[0m            
     <div 
className="bg-white 
border 
border-gray-200 
rounded-lg p-6">
[7m  [0m [91m      
          ~~~~~~~~~~~~
~~~~~~~~~~~~~~~~~~~~~~
~~~~~~~~~~~~~~~~~~~~~~
~~~~~~~~[0m
[96mclient/src/pages/
MISDashboard.tsx[0m:
[93m94[0m:[93m21[0m
 - 
[91merror[0m[90m 
TS17004: [0mCannot 
use JSX unless the 
'--jsx' flag is 
provided.

[7m94[0m            
         <h3 
className="text-lg 
font-semibold 
mb-4">Recent 
Activity</h3>
[7m  [0m [91m      
              ~~~~~~~~
~~~~~~~~~~~~~~~~~~~~~~
~~~~~~~~~~~~~[0m
[96mclient/src/pages/
MISDashboard.tsx[0m:
[93m95[0m:[93m21[0m
 - 
[91merror[0m[90m 
TS17004: [0mCannot 
use JSX unless the 
'--jsx' flag is 
provided.

[7m95[0m            
         <div 
className="space-y-3">
[7m  [0m [91m      
              ~~~~~~~~
~~~~~~~~~~~~~~~~~~~[0
m
[96mclient/src/pages/
MISDashboard.tsx[0m:
[93m96[0m:[93m25[0m
 - 
[91merror[0m[90m 
TS17004: [0mCannot 
use JSX unless the 
'--jsx' flag is 
provided.

[7m96[0m            
             <div 
className="flex 
items-start space-x-3 
p-3 border-l-4 
border-green-500 
bg-gray-50 rounded">
[7m  [0m [91m      
                  ~~~~
~~~~~~~~~~~~~~~~~~~~~~
~~~~~~~~~~~~~~~~~~~~~~
~~~~~~~~~~~~~~~~~~~~~~
~~~~~~~~~~~~~~~~~~~~~~
~~~[0m
[96mclient/src/pages/
MISDashboard.tsx[0m:
[93m97[0m:[93m29[0m
 - 
[91merror[0m[90m 
TS17004: [0mCannot 
use JSX unless the 
'--jsx' flag is 
provided.

[7m97[0m            
                 
<CheckCircle 
className="w-5 h-5 
text-green-500 
mt-0.5" />
[7m  [0m [91m      
                      
~~~~~~~~~~~~~~~~~~~~~~
~~~~~~~~~~~~~~~~~~~~~~
~~~~~~~~~~~~~[0m
[96mclient/src/pages/
MISDashboard.tsx[0m:
[93m98[0m:[93m29[0m
 - 
[91merror[0m[90m 
TS17004: [0mCannot 
use JSX unless the 
'--jsx' flag is 
provided.

[7m98[0m            
                 <div>
[7m  [0m [91m      
                      
~~~~~[0m
[96mclient/src/pages/
MISDashboard.tsx[0m:
[93m99[0m:[93m33[0m
 - 
[91merror[0m[90m 
TS17004: [0mCannot 
use JSX unless the 
'--jsx' flag is 
provided.

[7m99[0m            
                     
<p className="text-sm 
font-medium 
text-gray-900">Credit 
Sanction Approved</p>
[7m  [0m [91m      
                      
    ~~~~~~~~~~~~~~~~~~
~~~~~~~~~~~~~~~~~~~~~~
~~~~~~~~~[0m
[96mclient/src/pages/
MISDashboard.tsx[0m:
[93m100[0m:[93m33[0
m - 
[91merror[0m[90m 
TS17004: [0mCannot 
use JSX unless the 
'--jsx' flag is 
provided.

[7m100[0m           
                      
<p className="text-xs 
text-gray-500">DEC-202
6-045 ΓÇó 2 hours 
ago</p>
[7m   [0m [91m     
                      
     ~~~~~~~~~~~~~~~~~
~~~~~~~~~~~~~~~~~~~~[
0m
[96mclient/src/pages/
MISDashboard.tsx[0m:
[93m103[0m:[93m25[0
m - 
[91merror[0m[90m 
TS17004: [0mCannot 
use JSX unless the 
'--jsx' flag is 
provided.

[7m103[0m           
              <div 
className="flex 
items-start space-x-3 
p-3 border-l-4 
border-yellow-500 
bg-gray-50 rounded">
[7m   [0m [91m     
                   ~~~
~~~~~~~~~~~~~~~~~~~~~~
~~~~~~~~~~~~~~~~~~~~~~
~~~~~~~~~~~~~~~~~~~~~~
~~~~~~~~~~~~~~~~~~~~~~
~~~~~[0m
[96mclient/src/pages/
MISDashboard.tsx[0m:
[93m104[0m:[93m29[0
m - 
[91merror[0m[90m 
TS17004: [0mCannot 
use JSX unless the 
'--jsx' flag is 
provided.

[7m104[0m           
                  
<AlertCircle 
className="w-5 h-5 
text-yellow-500 
mt-0.5" />
[7m   [0m [91m     
                      
 ~~~~~~~~~~~~~~~~~~~~~
~~~~~~~~~~~~~~~~~~~~~~
~~~~~~~~~~~~~~~[0m
[96mclient/src/pages/
MISDashboard.tsx[0m:
[93m105[0m:[93m29[0
m - 
[91merror[0m[90m 
TS17004: [0mCannot 
use JSX unless the 
'--jsx' flag is 
provided.

[7m105[0m           
                  
<div>
[7m   [0m [91m     
                      
 ~~~~~[0m
[96mclient/src/pages/
MISDashboard.tsx[0m:
[93m106[0m:[93m33[0
m - 
[91merror[0m[90m 
TS17004: [0mCannot 
use JSX unless the 
'--jsx' flag is 
provided.

[7m106[0m           
                      
<p className="text-sm 
font-medium text-gray-
900">Pending 
Review</p>
[7m   [0m [91m     
                      
     ~~~~~~~~~~~~~~~~~
~~~~~~~~~~~~~~~~~~~~~~
~~~~~~~~~~[0m
[96mclient/src/pages/
MISDashboard.tsx[0m:
[93m107[0m:[93m33[0
m - 
[91merror[0m[90m 
TS17004: [0mCannot 
use JSX unless the 
'--jsx' flag is 
provided.

[7m107[0m           
                      
<p className="text-xs 
text-gray-500">DEC-202
6-046 ΓÇó 5 hours 
ago</p>
[7m   [0m [91m     
                      
     ~~~~~~~~~~~~~~~~~
~~~~~~~~~~~~~~~~~~~~[
0m
[96mclient/src/pages/
MISDashboard.tsx[0m:
[93m110[0m:[93m25[0
m - 
[91merror[0m[90m 
TS17004: [0mCannot 
use JSX unless the 
'--jsx' flag is 
provided.

[7m110[0m           
              <div 
className="flex 
items-start space-x-3 
p-3 border-l-4 
border-red-500 
bg-gray-50 rounded">
[7m   [0m [91m     
                   ~~~
~~~~~~~~~~~~~~~~~~~~~~
~~~~~~~~~~~~~~~~~~~~~~
~~~~~~~~~~~~~~~~~~~~~~
~~~~~~~~~~~~~~~~~~~~~~
~~[0m
[96mclient/src/pages/
MISDashboard.tsx[0m:
[93m111[0m:[93m29[0
m - 
[91merror[0m[90m 
TS17004: [0mCannot 
use JSX unless the 
'--jsx' flag is 
provided.

[7m111[0m           
                  
<TrendingUp 
className="w-5 h-5 
text-red-500 mt-0.5" 
/>
[7m   [0m [91m     
                      
 ~~~~~~~~~~~~~~~~~~~~~
~~~~~~~~~~~~~~~~~~~~~~
~~~~~~~~~~~[0m
[96mclient/src/pages/
MISDashboard.tsx[0m:
[93m112[0m:[93m29[0
m - 
[91merror[0m[90m 
TS17004: [0mCannot 
use JSX unless the 
'--jsx' flag is 
provided.

[7m112[0m           
                  
<div>
[7m   [0m [91m     
                      
 ~~~~~[0m
[96mclient/src/pages/
MISDashboard.tsx[0m:
[93m113[0m:[93m33[0
m - 
[91merror[0m[90m 
TS17004: [0mCannot 
use JSX unless the 
'--jsx' flag is 
provided.

[7m113[0m           
                      
<p className="text-sm 
font-medium text-gray-
900">Escalated to 
GM</p>
[7m   [0m [91m     
                      
     ~~~~~~~~~~~~~~~~~
~~~~~~~~~~~~~~~~~~~~~~
~~~~~~~~~~[0m
[96mclient/src/pages/
MISDashboard.tsx[0m:
[93m114[0m:[93m33[0
m - 
[91merror[0m[90m 
TS17004: [0mCannot 
use JSX unless the 
'--jsx' flag is 
provided.

[7m114[0m           
                      
<p className="text-xs 
text-gray-500">DEC-202
6-044 ΓÇó 1 day 
ago</p>
[7m   [0m [91m     
                      
     ~~~~~~~~~~~~~~~~~
~~~~~~~~~~~~~~~~~~~~[
0m
[96mclient/src/pages/
NegativeParameterMIS.t
sx[0m:[93m2[0m:[93
m39[0m - 
[91merror[0m[90m 
TS2835: [0mRelative 
import paths need 
explicit file 
extensions in 
ECMAScript imports 
when 
'--moduleResolution' 
is 'node16' or 
'nodenext'. Did you 
mean '../components/ui
/ParameterStatusMatrix
.js'?

[7m2[0m import { 
ParameterStatusMatrix 
} from '../components/
ui/ParameterStatusMatr
ix';
[7m [0m [91m       
                      
         ~~~~~~~~~~~~~
~~~~~~~~~~~~~~~~~~~~~~
~~~~~[0m
[96mclient/src/pages/
NegativeParameterMIS.t
sx[0m:[93m3[0m:[93
m42[0m - 
[91merror[0m[90m 
TS2835: [0mRelative 
import paths need 
explicit file 
extensions in 
ECMAScript imports 
when 
'--moduleResolution' 
is 'node16' or 
'nodenext'. Did you 
mean '../lib/parameter
s.js'?

[7m3[0m import type 
{ UnitParameterStatus 
} from 
'../lib/parameters';
[7m [0m [91m       
                      
            ~~~~~~~~~~
~~~~~~~~~[0m
[96mclient/src/pages/
NegativeParameterMIS.t
sx[0m:[93m115[0m:[
93m9[0m - 
[91merror[0m[90m 
TS17004: [0mCannot 
use JSX unless the 
'--jsx' flag is 
provided.

[7m115[0m         
<div 
className="space-y-6">
[7m   [0m [91m     
   ~~~~~~~~~~~~~~~~~~~
~~~~~~~~[0m
[96mclient/src/pages/
NegativeParameterMIS.t
sx[0m:[93m116[0m:[
93m13[0m - 
[91merror[0m[90m 
TS17004: [0mCannot 
use JSX unless the 
'--jsx' flag is 
provided.

[7m116[0m           
  <div>
[7m   [0m [91m     
       ~~~~~[0m
[96mclient/src/pages/
NegativeParameterMIS.t
sx[0m:[93m117[0m:[
93m17[0m - 
[91merror[0m[90m 
TS17004: [0mCannot 
use JSX unless the 
'--jsx' flag is 
provided.

[7m117[0m           
      <h1 
className="text-2xl 
font-bold 
text-iob-blue-dark tra
cking-tight">Negative 
Parameter MIS</h1>
[7m   [0m [91m     
           ~~~~~~~~~~~
~~~~~~~~~~~~~~~~~~~~~~
~~~~~~~~~~~~~~~~~~~~~~
~~~~~~~~~~~~~~[0m
[96mclient/src/pages/
NegativeParameterMIS.t
sx[0m:[93m118[0m:[
93m17[0m - 
[91merror[0m[90m 
TS17004: [0mCannot 
use JSX unless the 
'--jsx' flag is 
provided.

[7m118[0m           
      <p 
className="text-sm 
text-gray-500 mt-1">
[7m   [0m [91m     
           ~~~~~~~~~~~
~~~~~~~~~~~~~~~~~~~~~~
~~~~~~~~~[0m
[96mclient/src/pages/
NegativeParameterMIS.t
sx[0m:[93m124[0m:[
93m13[0m - 
[91merror[0m[90m 
TS17004: [0mCannot 
use JSX unless the 
'--jsx' flag is 
provided.

[7m124[0m           
  <div 
className="grid 
grid-cols-3 gap-4">
[7m   [0m [91m     
       ~~~~~~~~~~~~~~~
~~~~~~~~~~~~~~~~~~~~~~
~~~[0m
[96mclient/src/pages/
NegativeParameterMIS.t
sx[0m:[93m125[0m:[
93m17[0m - 
[91merror[0m[90m 
TS17004: [0mCannot 
use JSX unless the 
'--jsx' flag is 
provided.

[7m125[0m           
      <div 
className="iob-card 
bg-red-50 border-l-4 
border-red-500">
[7m   [0m [91m     
           ~~~~~~~~~~~
~~~~~~~~~~~~~~~~~~~~~~
~~~~~~~~~~~~~~~~~~~~~~
~~~~~~~[0m
[96mclient/src/pages/
NegativeParameterMIS.t
sx[0m:[93m126[0m:[
93m21[0m - 
[91merror[0m[90m 
TS17004: [0mCannot 
use JSX unless the 
'--jsx' flag is 
provided.

[7m126[0m           
          <div 
className="flex 
items-center">
[7m   [0m [91m     
               ~~~~~~~
~~~~~~~~~~~~~~~~~~~~~~
~~~~~~[0m
[96mclient/src/pages/
NegativeParameterMIS.t
sx[0m:[93m127[0m:[
93m25[0m - 
[91merror[0m[90m 
TS17004: [0mCannot 
use JSX unless the 
'--jsx' flag is 
provided.

[7m127[0m           
              
<AlertTriangle 
className="w-5 h-5 
text-red-500 mr-3" />
[7m   [0m [91m     
                   ~~~
~~~~~~~~~~~~~~~~~~~~~~
~~~~~~~~~~~~~~~~~~~~~~
~~~~~~~~[0m
[96mclient/src/pages/
NegativeParameterMIS.t
sx[0m:[93m128[0m:[
93m25[0m - 
[91merror[0m[90m 
TS17004: [0mCannot 
use JSX unless the 
'--jsx' flag is 
provided.

[7m128[0m           
              <div>
[7m   [0m [91m     
                   
~~~~~[0m
[96mclient/src/pages/
NegativeParameterMIS.t
sx[0m:[93m129[0m:[
93m29[0m - 
[91merror[0m[90m 
TS17004: [0mCannot 
use JSX unless the 
'--jsx' flag is 
provided.

[7m129[0m           
                  <p 
className="text-sm 
font-medium 
text-red-800">NEG 
Units</p>
[7m   [0m [91m     
                      
 ~~~~~~~~~~~~~~~~~~~~~
~~~~~~~~~~~~~~~~~~~~~~
~~~~~[0m
[96mclient/src/pages/
NegativeParameterMIS.t
sx[0m:[93m130[0m:[
93m29[0m - 
[91merror[0m[90m 
TS17004: [0mCannot 
use JSX unless the 
'--jsx' flag is 
provided.

[7m130[0m           
                  <p 
className="text-2xl 
font-bold 
text-red-900 mt-1">{ne
gUnits.length}</p>
[7m   [0m [91m     
                      
 ~~~~~~~~~~~~~~~~~~~~~
~~~~~~~~~~~~~~~~~~~~~~
~~~~~~~~~[0m
[96mclient/src/pages/
NegativeParameterMIS.t
sx[0m:[93m131[0m:[
93m29[0m - 
[91merror[0m[90m 
TS17004: [0mCannot 
use JSX unless the 
'--jsx' flag is 
provided.

[7m131[0m           
                  <p 
className="text-xs 
text-red-600 mt-1">
[7m   [0m [91m     
                      
 ~~~~~~~~~~~~~~~~~~~~~
~~~~~~~~~~~~~~~~~~~~[
0m
[96mclient/src/pages/
NegativeParameterMIS.t
sx[0m:[93m138[0m:[
93m17[0m - 
[91merror[0m[90m 
TS17004: [0mCannot 
use JSX unless the 
'--jsx' flag is 
provided.

[7m138[0m           
      <div 
className="iob-card 
bg-yellow-50 
border-l-4 
border-yellow-500">
[7m   [0m [91m     
           ~~~~~~~~~~~
~~~~~~~~~~~~~~~~~~~~~~
~~~~~~~~~~~~~~~~~~~~~~
~~~~~~~~~~~~~[0m
[96mclient/src/pages/
NegativeParameterMIS.t
sx[0m:[93m139[0m:[
93m21[0m - 
[91merror[0m[90m 
TS17004: [0mCannot 
use JSX unless the 
'--jsx' flag is 
provided.

[7m139[0m           
          <div 
className="flex 
items-center">
[7m   [0m [91m     
               ~~~~~~~
~~~~~~~~~~~~~~~~~~~~~~
~~~~~~[0m
[96mclient/src/pages/
NegativeParameterMIS.t
sx[0m:[93m140[0m:[
93m25[0m - 
[91merror[0m[90m 
TS17004: [0mCannot 
use JSX unless the 
'--jsx' flag is 
provided.

[7m140[0m           
              
<TrendingDown 
className="w-5 h-5 
text-yellow-500 mr-3" 
/>
[7m   [0m [91m     
                   ~~~
~~~~~~~~~~~~~~~~~~~~~~
~~~~~~~~~~~~~~~~~~~~~~
~~~~~~~~~~[0m
[96mclient/src/pages/
NegativeParameterMIS.t
sx[0m:[93m141[0m:[
93m25[0m - 
[91merror[0m[90m 
TS17004: [0mCannot 
use JSX unless the 
'--jsx' flag is 
provided.

[7m141[0m           
              <div>
[7m   [0m [91m     
                   
~~~~~[0m
[96mclient/src/pages/
NegativeParameterMIS.t
sx[0m:[93m142[0m:[
93m29[0m - 
[91merror[0m[90m 
TS17004: [0mCannot 
use JSX unless the 
'--jsx' flag is 
provided.

[7m142[0m           
                  <p 
className="text-sm 
font-medium text-yello
w-800">Critical 
Negatives</p>
[7m   [0m [91m     
                      
 ~~~~~~~~~~~~~~~~~~~~~
~~~~~~~~~~~~~~~~~~~~~~
~~~~~~~~[0m
[96mclient/src/pages/
NegativeParameterMIS.t
sx[0m:[93m143[0m:[
93m29[0m - 
[91merror[0m[90m 
TS17004: [0mCannot 
use JSX unless the 
'--jsx' flag is 
provided.

[7m143[0m           
                  <p 
className="text-2xl 
font-bold 
text-yellow-900 mt-1">
{criticalUnits.length}
</p>
[7m   [0m [91m     
                      
 ~~~~~~~~~~~~~~~~~~~~~
~~~~~~~~~~~~~~~~~~~~~~
~~~~~~~~~~~~[0m
[96mclient/src/pages/
NegativeParameterMIS.t
sx[0m:[93m144[0m:[
93m29[0m - 
[91merror[0m[90m 
TS17004: [0mCannot 
use JSX unless the 
'--jsx' flag is 
provided.

[7m144[0m           
                  <p 
className="text-xs 
text-yellow-600 mt-1">
[7m   [0m [91m     
                      
 ~~~~~~~~~~~~~~~~~~~~~
~~~~~~~~~~~~~~~~~~~~~~
~[0m
[96mclient/src/pages/
NegativeParameterMIS.t
sx[0m:[93m151[0m:[
93m17[0m - 
[91merror[0m[90m 
TS17004: [0mCannot 
use JSX unless the 
'--jsx' flag is 
provided.

[7m151[0m           
      <div 
className="iob-card 
border-l-4" style={{ 
borderLeftColor: 
'var(--iob-blue)' }}>
[7m   [0m [91m     
           ~~~~~~~~~~~
~~~~~~~~~~~~~~~~~~~~~~
~~~~~~~~~~~~~~~~~~~~~~
~~~~~~~~~~~~~~~~~~~~~~
~~~~~~~[0m
[96mclient/src/pages/
NegativeParameterMIS.t
sx[0m:[93m152[0m:[
93m21[0m - 
[91merror[0m[90m 
TS17004: [0mCannot 
use JSX unless the 
'--jsx' flag is 
provided.

[7m152[0m           
          <div 
className="flex 
items-center">
[7m   [0m [91m     
               ~~~~~~~
~~~~~~~~~~~~~~~~~~~~~~
~~~~~~[0m
[96mclient/src/pages/
NegativeParameterMIS.t
sx[0m:[93m153[0m:[
93m25[0m - 
[91merror[0m[90m 
TS17004: [0mCannot 
use JSX unless the 
'--jsx' flag is 
provided.

[7m153[0m           
              <div 
className="w-10 h-10 
rounded-full flex 
items-center 
justify-center mr-3"
[7m   [0m [91m     
                   ~~~
~~~~~~~~~~~~~~~~~~~~~~
~~~~~~~~~~~~~~~~~~~~~~
~~~~~~~~~~~~~~~~~~~~~~
~~~~~~~~[0m
[7m154[0m           
                  
style={{ background: '
var(--grad-emphasis)' 
}}>
[7m   [0m [91m~~~~~
~~~~~~~~~~~~~~~~~~~~~~
~~~~~~~~~~~~~~~~~~~~~~
~~~~~~~~~~~~~~~~~~~~~~
~~~~[0m
[96mclient/src/pages/
NegativeParameterMIS.t
sx[0m:[93m155[0m:[
93m29[0m - 
[91merror[0m[90m 
TS17004: [0mCannot 
use JSX unless the 
'--jsx' flag is 
provided.

[7m155[0m           
                  
<span 
className="text-white 
font-bold text-lg">{un
its.length}</span>
[7m   [0m [91m     
                      
 ~~~~~~~~~~~~~~~~~~~~~
~~~~~~~~~~~~~~~~~~~~~~
~~~~[0m
[96mclient/src/pages/
NegativeParameterMIS.t
sx[0m:[93m157[0m:[
93m25[0m - 
[91merror[0m[90m 
TS17004: [0mCannot 
use JSX unless the 
'--jsx' flag is 
provided.

[7m157[0m           
              <div>
[7m   [0m [91m     
                   
~~~~~[0m
[96mclient/src/pages/
NegativeParameterMIS.t
sx[0m:[93m158[0m:[
93m29[0m - 
[91merror[0m[90m 
TS17004: [0mCannot 
use JSX unless the 
'--jsx' flag is 
provided.

[7m158[0m           
                  <p 
className="text-sm 
font-medium text-iob-b
lue-dark">Total 
Units</p>
[7m   [0m [91m     
                      
 ~~~~~~~~~~~~~~~~~~~~~
~~~~~~~~~~~~~~~~~~~~~~
~~~~~~~~~~~[0m
[96mclient/src/pages/
NegativeParameterMIS.t
sx[0m:[93m159[0m:[
93m29[0m - 
[91merror[0m[90m 
TS17004: [0mCannot 
use JSX unless the 
'--jsx' flag is 
provided.

[7m159[0m           
                  <p 
className="text-xs 
text-gray-600 mt-1">
[7m   [0m [91m     
                      
 ~~~~~~~~~~~~~~~~~~~~~
~~~~~~~~~~~~~~~~~~~~~
[0m
[96mclient/src/pages/
NegativeParameterMIS.t
sx[0m:[93m168[0m:[
93m13[0m - 
[91merror[0m[90m 
TS17004: [0mCannot 
use JSX unless the 
'--jsx' flag is 
provided.

[7m168[0m           
  <div 
className="iob-card 
text-white" style={{ 
background: 
'var(--grad-primary)' 
}}>
[7m   [0m [91m     
       ~~~~~~~~~~~~~~~
~~~~~~~~~~~~~~~~~~~~~~
~~~~~~~~~~~~~~~~~~~~~~
~~~~~~~~~~~~~~~~~~~~~~
~~[0m
[96mclient/src/pages/
NegativeParameterMIS.t
sx[0m:[93m169[0m:[
93m17[0m - 
[91merror[0m[90m 
TS17004: [0mCannot 
use JSX unless the 
'--jsx' flag is 
provided.

[7m169[0m           
      <h3 
className="text-lg 
font-bold mb-2">≡ƒöÆ 
FROZEN PRINCIPLE</h3>
[7m   [0m [91m     
           ~~~~~~~~~~~
~~~~~~~~~~~~~~~~~~~~~~
~~~~~~[0m
[96mclient/src/pages/
NegativeParameterMIS.t
sx[0m:[93m170[0m:[
93m17[0m - 
[91merror[0m[90m 
TS17004: [0mCannot 
use JSX unless the 
'--jsx' flag is 
provided.

[7m170[0m           
      <p 
className="text-sm 
text-white/90 mb-4">
[7m   [0m [91m     
           ~~~~~~~~~~~
~~~~~~~~~~~~~~~~~~~~~~
~~~~~~~~~[0m
[96mclient/src/pages/
NegativeParameterMIS.t
sx[0m:[93m172[0m:[
93m21[0m - 
[91merror[0m[90m 
TS17004: [0mCannot 
use JSX unless the 
'--jsx' flag is 
provided.

[7m172[0m           
          <br />
[7m   [0m [91m     
               
~~~~~~[0m
[96mclient/src/pages/
NegativeParameterMIS.t
sx[0m:[93m173[0m:[
93m21[0m - 
[91merror[0m[90m 
TS17004: [0mCannot 
use JSX unless the 
'--jsx' flag is 
provided.

[7m173[0m           
          <strong>A 
unit is never "normal 
by default".</strong> 
It is explicitly 
positive, neutral, or 
negative on each 
parameter.
[7m   [0m [91m     
               
~~~~~~~~[0m
[96mclient/src/pages/
NegativeParameterMIS.t
sx[0m:[93m175[0m:[
93m17[0m - 
[91merror[0m[90m 
TS17004: [0mCannot 
use JSX unless the 
'--jsx' flag is 
provided.

[7m175[0m           
      <div 
className="grid 
grid-cols-2 gap-4 
text-xs">
[7m   [0m [91m     
           ~~~~~~~~~~~
~~~~~~~~~~~~~~~~~~~~~~
~~~~~~~~~~~~~~~[0m
[96mclient/src/pages/
NegativeParameterMIS.t
sx[0m:[93m176[0m:[
93m21[0m - 
[91merror[0m[90m 
TS17004: [0mCannot 
use JSX unless the 
'--jsx' flag is 
provided.

[7m176[0m           
          <div>
[7m   [0m [91m     
               
~~~~~[0m
[96mclient/src/pages/
NegativeParameterMIS.t
sx[0m:[93m177[0m:[
93m25[0m - 
[91merror[0m[90m 
TS17004: [0mCannot 
use JSX unless the 
'--jsx' flag is 
provided.

[7m177[0m           
              <p class
Name="font-semibold 
mb-1">Coverage:</p>
[7m   [0m [91m     
                   ~~~
~~~~~~~~~~~~~~~~~~~~~~
~~~~~~~~~[0m
[96mclient/src/pages/
NegativeParameterMIS.t
sx[0m:[93m178[0m:[
93m25[0m - 
[91merror[0m[90m 
TS17004: [0mCannot 
use JSX unless the 
'--jsx' flag is 
provided.

[7m178[0m           
              <ul 
className="list-disc 
list-inside 
text-white/80 
space-y-1">
[7m   [0m [91m     
                   ~~~
~~~~~~~~~~~~~~~~~~~~~~
~~~~~~~~~~~~~~~~~~~~~~
~~~~~~~~~~~~~~~[0m
[96mclient/src/pages/
NegativeParameterMIS.t
sx[0m:[93m179[0m:[
93m29[0m - 
[91merror[0m[90m 
TS17004: [0mCannot 
use JSX unless the 
'--jsx' flag is 
provided.

[7m179[0m           
                  
<li>Bank (CO)</li>
[7m   [0m [91m     
                      
 ~~~~[0m
[96mclient/src/pages/
NegativeParameterMIS.t
sx[0m:[93m180[0m:[
93m29[0m - 
[91merror[0m[90m 
TS17004: [0mCannot 
use JSX unless the 
'--jsx' flag is 
provided.

[7m180[0m           
                  
<li>Zone / Circle</li>
[7m   [0m [91m     
                      
 ~~~~[0m
[96mclient/src/pages/
NegativeParameterMIS.t
sx[0m:[93m181[0m:[
93m29[0m - 
[91merror[0m[90m 
TS17004: [0mCannot 
use JSX unless the 
'--jsx' flag is 
provided.

[7m181[0m           
                  
<li>Region</li>
[7m   [0m [91m     
                      
 ~~~~[0m
[96mclient/src/pages/
NegativeParameterMIS.t
sx[0m:[93m182[0m:[
93m29[0m - 
[91merror[0m[90m 
TS17004: [0mCannot 
use JSX unless the 
'--jsx' flag is 
provided.

[7m182[0m           
                  
<li>Branch</li>
[7m   [0m [91m     
                      
 ~~~~[0m
[96mclient/src/pages/
NegativeParameterMIS.t
sx[0m:[93m185[0m:[
93m21[0m - 
[91merror[0m[90m 
TS17004: [0mCannot 
use JSX unless the 
'--jsx' flag is 
provided.

[7m185[0m           
          <div>
[7m   [0m [91m     
               
~~~~~[0m
[96mclient/src/pages/
NegativeParameterMIS.t
sx[0m:[93m186[0m:[
93m25[0m - 
[91merror[0m[90m 
TS17004: [0mCannot 
use JSX unless the 
'--jsx' flag is 
provided.

[7m186[0m           
              <p class
Name="font-semibold 
mb-1">Frozen 
Parameters:</p>
[7m   [0m [91m     
                   ~~~
~~~~~~~~~~~~~~~~~~~~~~
~~~~~~~~~[0m
[96mclient/src/pages/
NegativeParameterMIS.t
sx[0m:[93m187[0m:[
93m25[0m - 
[91merror[0m[90m 
TS17004: [0mCannot 
use JSX unless the 
'--jsx' flag is 
provided.

[7m187[0m           
              <ul 
className="list-disc 
list-inside 
text-white/80 
space-y-1">
[7m   [0m [91m     
                   ~~~
~~~~~~~~~~~~~~~~~~~~~~
~~~~~~~~~~~~~~~~~~~~~~
~~~~~~~~~~~~~~~[0m
[96mclient/src/pages/
NegativeParameterMIS.t
sx[0m:[93m188[0m:[
93m29[0m - 
[91merror[0m[90m 
TS17004: [0mCannot 
use JSX unless the 
'--jsx' flag is 
provided.

[7m188[0m           
                  
<li>Business 
Growth</li>
[7m   [0m [91m     
                      
 ~~~~[0m
[96mclient/src/pages/
NegativeParameterMIS.t
sx[0m:[93m189[0m:[
93m29[0m - 
[91merror[0m[90m 
TS17004: [0mCannot 
use JSX unless the 
'--jsx' flag is 
provided.

[7m189[0m           
                  
<li>Deposit 
Growth</li>
[7m   [0m [91m     
                      
 ~~~~[0m
[96mclient/src/pages/
NegativeParameterMIS.t
sx[0m:[93m190[0m:[
93m29[0m - 
[91merror[0m[90m 
TS17004: [0mCannot 
use JSX unless the 
'--jsx' flag is 
provided.

[7m190[0m           
                  
<li>Advance 
Growth</li>
[7m   [0m [91m     
                      
 ~~~~[0m
[96mclient/src/pages/
NegativeParameterMIS.t
sx[0m:[93m191[0m:[
93m29[0m - 
[91merror[0m[90m 
TS17004: [0mCannot 
use JSX unless the 
'--jsx' flag is 
provided.

[7m191[0m           
                  
<li>CASA Growth</li>
[7m   [0m [91m     
                      
 ~~~~[0m
[96mclient/src/pages/
NegativeParameterMIS.t
sx[0m:[93m192[0m:[
93m29[0m - 
[91merror[0m[90m 
TS17004: [0mCannot 
use JSX unless the 
'--jsx' flag is 
provided.

[7m192[0m           
                  
<li>Profit / 
Contribution</li>
[7m   [0m [91m     
                      
 ~~~~[0m
[96mclient/src/pages/
NegativeParameterMIS.t
sx[0m:[93m193[0m:[
93m29[0m - 
[91merror[0m[90m 
TS17004: [0mCannot 
use JSX unless the 
'--jsx' flag is 
provided.

[7m193[0m           
                  
<li>Recovery 
Performance</li>
[7m   [0m [91m     
                      
 ~~~~[0m
[96mclient/src/pages/
NegativeParameterMIS.t
sx[0m:[93m194[0m:[
93m29[0m - 
[91merror[0m[90m 
TS17004: [0mCannot 
use JSX unless the 
'--jsx' flag is 
provided.

[7m194[0m           
                  
<li>Asset Quality 
(NPA/SMA)</li>
[7m   [0m [91m     
                      
 ~~~~[0m
[96mclient/src/pages/
NegativeParameterMIS.t
sx[0m:[93m195[0m:[
93m29[0m - 
[91merror[0m[90m 
TS17004: [0mCannot 
use JSX unless the 
'--jsx' flag is 
provided.

[7m195[0m           
                  
<li>Cost 
Discipline</li>
[7m   [0m [91m     
                      
 ~~~~[0m
[96mclient/src/pages/
NegativeParameterMIS.t
sx[0m:[93m196[0m:[
93m29[0m - 
[91merror[0m[90m 
TS17004: [0mCannot 
use JSX unless the 
'--jsx' flag is 
provided.

[7m196[0m           
                  
<li>Data Quality 
Index (DQI)</li>
[7m   [0m [91m     
                      
 ~~~~[0m
[96mclient/src/pages/
NegativeParameterMIS.t
sx[0m:[93m203[0m:[
93m13[0m - 
[91merror[0m[90m 
TS17004: [0mCannot 
use JSX unless the 
'--jsx' flag is 
provided.

[7m203[0m           
  <ParameterStatusMatr
ix units={units} showN
egativeCount={true} />
[7m   [0m [91m     
       ~~~~~~~~~~~~~~~
~~~~~~~~~~~~~~~~~~~~~~
~~~~~~~~~~~~~~~~~~~~~~
~~~~~[0m
[96mclient/src/pages/
NegativeParameterMIS.t
sx[0m:[93m207[0m:[
93m17[0m - 
[91merror[0m[90m 
TS17004: [0mCannot 
use JSX unless the 
'--jsx' flag is 
provided.

[7m207[0m           
      <div 
className="iob-card 
border-2 
border-red-500">
[7m   [0m [91m     
           ~~~~~~~~~~~
~~~~~~~~~~~~~~~~~~~~~~
~~~~~~~~~~~~~~~~~[0m
[96mclient/src/pages/
NegativeParameterMIS.t
sx[0m:[93m208[0m:[
93m21[0m - 
[91merror[0m[90m 
TS17004: [0mCannot 
use JSX unless the 
'--jsx' flag is 
provided.

[7m208[0m           
          <h3 
className="text-lg 
font-semibold 
text-red-900 mb-4 
flex items-center">
[7m   [0m [91m     
               ~~~~~~~
~~~~~~~~~~~~~~~~~~~~~~
~~~~~~~~~~~~~~~~~~~~~~
~~~~~~~~~~~~~~~~~~~~~~
~[0m
[96mclient/src/pages/
NegativeParameterMIS.t
sx[0m:[93m209[0m:[
93m25[0m - 
[91merror[0m[90m 
TS17004: [0mCannot 
use JSX unless the 
'--jsx' flag is 
provided.

[7m209[0m           
              
<AlertTriangle 
className="w-5 h-5 
mr-2" />
[7m   [0m [91m     
                   ~~~
~~~~~~~~~~~~~~~~~~~~~~
~~~~~~~~~~~~~~~~~[0m
[96mclient/src/pages/
NegativeParameterMIS.t
sx[0m:[93m212[0m:[
93m21[0m - 
[91merror[0m[90m 
TS17004: [0mCannot 
use JSX unless the 
'--jsx' flag is 
provided.

[7m212[0m           
          <div 
className="space-y-3">
[7m   [0m [91m     
               ~~~~~~~
~~~~~~~~~~~~~~~~~~~~[
0m
[96mclient/src/pages/
NegativeParameterMIS.t
sx[0m:[93m214[0m:[
93m29[0m - 
[91merror[0m[90m 
TS17004: [0mCannot 
use JSX unless the 
'--jsx' flag is 
provided.

[7m214[0m           
                  
<div 
key={unit.unitId} 
className="bg-red-50 
border border-red-200 
rounded-lg p-4">
[7m   [0m [91m     
                      
 ~~~~~~~~~~~~~~~~~~~~~
~~~~~~~~~~~~~~~~~~~~~~
~~~~~~~~~~~~~~~~~~~~~~
~~~~~~~~~~~~~~~~~[0m
[96mclient/src/pages/
NegativeParameterMIS.t
sx[0m:[93m215[0m:[
93m33[0m - 
[91merror[0m[90m 
TS17004: [0mCannot 
use JSX unless the 
'--jsx' flag is 
provided.

[7m215[0m           
                      
<div className="flex 
items-center 
justify-between mb-2">
[7m   [0m [91m     
                      
     ~~~~~~~~~~~~~~~~~
~~~~~~~~~~~~~~~~~~~~~~
~~~~~~~~~~~~~~~~~[0m
[96mclient/src/pages/
NegativeParameterMIS.t
sx[0m:[93m216[0m:[
93m37[0m - 
[91merror[0m[90m 
TS17004: [0mCannot 
use JSX unless the 
'--jsx' flag is 
provided.

[7m216[0m           
                      
    <div>
[7m   [0m [91m     
                      
         ~~~~~[0m
[96mclient/src/pages/
NegativeParameterMIS.t
sx[0m:[93m217[0m:[
93m41[0m - 
[91merror[0m[90m 
TS17004: [0mCannot 
use JSX unless the 
'--jsx' flag is 
provided.

[7m217[0m           
                      
        <p className="
font-semibold text-gra
y-900">{unit.unitName}
</p>
[7m   [0m [91m     
                      
             ~~~~~~~~~
~~~~~~~~~~~~~~~~~~~~~~
~~~~~~~~~~~~[0m
[96mclient/src/pages/
NegativeParameterMIS.t
sx[0m:[93m218[0m:[
93m41[0m - 
[91merror[0m[90m 
TS17004: [0mCannot 
use JSX unless the 
'--jsx' flag is 
provided.

[7m218[0m           
                      
        <p 
className="text-xs tex
t-gray-500">{unit.unit
Type}</p>
[7m   [0m [91m     
                      
             ~~~~~~~~~
~~~~~~~~~~~~~~~~~~~~~~
~~~~~~[0m
[96mclient/src/pages/
NegativeParameterMIS.t
sx[0m:[93m220[0m:[
93m37[0m - 
[91merror[0m[90m 
TS17004: [0mCannot 
use JSX unless the 
'--jsx' flag is 
provided.

[7m220[0m           
                      
    <div className="te
xt-right">
[7m   [0m [91m     
                      
         ~~~~~~~~~~~~~
~~~~~~~~~~~~~~~[0m
[96mclient/src/pages/
NegativeParameterMIS.t
sx[0m:[93m221[0m:[
93m41[0m - 
[91merror[0m[90m 
TS17004: [0mCannot 
use JSX unless the 
'--jsx' flag is 
provided.

[7m221[0m           
                      
        <p 
className="text-sm 
text-red-600 
font-bold">
[7m   [0m [91m     
                      
             ~~~~~~~~~
~~~~~~~~~~~~~~~~~~~~~~
~~~~~~~~~~~~~~~[0m
[96mclient/src/pages/
NegativeParameterMIS.t
sx[0m:[93m225[0m:[
93m45[0m - 
[91merror[0m[90m 
TS17004: [0mCannot 
use JSX unless the 
'--jsx' flag is 
provided.

[7m225[0m           
                      
            <p 
className="text-xs 
text-red-500">
[7m   [0m [91m     
                      
                 ~~~~~
~~~~~~~~~~~~~~~~~~~~~~
~~~~~~~~~[0m
[96mclient/src/pages/
NegativeParameterMIS.t
sx[0m:[93m231[0m:[
93m33[0m - 
[91merror[0m[90m 
TS17004: [0mCannot 
use JSX unless the 
'--jsx' flag is 
provided.

[7m231[0m           
                      
<div className="flex 
flex-wrap gap-2 mt-3">
[7m   [0m [91m     
                      
     ~~~~~~~~~~~~~~~~~
~~~~~~~~~~~~~~~~~~~~~~
~~~~[0m
[96mclient/src/pages/
NegativeParameterMIS.t
sx[0m:[93m235[0m:[
93m45[0m - 
[91merror[0m[90m 
TS17004: [0mCannot 
use JSX unless the 
'--jsx' flag is 
provided.

[7m235[0m           
                      
            <span
[7m   [0m [91m     
                      
                 
~~~~~[0m
[7m236[0m           
                      
                
key={param}
[7m   [0m [91m~~~~~
~~~~~~~~~~~~~~~~~~~~~~
~~~~~~~~~~~~~~~~~~~~~~
~~~~~~~~~~[0m
[7m237[0m           
                      
                
className="px-2 py-1 
bg-red-100 
text-red-700 text-xs 
font-medium rounded"
[7m   [0m [91m~~~~~
~~~~~~~~~~~~~~~~~~~~~~
~~~~~~~~~~~~~~~~~~~~~~
~~~~~~~~~~~~~~~~~~~~~~
~~~~~~~~~~~~~~~~~~~~~~
~~~~~~~~~~~~~~~~~~~~~~
~~~~~~[0m
[7m238[0m           
                      
            >
[7m   [0m [91m~~~~~
~~~~~~~~~~~~~~~~~~~~~~
~~~~~~~~~~~~~~~~~~[0m
[96mclient/src/pages/
NegativeParameterMIS.t
sx[0m:[93m250[0m:[
93m13[0m - 
[91merror[0m[90m 
TS17004: [0mCannot 
use JSX unless the 
'--jsx' flag is 
provided.

[7m250[0m           
  <div 
className="iob-card 
border-l-4" style={{ 
borderLeftColor: 
'var(--iob-blue)', 
background: 
'var(--grad-card)' }}>
[7m   [0m [91m     
       ~~~~~~~~~~~~~~~
~~~~~~~~~~~~~~~~~~~~~~
~~~~~~~~~~~~~~~~~~~~~~
~~~~~~~~~~~~~~~~~~~~~~
~~~~~~~~~~~~~~~~~~~~~~
~~~~~~~~~~~~~[0m
[96mclient/src/pages/
NegativeParameterMIS.t
sx[0m:[93m251[0m:[
93m17[0m - 
[91merror[0m[90m 
TS17004: [0mCannot 
use JSX unless the 
'--jsx' flag is 
provided.

[7m251[0m           
      <p className="fo
nt-semibold 
text-iob-blue-dark 
mb-2">Why This Is Mana
gement-Correct:</p>
[7m   [0m [91m     
           ~~~~~~~~~~~
~~~~~~~~~~~~~~~~~~~~~~
~~~~~~~~~~~~~~~~~~~~[
0m
[96mclient/src/pages/
NegativeParameterMIS.t
sx[0m:[93m252[0m:[
93m17[0m - 
[91merror[0m[90m 
TS17004: [0mCannot 
use JSX unless the 
'--jsx' flag is 
provided.

[7m252[0m           
      <ul 
className="list-disc 
list-inside 
text-gray-700 
space-y-1 text-sm">
[7m   [0m [91m     
           ~~~~~~~~~~~
~~~~~~~~~~~~~~~~~~~~~~
~~~~~~~~~~~~~~~~~~~~~~
~~~~~~~~~~~~~~~[0m
[96mclient/src/pages/
NegativeParameterMIS.t
sx[0m:[93m253[0m:[
93m21[0m - 
[91merror[0m[90m 
TS17004: [0mCannot 
use JSX unless the 
'--jsx' flag is 
provided.

[7m253[0m           
          
<li>Eliminates false 
comfort from 
aggregates</li>
[7m   [0m [91m     
               
~~~~[0m
[96mclient/src/pages/
NegativeParameterMIS.t
sx[0m:[93m254[0m:[
93m21[0m - 
[91merror[0m[90m 
TS17004: [0mCannot 
use JSX unless the 
'--jsx' flag is 
provided.

[7m254[0m           
          <li>Enables 
early 
intervention</li>
[7m   [0m [91m     
               
~~~~[0m
[96mclient/src/pages/
NegativeParameterMIS.t
sx[0m:[93m255[0m:[
93m21[0m - 
[91merror[0m[90m 
TS17004: [0mCannot 
use JSX unless the 
'--jsx' flag is 
provided.

[7m255[0m           
          
<li>Prevents "NEG 
report shock" at 
month-end</li>
[7m   [0m [91m     
               
~~~~[0m
[96mclient/src/pages/
NegativeParameterMIS.t
sx[0m:[93m256[0m:[
93m21[0m - 
[91merror[0m[90m 
TS17004: [0mCannot 
use JSX unless the 
'--jsx' flag is 
provided.

[7m256[0m           
          <li>Forces 
parameter 
ownership</li>
[7m   [0m [91m     
               
~~~~[0m
[96mclient/src/pages/
NegativeParameterMIS.t
sx[0m:[93m257[0m:[
93m21[0m - 
[91merror[0m[90m 
TS17004: [0mCannot 
use JSX unless the 
'--jsx' flag is 
provided.

[7m257[0m           
          <li>Fully 
automation-ready</li>
[7m   [0m [91m     
               
~~~~[0m
[96mclient/src/pages/
ParameterMapping.tsx[
0m:[93m9[0m:[93m8[
0m - 
[91merror[0m[90m 
TS2835: [0mRelative 
import paths need 
explicit file 
extensions in 
ECMAScript imports 
when 
'--moduleResolution' 
is 'node16' or 
'nodenext'. Did you 
mean '../lib/parameter
-classification.js'?

[7m9[0m } from '../l
ib/parameter-classific
ation';
[7m [0m [91m       
~~~~~~~~~~~~~~~~~~~~~~
~~~~~~~~~~~[0m
[96mclient/src/pages/
ParameterMapping.tsx[
0m:[93m16[0m:[93m9
[0m - 
[91merror[0m[90m 
TS17004: [0mCannot 
use JSX unless the 
'--jsx' flag is 
provided.

[7m16[0m         
<div 
className="space-y-6">
[7m  [0m [91m      
  ~~~~~~~~~~~~~~~~~~~~
~~~~~~~[0m
[96mclient/src/pages/
ParameterMapping.tsx[
0m:[93m17[0m:[93m13
[0m - 
[91merror[0m[90m 
TS17004: [0mCannot 
use JSX unless the 
'--jsx' flag is 
provided.

[7m17[0m            
 <div>
[7m  [0m [91m      
      ~~~~~[0m
[96mclient/src/pages/
ParameterMapping.tsx[
0m:[93m18[0m:[93m17
[0m - 
[91merror[0m[90m 
TS17004: [0mCannot 
use JSX unless the 
'--jsx' flag is 
provided.

[7m18[0m            
     <h1 
className="text-2xl 
font-bold 
text-gray-900 
tracking-tight">MIS 
Parameter 
Classification</h1>
[7m  [0m [91m      
          ~~~~~~~~~~~~
~~~~~~~~~~~~~~~~~~~~~~
~~~~~~~~~~~~~~~~~~~~~~
~~~~~~~~[0m
[96mclient/src/pages/
ParameterMapping.tsx[
0m:[93m19[0m:[93m17
[0m - 
[91merror[0m[90m 
TS17004: [0mCannot 
use JSX unless the 
'--jsx' flag is 
provided.

[7m19[0m            
     <p 
className="text-sm 
text-gray-500 mt-1">
[7m  [0m [91m      
          ~~~~~~~~~~~~
~~~~~~~~~~~~~~~~~~~~~~
~~~~~~~~[0m
[96mclient/src/pages/
ParameterMapping.tsx[
0m:[93m25[0m:[93m13
[0m - 
[91merror[0m[90m 
TS17004: [0mCannot 
use JSX unless the 
'--jsx' flag is 
provided.

[7m25[0m            
 <div className="bg-gr
een-50 border-2 
border-green-500 
rounded-lg p-6">
[7m  [0m [91m      
      ~~~~~~~~~~~~~~~~
~~~~~~~~~~~~~~~~~~~~~~
~~~~~~~~~~~~~~~~~~~~~~
~~~~~~~~~~[0m
[96mclient/src/pages/
ParameterMapping.tsx[
0m:[93m26[0m:[93m17
[0m - 
[91merror[0m[90m 
TS17004: [0mCannot 
use JSX unless the 
'--jsx' flag is 
provided.

[7m26[0m            
     <div 
className="flex 
items-start">
[7m  [0m [91m      
          ~~~~~~~~~~~~
~~~~~~~~~~~~~~~~~~~~~~
[0m
[96mclient/src/pages/
ParameterMapping.tsx[
0m:[93m27[0m:[93m21
[0m - 
[91merror[0m[90m 
TS17004: [0mCannot 
use JSX unless the 
'--jsx' flag is 
provided.

[7m27[0m            
         
<CheckCircle2 
className="w-6 h-6 
text-green-600 mr-3 
mt-0.5" />
[7m  [0m [91m      
              ~~~~~~~~
~~~~~~~~~~~~~~~~~~~~~~
~~~~~~~~~~~~~~~~~~~~~~
~~~~~~~~~~~[0m
[96mclient/src/pages/
ParameterMapping.tsx[
0m:[93m28[0m:[93m21
[0m - 
[91merror[0m[90m 
TS17004: [0mCannot 
use JSX unless the 
'--jsx' flag is 
provided.

[7m28[0m            
         <div 
className="flex-1">
[7m  [0m [91m      
              ~~~~~~~~
~~~~~~~~~~~~~~~~[0m
[96mclient/src/pages/
ParameterMapping.tsx[
0m:[93m29[0m:[93m25
[0m - 
[91merror[0m[90m 
TS17004: [0mCannot 
use JSX unless the 
'--jsx' flag is 
provided.

[7m29[0m            
             <h3 
className="text-lg 
font-bold 
text-green-900 
mb-2">Parameter 
Coverage 
Statement</h3>
[7m  [0m [91m      
                  ~~~~
~~~~~~~~~~~~~~~~~~~~~~
~~~~~~~~~~~~~~~~~~~~~~
~~~~~~[0m
[96mclient/src/pages/
ParameterMapping.tsx[
0m:[93m30[0m:[93m25
[0m - 
[91merror[0m[90m 
TS17004: [0mCannot 
use JSX unless the 
'--jsx' flag is 
provided.

[7m30[0m            
             <p 
className="text-sm 
text-green-800 mb-4">
[7m  [0m [91m      
                  ~~~~
~~~~~~~~~~~~~~~~~~~~~~
~~~~~~~~~~~~~~~~~[0m
[96mclient/src/pages/
ParameterMapping.tsx[
0m:[93m31[0m:[93m29
[0m - 
[91merror[0m[90m 
TS17004: [0mCannot 
use JSX unless the 
'--jsx' flag is 
provided.

[7m31[0m            
                 <stro
ng>"{coverageStatement
.attestation}"</strong
>
[7m  [0m [91m      
                      
~~~~~~~~[0m
[96mclient/src/pages/
ParameterMapping.tsx[
0m:[93m33[0m:[93m25
[0m - 
[91merror[0m[90m 
TS17004: [0mCannot 
use JSX unless the 
'--jsx' flag is 
provided.

[7m33[0m            
             <div 
className="grid 
grid-cols-5 gap-4 
text-sm">
[7m  [0m [91m      
                  ~~~~
~~~~~~~~~~~~~~~~~~~~~~
~~~~~~~~~~~~~~~~~~~~~~
[0m
[96mclient/src/pages/
ParameterMapping.tsx[
0m:[93m34[0m:[93m29
[0m - 
[91merror[0m[90m 
TS17004: [0mCannot 
use JSX unless the 
'--jsx' flag is 
provided.

[7m34[0m            
                 <div 
className="bg-white 
rounded-lg p-3 
text-center">
[7m  [0m [91m      
                      
~~~~~~~~~~~~~~~~~~~~~~
~~~~~~~~~~~~~~~~~~~~~~
~~~~~~~~~[0m
[96mclient/src/pages/
ParameterMapping.tsx[
0m:[93m35[0m:[93m33
[0m - 
[91merror[0m[90m 
TS17004: [0mCannot 
use JSX unless the 
'--jsx' flag is 
provided.

[7m35[0m            
                     
<p className="text-gra
y-500 text-xs 
mb-1">Total MIS 
Parameters</p>
[7m  [0m [91m      
                      
    ~~~~~~~~~~~~~~~~~~
~~~~~~~~~~~~~~~~~~~~~~
~~[0m
[96mclient/src/pages/
ParameterMapping.tsx[
0m:[93m36[0m:[93m33
[0m - 
[91merror[0m[90m 
TS17004: [0mCannot 
use JSX unless the 
'--jsx' flag is 
provided.

[7m36[0m            
                     
<p 
className="text-2xl 
font-bold text-gray-90
0">{coverageStatement.
totalMISParameters}</p
>
[7m  [0m [91m      
                      
    ~~~~~~~~~~~~~~~~~~
~~~~~~~~~~~~~~~~~~~~~~
~~~~~~~~[0m
[96mclient/src/pages/
ParameterMapping.tsx[
0m:[93m38[0m:[93m29
[0m - 
[91merror[0m[90m 
TS17004: [0mCannot 
use JSX unless the 
'--jsx' flag is 
provided.

[7m38[0m            
                 <div 
className="bg-white 
rounded-lg p-3 
text-center">
[7m  [0m [91m      
                      
~~~~~~~~~~~~~~~~~~~~~~
~~~~~~~~~~~~~~~~~~~~~~
~~~~~~~~~[0m
[96mclient/src/pages/
ParameterMapping.tsx[
0m:[93m39[0m:[93m33
[0m - 
[91merror[0m[90m 
TS17004: [0mCannot 
use JSX unless the 
'--jsx' flag is 
provided.

[7m39[0m            
                     
<p className="text-gra
y-500 text-xs 
mb-1">Class A</p>
[7m  [0m [91m      
                      
    ~~~~~~~~~~~~~~~~~~
~~~~~~~~~~~~~~~~~~~~~~
~~[0m
[96mclient/src/pages/
ParameterMapping.tsx[
0m:[93m40[0m:[93m33
[0m - 
[91merror[0m[90m 
TS17004: [0mCannot 
use JSX unless the 
'--jsx' flag is 
provided.

[7m40[0m            
                     
<p 
className="text-2xl 
font-bold text-blue-60
0">{coverageStatement.
classAEvaluated}</p>
[7m  [0m [91m      
                      
    ~~~~~~~~~~~~~~~~~~
~~~~~~~~~~~~~~~~~~~~~~
~~~~~~~~[0m
[96mclient/src/pages/
ParameterMapping.tsx[
0m:[93m42[0m:[93m29
[0m - 
[91merror[0m[90m 
TS17004: [0mCannot 
use JSX unless the 
'--jsx' flag is 
provided.

[7m42[0m            
                 <div 
className="bg-white 
rounded-lg p-3 
text-center">
[7m  [0m [91m      
                      
~~~~~~~~~~~~~~~~~~~~~~
~~~~~~~~~~~~~~~~~~~~~~
~~~~~~~~~[0m
[96mclient/src/pages/
ParameterMapping.tsx[
0m:[93m43[0m:[93m33
[0m - 
[91merror[0m[90m 
TS17004: [0mCannot 
use JSX unless the 
'--jsx' flag is 
provided.

[7m43[0m            
                     
<p className="text-gra
y-500 text-xs 
mb-1">Class B</p>
[7m  [0m [91m      
                      
    ~~~~~~~~~~~~~~~~~~
~~~~~~~~~~~~~~~~~~~~~~
~~[0m
[96mclient/src/pages/
ParameterMapping.tsx[
0m:[93m44[0m:[93m33
[0m - 
[91merror[0m[90m 
TS17004: [0mCannot 
use JSX unless the 
'--jsx' flag is 
provided.

[7m44[0m            
                     
<p 
className="text-2xl 
font-bold text-purple-
600">{coverageStatemen
t.classBEvaluated}</p>
[7m  [0m [91m      
                      
    ~~~~~~~~~~~~~~~~~~
~~~~~~~~~~~~~~~~~~~~~~
~~~~~~~~~~[0m
[96mclient/src/pages/
ParameterMapping.tsx[
0m:[93m46[0m:[93m29
[0m - 
[91merror[0m[90m 
TS17004: [0mCannot 
use JSX unless the 
'--jsx' flag is 
provided.

[7m46[0m            
                 <div 
className="bg-white 
rounded-lg p-3 
text-center">
[7m  [0m [91m      
                      
~~~~~~~~~~~~~~~~~~~~~~
~~~~~~~~~~~~~~~~~~~~~~
~~~~~~~~~[0m
[96mclient/src/pages/
ParameterMapping.tsx[
0m:[93m47[0m:[93m33
[0m - 
[91merror[0m[90m 
TS17004: [0mCannot 
use JSX unless the 
'--jsx' flag is 
provided.

[7m47[0m            
                     
<p className="text-gra
y-500 text-xs 
mb-1">Class C</p>
[7m  [0m [91m      
                      
    ~~~~~~~~~~~~~~~~~~
~~~~~~~~~~~~~~~~~~~~~~
~~[0m
[96mclient/src/pages/
ParameterMapping.tsx[
0m:[93m48[0m:[93m33
[0m - 
[91merror[0m[90m 
TS17004: [0mCannot 
use JSX unless the 
'--jsx' flag is 
provided.

[7m48[0m            
                     
<p 
className="text-2xl 
font-bold text-orange-
600">{coverageStatemen
t.classCEvaluated}</p>
[7m  [0m [91m      
                      
    ~~~~~~~~~~~~~~~~~~
~~~~~~~~~~~~~~~~~~~~~~
~~~~~~~~~~[0m
[96mclient/src/pages/
ParameterMapping.tsx[
0m:[93m50[0m:[93m29
[0m - 
[91merror[0m[90m 
TS17004: [0mCannot 
use JSX unless the 
'--jsx' flag is 
provided.

[7m50[0m            
                 <div 
className="bg-white 
rounded-lg p-3 
text-center">
[7m  [0m [91m      
                      
~~~~~~~~~~~~~~~~~~~~~~
~~~~~~~~~~~~~~~~~~~~~~
~~~~~~~~~[0m
[96mclient/src/pages/
ParameterMapping.tsx[
0m:[93m51[0m:[93m33
[0m - 
[91merror[0m[90m 
TS17004: [0mCannot 
use JSX unless the 
'--jsx' flag is 
provided.

[7m51[0m            
                     
<p className="text-gra
y-500 text-xs 
mb-1">Class D</p>
[7m  [0m [91m      
                      
    ~~~~~~~~~~~~~~~~~~
~~~~~~~~~~~~~~~~~~~~~~
~~[0m
[96mclient/src/pages/
ParameterMapping.tsx[
0m:[93m52[0m:[93m33
[0m - 
[91merror[0m[90m 
TS17004: [0mCannot 
use JSX unless the 
'--jsx' flag is 
provided.

[7m52[0m            
                     
<p 
className="text-2xl 
font-bold text-gray-60
0">{coverageStatement.
classDEvaluated}</p>
[7m  [0m [91m      
                      
    ~~~~~~~~~~~~~~~~~~
~~~~~~~~~~~~~~~~~~~~~~
~~~~~~~~[0m
[96mclient/src/pages/
ParameterMapping.tsx[
0m:[93m60[0m:[93m13
[0m - 
[91merror[0m[90m 
TS17004: [0mCannot 
use JSX unless the 
'--jsx' flag is 
provided.

[7m60[0m            
 <div 
className="bg-white 
border 
border-gray-200 
rounded-lg p-6">
[7m  [0m [91m      
      ~~~~~~~~~~~~~~~~
~~~~~~~~~~~~~~~~~~~~~~
~~~~~~~~~~~~~~~~~~~~~~
~~~~[0m
[96mclient/src/pages/
ParameterMapping.tsx[
0m:[93m61[0m:[93m17
[0m - 
[91merror[0m[90m 
TS17004: [0mCannot 
use JSX unless the 
'--jsx' flag is 
provided.

[7m61[0m            
     <h3 
className="text-lg 
font-semibold mb-4 
flex items-center">
[7m  [0m [91m      
          ~~~~~~~~~~~~
~~~~~~~~~~~~~~~~~~~~~~
~~~~~~~~~~~~~~~~~~~~~~
~~~~~[0m
[96mclient/src/pages/
ParameterMapping.tsx[
0m:[93m62[0m:[93m21
[0m - 
[91merror[0m[90m 
TS17004: [0mCannot 
use JSX unless the 
'--jsx' flag is 
provided.

[7m62[0m            
         <Layers 
className="w-5 h-5 
mr-2" />
[7m  [0m [91m      
              ~~~~~~~~
~~~~~~~~~~~~~~~~~~~~~~
~~~~~[0m
[96mclient/src/pages/
ParameterMapping.tsx[
0m:[93m65[0m:[93m17
[0m - 
[91merror[0m[90m 
TS17004: [0mCannot 
use JSX unless the 
'--jsx' flag is 
provided.

[7m65[0m            
     <div 
className="grid 
grid-cols-3 gap-4">
[7m  [0m [91m      
          ~~~~~~~~~~~~
~~~~~~~~~~~~~~~~~~~~~~
~~~~~~[0m
[96mclient/src/pages/
ParameterMapping.tsx[
0m:[93m67[0m:[93m25
[0m - 
[91merror[0m[90m 
TS17004: [0mCannot 
use JSX unless the 
'--jsx' flag is 
provided.

[7m67[0m            
             <div 
key={key} 
className="border 
border-gray-200 
rounded-lg p-4">
[7m  [0m [91m      
                  ~~~~
~~~~~~~~~~~~~~~~~~~~~~
~~~~~~~~~~~~~~~~~~~~~~
~~~~~~~~~~~~~~~~~[0m
[96mclient/src/pages/
ParameterMapping.tsx[
0m:[93m68[0m:[93m29
[0m - 
[91merror[0m[90m 
TS17004: [0mCannot 
use JSX unless the 
'--jsx' flag is 
provided.

[7m68[0m            
                 <p cl
assName="font-semibold
 text-gray-900 mb-1 
capitalize">{key}</p>
[7m  [0m [91m      
                      
~~~~~~~~~~~~~~~~~~~~~~
~~~~~~~~~~~~~~~~~~~~~~
~~~~~~~~~~~~~~~[0m
[96mclient/src/pages/
ParameterMapping.tsx[
0m:[93m69[0m:[93m29
[0m - 
[91merror[0m[90m 
TS17004: [0mCannot 
use JSX unless the 
'--jsx' flag is 
provided.

[7m69[0m            
                 <p 
className="text-xs 
text-gray-500 
mb-2">What you see: {l
ayer.description}</p>
[7m  [0m [91m      
                      
~~~~~~~~~~~~~~~~~~~~~~
~~~~~~~~~~~~~~~~~~~~[
0m
[96mclient/src/pages/
ParameterMapping.tsx[
0m:[93m69[0m:[93m86
[0m - 
[91merror[0m[90m 
TS18046: [0m'layer' 
is of type 'unknown'.

[7m69[0m            
                 <p 
className="text-xs 
text-gray-500 
mb-2">What you see: {l
ayer.description}</p>
[7m  [0m [91m      
                      
                      
                      
             ~~~~~[0m
[96mclient/src/pages/
ParameterMapping.tsx[
0m:[93m70[0m:[93m29
[0m - 
[91merror[0m[90m 
TS17004: [0mCannot 
use JSX unless the 
'--jsx' flag is 
provided.

[7m70[0m            
                 <p 
className="text-xs 
text-blue-600 
font-medium 
mb-3">Actually used: {
layer.actualUsage}</p>
[7m  [0m [91m      
                      
~~~~~~~~~~~~~~~~~~~~~~
~~~~~~~~~~~~~~~~~~~~~~
~~~~~~~~~~[0m
[96mclient/src/pages/
ParameterMapping.tsx[
0m:[93m70[0m:[93m99
[0m - 
[91merror[0m[90m 
TS18046: [0m'layer' 
is of type 'unknown'.

[7m70[0m            
                 <p 
className="text-xs 
text-blue-600 
font-medium 
mb-3">Actually used: {
layer.actualUsage}</p>
[7m  [0m [91m      
                      
                      
                      
                      
    ~~~~~[0m
[96mclient/src/pages/
ParameterMapping.tsx[
0m:[93m71[0m:[93m29
[0m - 
[91merror[0m[90m 
TS17004: [0mCannot 
use JSX unless the 
'--jsx' flag is 
provided.

[7m71[0m            
                 <div 
className="space-y-1">
[7m  [0m [91m      
                      
~~~~~~~~~~~~~~~~~~~~~~
~~~~~[0m
[96mclient/src/pages/
ParameterMapping.tsx[
0m:[93m72[0m:[93m34
[0m - 
[91merror[0m[90m 
TS18046: [0m'layer' 
is of type 'unknown'.

[7m72[0m            
                     {
layer.parameters.map((
param, idx) => (
[7m  [0m [91m      
                      
     ~~~~~[0m
[96mclient/src/pages/
ParameterMapping.tsx[
0m:[93m73[0m:[93m37
[0m - 
[91merror[0m[90m 
TS17004: [0mCannot 
use JSX unless the 
'--jsx' flag is 
provided.

[7m73[0m            
                      
   <div key={idx} 
className="text-xs 
bg-gray-50 px-2 py-1 
rounded">{param}</div>
[7m  [0m [91m      
                      
        ~~~~~~~~~~~~~~
~~~~~~~~~~~~~~~~~~~~~~
~~~~~~~~~~~~~~~~~~~~~~
~~~~~~[0m
[96mclient/src/pages/
ParameterMapping.tsx[
0m:[93m82[0m:[93m13
[0m - 
[91merror[0m[90m 
TS17004: [0mCannot 
use JSX unless the 
'--jsx' flag is 
provided.

[7m82[0m            
 <div 
className="bg-white 
border 
border-gray-200 
rounded-lg p-6">
[7m  [0m [91m      
      ~~~~~~~~~~~~~~~~
~~~~~~~~~~~~~~~~~~~~~~
~~~~~~~~~~~~~~~~~~~~~~
~~~~[0m
[96mclient/src/pages/
ParameterMapping.tsx[
0m:[93m83[0m:[93m17
[0m - 
[91merror[0m[90m 
TS17004: [0mCannot 
use JSX unless the 
'--jsx' flag is 
provided.

[7m83[0m            
     <div 
className="flex 
items-center mb-4">
[7m  [0m [91m      
          ~~~~~~~~~~~~
~~~~~~~~~~~~~~~~~~~~~~
~~~~~~[0m
[96mclient/src/pages/
ParameterMapping.tsx[
0m:[93m84[0m:[93m21
[0m - 
[91merror[0m[90m 
TS17004: [0mCannot 
use JSX unless the 
'--jsx' flag is 
provided.

[7m84[0m            
         <div 
className="w-8 h-8 
bg-blue-100 
rounded-full flex 
items-center 
justify-center mr-3">
[7m  [0m [91m      
              ~~~~~~~~
~~~~~~~~~~~~~~~~~~~~~~
~~~~~~~~~~~~~~~~~~~~~~
~~~~~~~~~~~~~~~~~~~~~~
~~~~~~~~~~~~~~[0m
[96mclient/src/pages/
ParameterMapping.tsx[
0m:[93m85[0m:[93m25
[0m - 
[91merror[0m[90m 
TS17004: [0mCannot 
use JSX unless the 
'--jsx' flag is 
provided.

[7m85[0m            
             <span cla
ssName="text-blue-700 
font-bold">A</span>
[7m  [0m [91m      
                  ~~~~
~~~~~~~~~~~~~~~~~~~~~~
~~~~~~~~~~~~~~~~[0m
[96mclient/src/pages/
ParameterMapping.tsx[
0m:[93m87[0m:[93m21
[0m - 
[91merror[0m[90m 
TS17004: [0mCannot 
use JSX unless the 
'--jsx' flag is 
provided.

[7m87[0m            
         <div>
[7m  [0m [91m      
              
~~~~~[0m
[96mclient/src/pages/
ParameterMapping.tsx[
0m:[93m88[0m:[93m25
[0m - 
[91merror[0m[90m 
TS17004: [0mCannot 
use JSX unless the 
'--jsx' flag is 
provided.

[7m88[0m            
             <h3 
className="text-lg 
font-semibold text-gra
y-900">Primary 
Control 
Parameters</h3>
[7m  [0m [91m      
                  ~~~~
~~~~~~~~~~~~~~~~~~~~~~
~~~~~~~~~~~~~~~~~~~~~~
~~~~[0m
[96mclient/src/pages/
ParameterMapping.tsx[
0m:[93m89[0m:[93m25
[0m - 
[91merror[0m[90m 
TS17004: [0mCannot 
use JSX unless the 
'--jsx' flag is 
provided.

[7m89[0m            
             <p 
className="text-sm tex
t-gray-500">Directly 
influence decisions; 
must appear on 
snapshot</p>
[7m  [0m [91m      
                  ~~~~
~~~~~~~~~~~~~~~~~~~~~~
~~~~~~~~~~~[0m
[96mclient/src/pages/
ParameterMapping.tsx[
0m:[93m92[0m:[93m17
[0m - 
[91merror[0m[90m 
TS17004: [0mCannot 
use JSX unless the 
'--jsx' flag is 
provided.

[7m92[0m            
     <div 
className="bg-blue-50 
border 
border-blue-200 
rounded p-3 mb-4 
text-sm">
[7m  [0m [91m      
          ~~~~~~~~~~~~
~~~~~~~~~~~~~~~~~~~~~~
~~~~~~~~~~~~~~~~~~~~~~
~~~~~~~~~~~~~~~~~~~~[
0m
[96mclient/src/pages/
ParameterMapping.tsx[
0m:[93m93[0m:[93m21
[0m - 
[91merror[0m[90m 
TS17004: [0mCannot 
use JSX unless the 
'--jsx' flag is 
provided.

[7m93[0m            
         <strong>Displ
ay:</strong> Actuals 
+ Growth + Target Gap
[7m  [0m [91m      
              
~~~~~~~~[0m
[96mclient/src/pages/
ParameterMapping.tsx[
0m:[93m95[0m:[93m17
[0m - 
[91merror[0m[90m 
TS17004: [0mCannot 
use JSX unless the 
'--jsx' flag is 
provided.

[7m95[0m            
     <div 
className="grid 
grid-cols-3 gap-3">
[7m  [0m [91m      
          ~~~~~~~~~~~~
~~~~~~~~~~~~~~~~~~~~~~
~~~~~~[0m
[96mclient/src/pages/
ParameterMapping.tsx[
0m:[93m97[0m:[93m25
[0m - 
[91merror[0m[90m 
TS17004: [0mCannot 
use JSX unless the 
'--jsx' flag is 
provided.

[7m 97[0m           
              <div
[7m   [0m [91m     
                   
~~~~[0m
[7m 98[0m           
                  
key={param.id}
[7m   [0m [91m~~~~~
~~~~~~~~~~~~~~~~~~~~~~
~~~~~~~~~~~~~~~[0m
[7m 99[0m           
                  
className={`border 
rounded-lg p-3 
${param.primary ? 
'border-blue-500 
bg-blue-50' : 
'border-gray-200'}`}
[7m   [0m [91m~~~~~
~~~~~~~~~~~~~~~~~~~~~~
~~~~~~~~~~~~~~~~~~~~~~
~~~~~~~~~~~~~~~~~~~~~~
~~~~~~~~~~~~~~~~~~~~~~
~~~~~~~~~~~~~~~~~~~~~~
~~~~~~~~~~~~~~~~[0m
[7m100[0m           
              >
[7m   [0m [91m~~~~~
~~~~~~~~~~~~~~~~~~~~[
0m
[96mclient/src/pages/
ParameterMapping.tsx[
0m:[93m101[0m:[93m2
9[0m - 
[91merror[0m[90m 
TS17004: [0mCannot 
use JSX unless the 
'--jsx' flag is 
provided.

[7m101[0m           
                  <p 
className="text-sm 
font-medium text-gray-
900">{param.name}</p>
[7m   [0m [91m     
                      
 ~~~~~~~~~~~~~~~~~~~~~
~~~~~~~~~~~~~~~~~~~~~~
~~~~~~[0m
[96mclient/src/pages/
ParameterMapping.tsx[
0m:[93m102[0m:[93m2
9[0m - 
[91merror[0m[90m 
TS17004: [0mCannot 
use JSX unless the 
'--jsx' flag is 
provided.

[7m102[0m           
                  <p 
className="text-xs 
text-gray-500 mt-1">{p
aram.category}</p>
[7m   [0m [91m     
                      
 ~~~~~~~~~~~~~~~~~~~~~
~~~~~~~~~~~~~~~~~~~~~
[0m
[96mclient/src/pages/
ParameterMapping.tsx[
0m:[93m104[0m:[93m3
3[0m - 
[91merror[0m[90m 
TS17004: [0mCannot 
use JSX unless the 
'--jsx' flag is 
provided.

[7m104[0m           
                      
<span className="inlin
e-block mt-2 px-2 
py-0.5 bg-blue-100 
text-blue-700 text-xs 
rounded">
[7m   [0m [91m     
                      
     ~~~~~~~~~~~~~~~~~
~~~~~~~~~~~~~~~~~~~~~~
~~~~~~~~~~~~~~~~~~~~~~
~~~~~~~~~~~~~~~~~~~~~~
~~~~~~~[0m
[96mclient/src/pages/
ParameterMapping.tsx[
0m:[93m114[0m:[93m1
3[0m - 
[91merror[0m[90m 
TS17004: [0mCannot 
use JSX unless the 
'--jsx' flag is 
provided.

[7m114[0m           
  <div 
className="bg-white 
border 
border-gray-200 
rounded-lg p-6">
[7m   [0m [91m     
       ~~~~~~~~~~~~~~~
~~~~~~~~~~~~~~~~~~~~~~
~~~~~~~~~~~~~~~~~~~~~~
~~~~~[0m
[96mclient/src/pages/
ParameterMapping.tsx[
0m:[93m115[0m:[93m1
7[0m - 
[91merror[0m[90m 
TS17004: [0mCannot 
use JSX unless the 
'--jsx' flag is 
provided.

[7m115[0m           
      <div 
className="flex 
items-center mb-4">
[7m   [0m [91m     
           ~~~~~~~~~~~
~~~~~~~~~~~~~~~~~~~~~~
~~~~~~~[0m
[96mclient/src/pages/
ParameterMapping.tsx[
0m:[93m116[0m:[93m2
1[0m - 
[91merror[0m[90m 
TS17004: [0mCannot 
use JSX unless the 
'--jsx' flag is 
provided.

[7m116[0m           
          <div 
className="w-8 h-8 
bg-purple-100 
rounded-full flex 
items-center 
justify-center mr-3">
[7m   [0m [91m     
               ~~~~~~~
~~~~~~~~~~~~~~~~~~~~~~
~~~~~~~~~~~~~~~~~~~~~~
~~~~~~~~~~~~~~~~~~~~~~
~~~~~~~~~~~~~~~~~[0m
[96mclient/src/pages/
ParameterMapping.tsx[
0m:[93m117[0m:[93m2
5[0m - 
[91merror[0m[90m 
TS17004: [0mCannot 
use JSX unless the 
'--jsx' flag is 
provided.

[7m117[0m           
              <span cl
assName="text-purple-7
00 font-bold">B</span>
[7m   [0m [91m     
                   ~~~
~~~~~~~~~~~~~~~~~~~~~~
~~~~~~~~~~~~~~~~~~~[0
m
[96mclient/src/pages/
ParameterMapping.tsx[
0m:[93m119[0m:[93m2
1[0m - 
[91merror[0m[90m 
TS17004: [0mCannot 
use JSX unless the 
'--jsx' flag is 
provided.

[7m119[0m           
          <div>
[7m   [0m [91m     
               
~~~~~[0m
[96mclient/src/pages/
ParameterMapping.tsx[
0m:[93m120[0m:[93m2
5[0m - 
[91merror[0m[90m 
TS17004: [0mCannot 
use JSX unless the 
'--jsx' flag is 
provided.

[7m120[0m           
              <h3 
className="text-lg 
font-semibold 
text-gray-900">Ratio 
& Efficiency 
Parameters</h3>
[7m   [0m [91m     
                   ~~~
~~~~~~~~~~~~~~~~~~~~~~
~~~~~~~~~~~~~~~~~~~~~~
~~~~~[0m
[96mclient/src/pages/
ParameterMapping.tsx[
0m:[93m121[0m:[93m2
5[0m - 
[91merror[0m[90m 
TS17004: [0mCannot 
use JSX unless the 
'--jsx' flag is 
provided.

[7m121[0m           
              <p 
className="text-sm tex
t-gray-500">Derived 
from Class A; shown 
selectively</p>
[7m   [0m [91m     
                   ~~~
~~~~~~~~~~~~~~~~~~~~~~
~~~~~~~~~~~~[0m
[96mclient/src/pages/
ParameterMapping.tsx[
0m:[93m124[0m:[93m1
7[0m - 
[91merror[0m[90m 
TS17004: [0mCannot 
use JSX unless the 
'--jsx' flag is 
provided.

[7m124[0m           
      <div className="
bg-purple-50 border 
border-purple-200 
rounded p-3 mb-4 
text-sm">
[7m   [0m [91m     
           ~~~~~~~~~~~
~~~~~~~~~~~~~~~~~~~~~~
~~~~~~~~~~~~~~~~~~~~~~
~~~~~~~~~~~~~~~~~~~~~~
~~~[0m
[96mclient/src/pages/
ParameterMapping.tsx[
0m:[93m125[0m:[93m2
1[0m - 
[91merror[0m[90m 
TS17004: [0mCannot 
use JSX unless the 
'--jsx' flag is 
provided.

[7m125[0m           
          <strong>Disp
lay:</strong> Shown 
only if frozen in 
ratio set for that 
level
[7m   [0m [91m     
               
~~~~~~~~[0m
[96mclient/src/pages/
ParameterMapping.tsx[
0m:[93m127[0m:[93m1
7[0m - 
[91merror[0m[90m 
TS17004: [0mCannot 
use JSX unless the 
'--jsx' flag is 
provided.

[7m127[0m           
      <div 
className="space-y-2">
[7m   [0m [91m     
           ~~~~~~~~~~~
~~~~~~~~~~~~~~~~[0m
[96mclient/src/pages/
ParameterMapping.tsx[
0m:[93m129[0m:[93m2
5[0m - 
[91merror[0m[90m 
TS17004: [0mCannot 
use JSX unless the 
'--jsx' flag is 
provided.

[7m129[0m           
              <div 
key={param.id} 
className="border 
border-gray-200 
rounded-lg p-3 flex 
items-center 
justify-between">
[7m   [0m [91m     
                   ~~~
~~~~~~~~~~~~~~~~~~~~~~
~~~~~~~~~~~~~~~~~~~~~~
~~~~~~~~~~~~~~~~~~~~~~
~~~~~~~~~~~~~~~~~~~~~~
~~~~~~~~~~~~~[0m
[96mclient/src/pages/
ParameterMapping.tsx[
0m:[93m130[0m:[93m2
9[0m - 
[91merror[0m[90m 
TS17004: [0mCannot 
use JSX unless the 
'--jsx' flag is 
provided.

[7m130[0m           
                  
<div>
[7m   [0m [91m     
                      
 ~~~~~[0m
[96mclient/src/pages/
ParameterMapping.tsx[
0m:[93m131[0m:[93m3
3[0m - 
[91merror[0m[90m 
TS17004: [0mCannot 
use JSX unless the 
'--jsx' flag is 
provided.

[7m131[0m           
                      
<p className="text-sm 
font-medium text-gray-
900">{param.name}</p>
[7m   [0m [91m     
                      
     ~~~~~~~~~~~~~~~~~
~~~~~~~~~~~~~~~~~~~~~~
~~~~~~~~~~[0m
[96mclient/src/pages/
ParameterMapping.tsx[
0m:[93m132[0m:[93m3
3[0m - 
[91merror[0m[90m 
TS17004: [0mCannot 
use JSX unless the 
'--jsx' flag is 
provided.

[7m132[0m           
                      
<p className="text-xs 
text-gray-500 mt-1 fon
t-mono">{param.formula
}</p>
[7m   [0m [91m     
                      
     ~~~~~~~~~~~~~~~~~
~~~~~~~~~~~~~~~~~~~~~~
~~~~~~~~~~~~~[0m
[96mclient/src/pages/
ParameterMapping.tsx[
0m:[93m134[0m:[93m2
9[0m - 
[91merror[0m[90m 
TS17004: [0mCannot 
use JSX unless the 
'--jsx' flag is 
provided.

[7m134[0m           
                  
<span className="px-2 
py-1 bg-purple-100 
text-purple-700 
text-xs rounded">DERIV
ED</span>
[7m   [0m [91m     
                      
 ~~~~~~~~~~~~~~~~~~~~~
~~~~~~~~~~~~~~~~~~~~~~
~~~~~~~~~~~~~~~~~~~~~~
~~~~~~~~~[0m
[96mclient/src/pages/
ParameterMapping.tsx[
0m:[93m141[0m:[93m1
3[0m - 
[91merror[0m[90m 
TS17004: [0mCannot 
use JSX unless the 
'--jsx' flag is 
provided.

[7m141[0m           
  <div 
className="bg-white 
border 
border-gray-200 
rounded-lg p-6">
[7m   [0m [91m     
       ~~~~~~~~~~~~~~~
~~~~~~~~~~~~~~~~~~~~~~
~~~~~~~~~~~~~~~~~~~~~~
~~~~~[0m
[96mclient/src/pages/
ParameterMapping.tsx[
0m:[93m142[0m:[93m1
7[0m - 
[91merror[0m[90m 
TS17004: [0mCannot 
use JSX unless the 
'--jsx' flag is 
provided.

[7m142[0m           
      <div 
className="flex 
items-center mb-4">
[7m   [0m [91m     
           ~~~~~~~~~~~
~~~~~~~~~~~~~~~~~~~~~~
~~~~~~~[0m
[96mclient/src/pages/
ParameterMapping.tsx[
0m:[93m143[0m:[93m2
1[0m - 
[91merror[0m[90m 
TS17004: [0mCannot 
use JSX unless the 
'--jsx' flag is 
provided.

[7m143[0m           
          <div 
className="w-8 h-8 
bg-orange-100 
rounded-full flex 
items-center 
justify-center mr-3">
[7m   [0m [91m     
               ~~~~~~~
~~~~~~~~~~~~~~~~~~~~~~
~~~~~~~~~~~~~~~~~~~~~~
~~~~~~~~~~~~~~~~~~~~~~
~~~~~~~~~~~~~~~~~[0m
[96mclient/src/pages/
ParameterMapping.tsx[
0m:[93m144[0m:[93m2
5[0m - 
[91merror[0m[90m 
TS17004: [0mCannot 
use JSX unless the 
'--jsx' flag is 
provided.

[7m144[0m           
              <span cl
assName="text-orange-7
00 font-bold">C</span>
[7m   [0m [91m     
                   ~~~
~~~~~~~~~~~~~~~~~~~~~~
~~~~~~~~~~~~~~~~~~~[0
m
[96mclient/src/pages/
ParameterMapping.tsx[
0m:[93m146[0m:[93m2
1[0m - 
[91merror[0m[90m 
TS17004: [0mCannot 
use JSX unless the 
'--jsx' flag is 
provided.

[7m146[0m           
          <div>
[7m   [0m [91m     
               
~~~~~[0m
[96mclient/src/pages/
ParameterMapping.tsx[
0m:[93m147[0m:[93m2
5[0m - 
[91merror[0m[90m 
TS17004: [0mCannot 
use JSX unless the 
'--jsx' flag is 
provided.

[7m147[0m           
              <h3 
className="text-lg 
font-semibold text-gra
y-900">Segment / 
Scheme / Portfolio 
Parameters</h3>
[7m   [0m [91m     
                   ~~~
~~~~~~~~~~~~~~~~~~~~~~
~~~~~~~~~~~~~~~~~~~~~~
~~~~~[0m
[96mclient/src/pages/
ParameterMapping.tsx[
0m:[93m148[0m:[93m2
5[0m - 
[91merror[0m[90m 
TS17004: [0mCannot 
use JSX unless the 
'--jsx' flag is 
provided.

[7m148[0m           
              <p 
className="text-sm 
text-gray-500">Too 
many to show 
directly, but 
critical 
diagnostically</p>
[7m   [0m [91m     
                   ~~~
~~~~~~~~~~~~~~~~~~~~~~
~~~~~~~~~~~~[0m
[96mclient/src/pages/
ParameterMapping.tsx[
0m:[93m151[0m:[93m1
7[0m - 
[91merror[0m[90m 
TS17004: [0mCannot 
use JSX unless the 
'--jsx' flag is 
provided.

[7m151[0m           
      <div className="
bg-orange-50 border 
border-orange-200 
rounded p-3 mb-4 
text-sm">
[7m   [0m [91m     
           ~~~~~~~~~~~
~~~~~~~~~~~~~~~~~~~~~~
~~~~~~~~~~~~~~~~~~~~~~
~~~~~~~~~~~~~~~~~~~~~~
~~~[0m
[96mclient/src/pages/
ParameterMapping.tsx[
0m:[93m152[0m:[93m2
1[0m - 
[91merror[0m[90m 
TS17004: [0mCannot 
use JSX unless the 
'--jsx' flag is 
provided.

[7m152[0m           
          <strong>Disp
lay:</strong> Not 
shown individually on 
snapshot
[7m   [0m [91m     
               
~~~~~~~~[0m
[96mclient/src/pages/
ParameterMapping.tsx[
0m:[93m153[0m:[93m2
1[0m - 
[91merror[0m[90m 
TS17004: [0mCannot 
use JSX unless the 
'--jsx' flag is 
provided.

[7m153[0m           
          <br />
[7m   [0m [91m     
               
~~~~~~[0m
[96mclient/src/pages/
ParameterMapping.tsx[
0m:[93m154[0m:[93m2
1[0m - 
[91merror[0m[90m 
TS17004: [0mCannot 
use JSX unless the 
'--jsx' flag is 
provided.

[7m154[0m           
          
<strong>Consumed 
via:</strong> 
Portfolio 
concentration, Growth 
drag/push indicators, 
NEG parameter flags
[7m   [0m [91m     
               
~~~~~~~~[0m
[96mclient/src/pages/
ParameterMapping.tsx[
0m:[93m156[0m:[93m1
7[0m - 
[91merror[0m[90m 
TS17004: [0mCannot 
use JSX unless the 
'--jsx' flag is 
provided.

[7m156[0m           
      <div 
className="space-y-4">
[7m   [0m [91m     
           ~~~~~~~~~~~
~~~~~~~~~~~~~~~~[0m
[96mclient/src/pages/
ParameterMapping.tsx[
0m:[93m158[0m:[93m2
5[0m - 
[91merror[0m[90m 
TS17004: [0mCannot 
use JSX unless the 
'--jsx' flag is 
provided.

[7m158[0m           
              <div 
key={segment}>
[7m   [0m [91m     
                   ~~~
~~~~~~~~~~~~~~~~[0m
[96mclient/src/pages/
ParameterMapping.tsx[
0m:[93m159[0m:[93m2
9[0m - 
[91merror[0m[90m 
TS17004: [0mCannot 
use JSX unless the 
'--jsx' flag is 
provided.

[7m159[0m           
                  <p 
className="text-sm 
font-semibold 
text-gray-700 
mb-2">{segment} 
Segments</p>
[7m   [0m [91m     
                      
 ~~~~~~~~~~~~~~~~~~~~~
~~~~~~~~~~~~~~~~~~~~~~
~~~~~~~~~~~~~[0m
[96mclient/src/pages/
ParameterMapping.tsx[
0m:[93m160[0m:[93m2
9[0m - 
[91merror[0m[90m 
TS17004: [0mCannot 
use JSX unless the 
'--jsx' flag is 
provided.

[7m160[0m           
                  
<div className="grid 
grid-cols-4 gap-2">
[7m   [0m [91m     
                      
 ~~~~~~~~~~~~~~~~~~~~~
~~~~~~~~~~~~~~~~~~~[0
m
[96mclient/src/pages/
ParameterMapping.tsx[
0m:[93m162[0m:[93m3
7[0m - 
[91merror[0m[90m 
TS17004: [0mCannot 
use JSX unless the 
'--jsx' flag is 
provided.

[7m162[0m           
                      
    <div
[7m   [0m [91m     
                      
         ~~~~[0m
[7m163[0m           
                      
        key={param.id}
[7m   [0m [91m~~~~~
~~~~~~~~~~~~~~~~~~~~~~
~~~~~~~~~~~~~~~~~~~~~~
~~~~~[0m
[7m164[0m           
                      
        
className={`border 
rounded p-2 
${param.critical ? 
'border-orange-500 
bg-orange-50' : 
'border-gray-200'}`}
[7m   [0m [91m~~~~~
~~~~~~~~~~~~~~~~~~~~~~
~~~~~~~~~~~~~~~~~~~~~~
~~~~~~~~~~~~~~~~~~~~~~
~~~~~~~~~~~~~~~~~~~~~~
~~~~~~~~~~~~~~~~~~~~~~
~~~~~~~~~~~~~~~~~~~~~~
~~~~~~~~[0m
[7m165[0m           
                      
    >
[7m   [0m [91m~~~~~
~~~~~~~~~~~~~~~~~~~~~~
~~~~~~~~~~[0m
[96mclient/src/pages/
ParameterMapping.tsx[
0m:[93m166[0m:[93m4
1[0m - 
[91merror[0m[90m 
TS17004: [0mCannot 
use JSX unless the 
'--jsx' flag is 
provided.

[7m166[0m           
                      
        <p 
className="text-xs 
font-medium text-gray-
900">{param.name}</p>
[7m   [0m [91m     
                      
             ~~~~~~~~~
~~~~~~~~~~~~~~~~~~~~~~
~~~~~~~~~~~~~~~~~~[0m
[96mclient/src/pages/
ParameterMapping.tsx[
0m:[93m168[0m:[93m4
5[0m - 
[91merror[0m[90m 
TS17004: [0mCannot 
use JSX unless the 
'--jsx' flag is 
provided.

[7m168[0m           
                      
            <span clas
sName="inline-block 
mt-1 px-1.5 py-0.5 
bg-orange-100 
text-orange-700 
text-[10px] rounded">
[7m   [0m [91m     
                      
                 ~~~~~
~~~~~~~~~~~~~~~~~~~~~~
~~~~~~~~~~~~~~~~~~~~~~
~~~~~~~~~~~~~~~~~~~~~~
~~~~~~~~~~~~~~~~~~~~~~
~~~~~~~[0m
[96mclient/src/pages/
ParameterMapping.tsx[
0m:[93m181[0m:[93m1
3[0m - 
[91merror[0m[90m 
TS17004: [0mCannot 
use JSX unless the 
'--jsx' flag is 
provided.

[7m181[0m           
  <div 
className="bg-white 
border 
border-gray-200 
rounded-lg p-6">
[7m   [0m [91m     
       ~~~~~~~~~~~~~~~
~~~~~~~~~~~~~~~~~~~~~~
~~~~~~~~~~~~~~~~~~~~~~
~~~~~[0m
[96mclient/src/pages/
ParameterMapping.tsx[
0m:[93m182[0m:[93m1
7[0m - 
[91merror[0m[90m 
TS17004: [0mCannot 
use JSX unless the 
'--jsx' flag is 
provided.

[7m182[0m           
      <div 
className="flex 
items-center mb-4">
[7m   [0m [91m     
           ~~~~~~~~~~~
~~~~~~~~~~~~~~~~~~~~~~
~~~~~~~[0m
[96mclient/src/pages/
ParameterMapping.tsx[
0m:[93m183[0m:[93m2
1[0m - 
[91merror[0m[90m 
TS17004: [0mCannot 
use JSX unless the 
'--jsx' flag is 
provided.

[7m183[0m           
          <div 
className="w-8 h-8 
bg-gray-100 
rounded-full flex 
items-center 
justify-center mr-3">
[7m   [0m [91m     
               ~~~~~~~
~~~~~~~~~~~~~~~~~~~~~~
~~~~~~~~~~~~~~~~~~~~~~
~~~~~~~~~~~~~~~~~~~~~~
~~~~~~~~~~~~~~~[0m
[96mclient/src/pages/
ParameterMapping.tsx[
0m:[93m184[0m:[93m2
5[0m - 
[91merror[0m[90m 
TS17004: [0mCannot 
use JSX unless the 
'--jsx' flag is 
provided.

[7m184[0m           
              <span cl
assName="text-gray-700
 font-bold">D</span>
[7m   [0m [91m     
                   ~~~
~~~~~~~~~~~~~~~~~~~~~~
~~~~~~~~~~~~~~~~~[0m
[96mclient/src/pages/
ParameterMapping.tsx[
0m:[93m186[0m:[93m2
1[0m - 
[91merror[0m[90m 
TS17004: [0mCannot 
use JSX unless the 
'--jsx' flag is 
provided.

[7m186[0m           
          <div>
[7m   [0m [91m     
               
~~~~~[0m
[96mclient/src/pages/
ParameterMapping.tsx[
0m:[93m187[0m:[93m2
5[0m - 
[91merror[0m[90m 
TS17004: [0mCannot 
use JSX unless the 
'--jsx' flag is 
provided.

[7m187[0m           
              <h3 
className="text-lg 
font-semibold text-gra
y-900">Diagnostic / 
Tracking 
Parameters</h3>
[7m   [0m [91m     
                   ~~~
~~~~~~~~~~~~~~~~~~~~~~
~~~~~~~~~~~~~~~~~~~~~~
~~~~~[0m
[96mclient/src/pages/
ParameterMapping.tsx[
0m:[93m188[0m:[93m2
5[0m - 
[91merror[0m[90m 
TS17004: [0mCannot 
use JSX unless the 
'--jsx' flag is 
provided.

[7m188[0m           
              <p 
className="text-sm tex
t-gray-500">Required 
for drill-down, not 
for snapshot</p>
[7m   [0m [91m     
                   ~~~
~~~~~~~~~~~~~~~~~~~~~~
~~~~~~~~~~~~[0m
[96mclient/src/pages/
ParameterMapping.tsx[
0m:[93m191[0m:[93m1
7[0m - 
[91merror[0m[90m 
TS17004: [0mCannot 
use JSX unless the 
'--jsx' flag is 
provided.

[7m191[0m           
      <div 
className="bg-gray-50 
border 
border-gray-200 
rounded p-3 mb-4 
text-sm">
[7m   [0m [91m     
           ~~~~~~~~~~~
~~~~~~~~~~~~~~~~~~~~~~
~~~~~~~~~~~~~~~~~~~~~~
~~~~~~~~~~~~~~~~~~~~~
[0m
[96mclient/src/pages/
ParameterMapping.tsx[
0m:[93m192[0m:[93m2
1[0m - 
[91merror[0m[90m 
TS17004: [0mCannot 
use JSX unless the 
'--jsx' flag is 
provided.

[7m192[0m           
          <strong>Disp
lay:</strong> Always 
retained in MIS 
tables, never all 
exposed on snapshot
[7m   [0m [91m     
               
~~~~~~~~[0m
[96mclient/src/pages/
ParameterMapping.tsx[
0m:[93m194[0m:[93m1
7[0m - 
[91merror[0m[90m 
TS17004: [0mCannot 
use JSX unless the 
'--jsx' flag is 
provided.

[7m194[0m           
      <div 
className="grid 
grid-cols-3 gap-3">
[7m   [0m [91m     
           ~~~~~~~~~~~
~~~~~~~~~~~~~~~~~~~~~~
~~~~~~~[0m
[96mclient/src/pages/
ParameterMapping.tsx[
0m:[93m196[0m:[93m2
5[0m - 
[91merror[0m[90m 
TS17004: [0mCannot 
use JSX unless the 
'--jsx' flag is 
provided.

[7m196[0m           
              <div 
key={param.id} 
className="border 
border-gray-200 
rounded p-3">
[7m   [0m [91m     
                   ~~~
~~~~~~~~~~~~~~~~~~~~~~
~~~~~~~~~~~~~~~~~~~~~~
~~~~~~~~~~~~~~~~~~~~[
0m
[96mclient/src/pages/
ParameterMapping.tsx[
0m:[93m197[0m:[93m2
9[0m - 
[91merror[0m[90m 
TS17004: [0mCannot 
use JSX unless the 
'--jsx' flag is 
provided.

[7m197[0m           
                  <p 
className="text-sm 
font-medium text-gray-
900">{param.name}</p>
[7m   [0m [91m     
                      
 ~~~~~~~~~~~~~~~~~~~~~
~~~~~~~~~~~~~~~~~~~~~~
~~~~~~[0m
[96mclient/src/pages/
ParameterMapping.tsx[
0m:[93m198[0m:[93m2
9[0m - 
[91merror[0m[90m 
TS17004: [0mCannot 
use JSX unless the 
'--jsx' flag is 
provided.

[7m198[0m           
                  <p 
className="text-xs 
text-gray-500 
mt-1">{param.type}</p>
[7m   [0m [91m     
                      
 ~~~~~~~~~~~~~~~~~~~~~
~~~~~~~~~~~~~~~~~~~~~
[0m
[96mclient/src/pages/
ParameterMapping.tsx[
0m:[93m205[0m:[93m1
3[0m - 
[91merror[0m[90m 
TS17004: [0mCannot 
use JSX unless the 
'--jsx' flag is 
provided.

[7m205[0m           
  <div 
className="bg-white 
border-2 
border-gray-900 
rounded-lg p-6">
[7m   [0m [91m     
       ~~~~~~~~~~~~~~~
~~~~~~~~~~~~~~~~~~~~~~
~~~~~~~~~~~~~~~~~~~~~~
~~~~~~~[0m
[96mclient/src/pages/
ParameterMapping.tsx[
0m:[93m206[0m:[93m1
7[0m - 
[91merror[0m[90m 
TS17004: [0mCannot 
use JSX unless the 
'--jsx' flag is 
provided.

[7m206[0m           
      <div 
className="flex 
items-center mb-4">
[7m   [0m [91m     
           ~~~~~~~~~~~
~~~~~~~~~~~~~~~~~~~~~~
~~~~~~~[0m
[96mclient/src/pages/
ParameterMapping.tsx[
0m:[93m207[0m:[93m2
1[0m - 
[91merror[0m[90m 
TS17004: [0mCannot 
use JSX unless the 
'--jsx' flag is 
provided.

[7m207[0m           
          <FileText 
className="w-6 h-6 
mr-3" />
[7m   [0m [91m     
               ~~~~~~~
~~~~~~~~~~~~~~~~~~~~~~
~~~~~~~~[0m
[96mclient/src/pages/
ParameterMapping.tsx[
0m:[93m208[0m:[93m2
1[0m - 
[91merror[0m[90m 
TS17004: [0mCannot 
use JSX unless the 
'--jsx' flag is 
provided.

[7m208[0m           
          <div>
[7m   [0m [91m     
               
~~~~~[0m
[96mclient/src/pages/
ParameterMapping.tsx[
0m:[93m209[0m:[93m2
5[0m - 
[91merror[0m[90m 
TS17004: [0mCannot 
use JSX unless the 
'--jsx' flag is 
provided.

[7m209[0m           
              <h3 
className="text-lg 
font-bold 
text-gray-900">MIS 
ΓåÆ Snapshot Mapping 
Register</h3>
[7m   [0m [91m     
                   ~~~
~~~~~~~~~~~~~~~~~~~~~~
~~~~~~~~~~~~~~~~~~~~~~
~[0m
[96mclient/src/pages/
ParameterMapping.tsx[
0m:[93m210[0m:[93m2
5[0m - 
[91merror[0m[90m 
TS17004: [0mCannot 
use JSX unless the 
'--jsx' flag is 
provided.

[7m210[0m           
              <p 
className="text-sm tex
t-gray-500">One-time 
mapping that prevents 
silent exclusion</p>
[7m   [0m [91m     
                   ~~~
~~~~~~~~~~~~~~~~~~~~~~
~~~~~~~~~~~~[0m
[96mclient/src/pages/
ParameterMapping.tsx[
0m:[93m213[0m:[93m1
7[0m - 
[91merror[0m[90m 
TS17004: [0mCannot 
use JSX unless the 
'--jsx' flag is 
provided.

[7m213[0m           
      <div className="
overflow-x-auto">
[7m   [0m [91m     
           ~~~~~~~~~~~
~~~~~~~~~~~~~~~~~~~~~~
[0m
[96mclient/src/pages/
ParameterMapping.tsx[
0m:[93m214[0m:[93m2
1[0m - 
[91merror[0m[90m 
TS17004: [0mCannot 
use JSX unless the 
'--jsx' flag is 
provided.

[7m214[0m           
          <table 
className="min-w-full 
divide-y 
divide-gray-200 
text-sm">
[7m   [0m [91m     
               ~~~~~~~
~~~~~~~~~~~~~~~~~~~~~~
~~~~~~~~~~~~~~~~~~~~~~
~~~~~~~~~~~~[0m
[96mclient/src/pages/
ParameterMapping.tsx[
0m:[93m215[0m:[93m2
5[0m - 
[91merror[0m[90m 
TS17004: [0mCannot 
use JSX unless the 
'--jsx' flag is 
provided.

[7m215[0m           
              <thead c
lassName="bg-gray-50">
[7m   [0m [91m     
                   ~~~
~~~~~~~~~~~~~~~~~~~~~~
~~~~~[0m
[96mclient/src/pages/
ParameterMapping.tsx[
0m:[93m216[0m:[93m2
9[0m - 
[91merror[0m[90m 
TS17004: [0mCannot 
use JSX unless the 
'--jsx' flag is 
provided.

[7m216[0m           
                  <tr>
[7m   [0m [91m     
                      
 ~~~~[0m
[96mclient/src/pages/
ParameterMapping.tsx[
0m:[93m217[0m:[93m3
3[0m - 
[91merror[0m[90m 
TS17004: [0mCannot 
use JSX unless the 
'--jsx' flag is 
provided.

[7m217[0m           
                      
<th className="px-4 
py-3 text-left 
text-xs font-medium 
text-gray-500 
uppercase">MIS 
Parameter</th>
[7m   [0m [91m     
                      
     ~~~~~~~~~~~~~~~~~
~~~~~~~~~~~~~~~~~~~~~~
~~~~~~~~~~~~~~~~~~~~~~
~~~~~~~~~~~~~~~~~~~[0
m
[96mclient/src/pages/
ParameterMapping.tsx[
0m:[93m218[0m:[93m3
3[0m - 
[91merror[0m[90m 
TS17004: [0mCannot 
use JSX unless the 
'--jsx' flag is 
provided.

[7m218[0m           
                      
<th className="px-4 
py-3 text-center 
text-xs font-medium 
text-gray-500 
uppercase">Class</th>
[7m   [0m [91m     
                      
     ~~~~~~~~~~~~~~~~~
~~~~~~~~~~~~~~~~~~~~~~
~~~~~~~~~~~~~~~~~~~~~~
~~~~~~~~~~~~~~~~~~~~~
[0m
[96mclient/src/pages/
ParameterMapping.tsx[
0m:[93m219[0m:[93m3
3[0m - 
[91merror[0m[90m 
TS17004: [0mCannot 
use JSX unless the 
'--jsx' flag is 
provided.

[7m219[0m           
                      
<th className="px-4 
py-3 text-left 
text-xs font-medium 
text-gray-500 
uppercase">Snapshot 
Usage</th>
[7m   [0m [91m     
                      
     ~~~~~~~~~~~~~~~~~
~~~~~~~~~~~~~~~~~~~~~~
~~~~~~~~~~~~~~~~~~~~~~
~~~~~~~~~~~~~~~~~~~[0
m
[96mclient/src/pages/
ParameterMapping.tsx[
0m:[93m220[0m:[93m3
3[0m - 
[91merror[0m[90m 
TS17004: [0mCannot 
use JSX unless the 
'--jsx' flag is 
provided.

[7m220[0m           
                      
<th className="px-4 
py-3 text-center 
text-xs font-medium 
text-gray-500 
uppercase">Evaluation 
Method</th>
[7m   [0m [91m     
                      
     ~~~~~~~~~~~~~~~~~
~~~~~~~~~~~~~~~~~~~~~~
~~~~~~~~~~~~~~~~~~~~~~
~~~~~~~~~~~~~~~~~~~~~
[0m
[96mclient/src/pages/
ParameterMapping.tsx[
0m:[93m223[0m:[93m2
5[0m - 
[91merror[0m[90m 
TS17004: [0mCannot 
use JSX unless the 
'--jsx' flag is 
provided.

[7m223[0m           
              <tbody 
className="bg-white 
divide-y 
divide-gray-200">
[7m   [0m [91m     
                   ~~~
~~~~~~~~~~~~~~~~~~~~~~
~~~~~~~~~~~~~~~~~~~~~~
~~~~~~[0m
[96mclient/src/pages/
ParameterMapping.tsx[
0m:[93m225[0m:[93m3
3[0m - 
[91merror[0m[90m 
TS17004: [0mCannot 
use JSX unless the 
'--jsx' flag is 
provided.

[7m225[0m           
                      
<tr key={idx} classNam
e="hover:bg-gray-50">
[7m   [0m [91m     
                      
     ~~~~~~~~~~~~~~~~~
~~~~~~~~~~~~~~~~~~~~~~
~~~~[0m
[96mclient/src/pages/
ParameterMapping.tsx[
0m:[93m226[0m:[93m3
7[0m - 
[91merror[0m[90m 
TS17004: [0mCannot 
use JSX unless the 
'--jsx' flag is 
provided.

[7m226[0m           
                      
    <td 
className="px-4 py-3 
font-medium text-gray-
900">{mapping.misParam
eter}</td>
[7m   [0m [91m     
                      
         ~~~~~~~~~~~~~
~~~~~~~~~~~~~~~~~~~~~~
~~~~~~~~~~~~~~~~~[0m
[96mclient/src/pages/
ParameterMapping.tsx[
0m:[93m227[0m:[93m3
7[0m - 
[91merror[0m[90m 
TS17004: [0mCannot 
use JSX unless the 
'--jsx' flag is 
provided.

[7m227[0m           
                      
    <td 
className="px-4 py-3 
text-center">
[7m   [0m [91m     
                      
         ~~~~~~~~~~~~~
~~~~~~~~~~~~~~~~~~~~~~
~~~[0m
[96mclient/src/pages/
ParameterMapping.tsx[
0m:[93m228[0m:[93m4
1[0m - 
[91merror[0m[90m 
TS17004: [0mCannot 
use JSX unless the 
'--jsx' flag is 
provided.

[7m228[0m           
                      
        <span
[7m   [0m [91m     
                      
             ~~~~~[0m
[7m229[0m           
                      
            className=
{`inline-flex 
items-center 
justify-center w-6 
h-6 rounded-full 
text-xs font-bold 
${mapping.class === 
'A'
[7m   [0m [91m~~~~~
~~~~~~~~~~~~~~~~~~~~~~
~~~~~~~~~~~~~~~~~~~~~~
~~~~~~~~~~~~~~~~~~~~~~
~~~~~~~~~~~~~~~~~~~~~~
~~~~~~~~~~~~~~~~~~~~~~
~~~~~~~~~~~~~~~~~~~~~~
~~~~~~~~~~~~~~~~~~~~~
[0m
[7m...[0m 
[7m236[0m           
                      
                }`}
[7m   [0m [91m~~~~~
~~~~~~~~~~~~~~~~~~~~~~
~~~~~~~~~~~~~~~~~~~~~~
~~[0m
[7m237[0m           
                      
        >
[7m   [0m [91m~~~~~
~~~~~~~~~~~~~~~~~~~~~~
~~~~~~~~~~~~~~[0m
[96mclient/src/pages/
ParameterMapping.tsx[
0m:[93m241[0m:[93m3
7[0m - 
[91merror[0m[90m 
TS17004: [0mCannot 
use JSX unless the 
'--jsx' flag is 
provided.

[7m241[0m           
                      
    <td 
className="px-4 py-3 t
ext-gray-700">{mapping
.snapshotUsage}</td>
[7m   [0m [91m     
                      
         ~~~~~~~~~~~~~
~~~~~~~~~~~~~~~~~~~~~~
~~~~~[0m
[96mclient/src/pages/
ParameterMapping.tsx[
0m:[93m242[0m:[93m3
7[0m - 
[91merror[0m[90m 
TS17004: [0mCannot 
use JSX unless the 
'--jsx' flag is 
provided.

[7m242[0m           
                      
    <td 
className="px-4 py-3 
text-center">
[7m   [0m [91m     
                      
         ~~~~~~~~~~~~~
~~~~~~~~~~~~~~~~~~~~~~
~~~[0m
[96mclient/src/pages/
ParameterMapping.tsx[
0m:[93m243[0m:[93m4
1[0m - 
[91merror[0m[90m 
TS17004: [0mCannot 
use JSX unless the 
'--jsx' flag is 
provided.

[7m243[0m           
                      
        <span
[7m   [0m [91m     
                      
             ~~~~~[0m
[7m244[0m           
                      
            
className={`px-2 py-1 
text-xs rounded ${mapp
ing.evaluationMethod 
=== 'direct_display'
[7m   [0m [91m~~~~~
~~~~~~~~~~~~~~~~~~~~~~
~~~~~~~~~~~~~~~~~~~~~~
~~~~~~~~~~~~~~~~~~~~~~
~~~~~~~~~~~~~~~~~~~~~~
~~~~~~~~~~~~~~~~~~~~~~
~~~~~~~~~~~~~~[0m
[7m...[0m 
[7m253[0m           
                      
                }`}
[7m   [0m [91m~~~~~
~~~~~~~~~~~~~~~~~~~~~~
~~~~~~~~~~~~~~~~~~~~~~
~~[0m
[7m254[0m           
                      
        >
[7m   [0m [91m~~~~~
~~~~~~~~~~~~~~~~~~~~~~
~~~~~~~~~~~~~~[0m
[96mclient/src/pages/
ParameterMapping.tsx[
0m:[93m266[0m:[93m1
3[0m - 
[91merror[0m[90m 
TS17004: [0mCannot 
use JSX unless the 
'--jsx' flag is 
provided.

[7m266[0m           
  <div className="bg-g
ray-900 text-white 
p-6 rounded-lg">
[7m   [0m [91m     
       ~~~~~~~~~~~~~~~
~~~~~~~~~~~~~~~~~~~~~~
~~~~~~~~~~~~~~~~~~[0m
[96mclient/src/pages/
ParameterMapping.tsx[
0m:[93m267[0m:[93m1
7[0m - 
[91merror[0m[90m 
TS17004: [0mCannot 
use JSX unless the 
'--jsx' flag is 
provided.

[7m267[0m           
      <h3 
className="text-lg 
font-bold mb-3">≡ƒöÆ 
KEY PRINCIPLE</h3>
[7m   [0m [91m     
           ~~~~~~~~~~~
~~~~~~~~~~~~~~~~~~~~~~
~~~~~~[0m
[96mclient/src/pages/
ParameterMapping.tsx[
0m:[93m268[0m:[93m1
7[0m - 
[91merror[0m[90m 
TS17004: [0mCannot 
use JSX unless the 
'--jsx' flag is 
provided.

[7m268[0m           
      <p 
className="text-sm 
text-gray-300 mb-4">
[7m   [0m [91m     
           ~~~~~~~~~~~
~~~~~~~~~~~~~~~~~~~~~~
~~~~~~~~~[0m
[96mclient/src/pages/
ParameterMapping.tsx[
0m:[93m269[0m:[93m2
1[0m - 
[91merror[0m[90m 
TS17004: [0mCannot 
use JSX unless the 
'--jsx' flag is 
provided.

[7m269[0m           
          <strong>The 
snapshot does not 
list all MIS rows. It 
summarises their 
effect.</strong>
[7m   [0m [91m     
               
~~~~~~~~[0m
Found 920 error(s).

[96mclient/src/pages/
ParameterMapping.tsx[
0m:[93m271[0m:[93m1
7[0m - 
[91merror[0m[90m 
TS17004: [0mCannot 
use JSX unless the 
'--jsx' flag is 
provided.

[7m271[0m           
      <div className="
bg-gray-800 rounded 
p-4 text-sm 
space-y-2">
[7m   [0m [91m     
           ~~~~~~~~~~~
~~~~~~~~~~~~~~~~~~~~~~
~~~~~~~~~~~~~~~~~~~~~~
~~~~[0m
[96mclient/src/pages/
ParameterMapping.tsx[
0m:[93m272[0m:[93m2
1[0m - 
[91merror[0m[90m 
TS17004: [0mCannot 
use JSX unless the 
'--jsx' flag is 
provided.

[7m272[0m           
          <p>
[7m   [0m [91m     
               ~~~[0m
[96mclient/src/pages/
ParameterMapping.tsx[
0m:[93m273[0m:[93m2
5[0m - 
[91merror[0m[90m 
TS17004: [0mCannot 
use JSX unless the 
'--jsx' flag is 
provided.

[7m273[0m           
              <strong>
Example:</strong> 
MIS.pdf shows 15+ 
advance segments with 
growth and gaps for 
each.
[7m   [0m [91m     
                   
~~~~~~~~[0m
[96mclient/src/pages/
ParameterMapping.tsx[
0m:[93m275[0m:[93m2
1[0m - 
[91merror[0m[90m 
TS17004: [0mCannot 
use JSX unless the 
'--jsx' flag is 
provided.

[7m275[0m           
          <p>
[7m   [0m [91m     
               ~~~[0m
[96mclient/src/pages/
ParameterMapping.tsx[
0m:[93m276[0m:[93m2
5[0m - 
[91merror[0m[90m 
TS17004: [0mCannot 
use JSX unless the 
'--jsx' flag is 
provided.

[7m276[0m           
              
<strong>Snapshot 
shows:</strong> Total 
Advances, Advance 
Growth, NEG flags 
where segment drag 
exists,
[7m   [0m [91m     
                   
~~~~~~~~[0m
[96mclient/src/pages/
ParameterMapping.tsx[
0m:[93m279[0m:[93m2
1[0m - 
[91merror[0m[90m 
TS17004: [0mCannot 
use JSX unless the 
'--jsx' flag is 
provided.

[7m279[0m           
          <p className
="text-yellow-400 
font-semibold mt-3">
[7m   [0m [91m     
               ~~~~~~~
~~~~~~~~~~~~~~~~~~~~~~
~~~~~~~~~~~~~~~~~~~~~
[0m
[96mclient/src/pages/
ParameterMapping.tsx[
0m:[93m282[0m:[93m2
1[0m - 
[91merror[0m[90m 
TS17004: [0mCannot 
use JSX unless the 
'--jsx' flag is 
provided.

[7m282[0m           
          <p className
="text-green-400 
font-semibold">Γ₧í 
Nothing is 
discarded.</p>
[7m   [0m [91m     
               ~~~~~~~
~~~~~~~~~~~~~~~~~~~~~~
~~~~~~~~~~~~~~~[0m
[96mprisma.config.ts
[0m:[93m4[0m:[93m30
[0m - 
[91merror[0m[90m 
TS2307: [0mCannot 
find module 
'prisma/config' or 
its corresponding 
type declarations.

[7m4[0m import { 
defineConfig } from 
"prisma/config";
[7m [0m [91m       
                      
~~~~~~~~~~~~~~~[0m
[96msrc/modules/docum
ent/document.controlle
r.ts[0m:[93m14[0m:
[93m58[0m - 
[91merror[0m[90m 
TS1272: [0mA type 
referenced in a 
decorated signature 
must be imported with 
'import type' or a 
namespace import when 
'isolatedModules' and 
'emitDecoratorMetadata
' are enabled.

[7m14[0m     async p
reviewDocument(@Body()
 body: any, @Res() 
res: Response) {
[7m  [0m [91m      
                      
                      
       ~~~~~~~~[0m

  [96msrc/modules/doc
ument/document.control
ler.ts[0m:[93m2[0m:
[93m10[0m
    [7m2[0m import 
{ Response } from 
'express';
    [7m [0m [96m   
      ~~~~~~~~[0m
    'Response' was 
imported here.

